 PhysXCooking_32

 Timestamp is 5d03fa7f (Fri Jun 14 21:50:23 2019)

 Preferred load address is 10000000

 Start         Length     Name                   Class
 0001:00000000 00000640H .text$di                CODE
 0001:00000640 00026723H .text$mn                CODE
 0002:00000000 000000d4H .idata$5                DATA
 0002:000000d4 00000004H .00cfg                  DATA
 0002:000000d8 00000004H .CRT$XCA                DATA
 0002:000000dc 000000f0H .CRT$XCU                DATA
 0002:000001cc 00000004H .CRT$XCZ                DATA
 0002:000001d0 00000004H .CRT$XIA                DATA
 0002:000001d4 00000004H .CRT$XIZ                DATA
 0002:000001d8 00000004H .CRT$XPA                DATA
 0002:000001dc 00000004H .CRT$XPZ                DATA
 0002:000001e0 00000004H .CRT$XTA                DATA
 0002:000001e4 0000000cH .CRT$XTZ                DATA
 0002:000001e8 00000000H .gfids$y                DATA
 0002:000001f0 00001d24H .rdata                  DATA
 0002:00001f14 0000004cH .rdata$r                DATA
 0002:00001f60 00000004H .rdata$sxdata           DATA
 0002:00001f64 00000378H .rdata$zzzdbg           DATA
 0002:000022dc 00000004H .rtc$IAA                DATA
 0002:000022e0 00000004H .rtc$IZZ                DATA
 0002:000022e4 00000004H .rtc$TAA                DATA
 0002:000022e8 00000008H .rtc$TZZ                DATA
 0002:000022f0 0000007cH .xdata$x                DATA
 0002:0000236c 00000040H .didat$2                DATA
 0002:000023ac 00000020H .didat$3                DATA
 0002:000023cc 000000f4H .didat$4                DATA
 0002:000024c0 00000b98H .didat$6                DATA
 0002:00003058 000000f8H .didat$7                DATA
 0002:00003150 00001c88H .edata                  DATA
 0002:00004dd8 00000064H .idata$2                DATA
 0002:00004e3c 00000014H .idata$3                DATA
 0002:00004e50 000000d4H .idata$4                DATA
 0002:00004f24 0000042cH .idata$6                DATA
 0003:00000000 00000038H .data                   DATA
 0003:00000038 000004c4H .data$r                 DATA
 0003:000004fc 000000f4H .didat$5                DATA
 0003:000005f0 00000758H .bss                    DATA
 0004:00000000 000004e0H _RDATA                  DATA
 0005:00000000 000000a0H .rsrc$01                DATA
 0005:000000a0 000004b0H .rsrc$02                DATA

  Address         Publics by Value              Rva+Base       Lib:Object

 0000:00000000       ___guard_fids_count        00000000     <absolute>
 0000:00000000       ___hybrid_code_map_count   00000000     <absolute>
 0000:00000000       ___guard_iat_count         00000000     <absolute>
 0000:00000000       ___dynamic_value_reloc_table 00000000     <absolute>
 0000:00000000       ___guard_longjmp_count     00000000     <absolute>
 0000:00000000       ___guard_fids_table        00000000     <absolute>
 0000:00000000       ___guard_longjmp_table     00000000     <absolute>
 0000:00000000       ___guard_iat_table         00000000     <absolute>
 0000:00000000       ___hybrid_auxiliary_iat    00000000     <absolute>
 0000:00000000       ___enclave_config          00000000     <absolute>
 0000:00000000       ___volatile_metadata       00000000     <absolute>
 0000:00000000       ___hybrid_code_map         00000000     <absolute>
 0000:00000001       ___safe_se_handler_count   00000001     <absolute>
 0000:00000100       ___guard_flags             00000100     <absolute>
 0000:00000000       ___ImageBase               10000000     <linker-defined>
 0001:00000640       ?ComputeNbBoundaryEdges@AdjTriangle@physx@@QBEIXZ 10001640 f   Adjacencies.obj
 0001:00000680       ?ComputeNbNeighbors@AdjTriangle@physx@@QBEIXZ 10001680 f   Adjacencies.obj
 0001:000006c0       ?HasNeighbor@AdjTriangle@physx@@QBE_NIPAI@Z 100016c0 f   Adjacencies.obj
 0001:00000740       ?Flip@AdjTriangle@physx@@QAEXXZ 10001740 f   Adjacencies.obj
 0001:00000750       ??0Adjacencies@physx@@QAE@XZ 10001750 f   Adjacencies.obj
 0001:00000760       ??1Adjacencies@physx@@QAE@XZ 10001760 f   Adjacencies.obj
 0001:000007a0       ?Load@Adjacencies@physx@@QAE_NAAVPxInputStream@2@@Z 100017a0 f   Adjacencies.obj
 0001:00000880       ?ComputeNbBoundaryEdges@Adjacencies@physx@@QBEIXZ 10001880 f   Adjacencies.obj
 0001:000008f0       ?GetBoundaryVertices@Adjacencies@physx@@QBE_NIPA_NPBU?$TriangleT@I@Gu@2@@Z 100018f0 f   Adjacencies.obj
 0001:00000a40       ?MakeLastRef@Adjacencies@physx@@QAE_NAAVAdjTriangle@2@IPAU?$TriangleT@I@Gu@2@@Z 10001a40 f   Adjacencies.obj
 0001:00000c00       ?AssignNewEdgeCode@Adjacencies@physx@@AAEXIE@Z 10001c00 f   Adjacencies.obj
 0001:00000c40       ??0AdjacenciesBuilder@physx@@QAE@XZ 10001c40 f   Adjacencies.obj
 0001:00000c50       ??1AdjacenciesBuilder@physx@@QAE@XZ 10001c50 f   Adjacencies.obj
 0001:00000c90       ?Init@AdjacenciesBuilder@physx@@QAE_NABUADJACENCIESCREATE@2@@Z 10001c90 f   Adjacencies.obj
 0001:00001000       ??0AdjEdge@@QAE@XZ         10002000 f i Adjacencies.obj
 0001:00001010       ??0AdjTriangle@physx@@QAE@XZ 10002010 f i Adjacencies.obj
 0001:00001020       ??0Allocator@shdfnd@physx@@QAE@PBD@Z 10002020 f i Adjacencies.obj
 0001:00001030       ??0PxFoundation@physx@@QAE@ABV01@@Z 10002030 f i Adjacencies.obj
 0001:00001040       ??0PxFoundation@physx@@QAE@XZ 10002040 f i Adjacencies.obj
 0001:00001050       ??1AdjEdge@@QAE@XZ         10002050 f i Adjacencies.obj
 0001:00001060       ??1AdjTriangle@physx@@QAE@XZ 10002060 f i Adjacencies.obj
 0001:00001070       ??1PxFoundation@physx@@MAE@XZ 10002070 f i Adjacencies.obj
 0001:00001080       ??4Allocator@shdfnd@physx@@QAEAAV012@$$QAV012@@Z 10002080 f i Adjacencies.obj
 0001:00001090       ??4Allocator@shdfnd@physx@@QAEAAV012@ABV012@@Z 10002090 f i Adjacencies.obj
 0001:000010a0       ??4MutexImpl@shdfnd@physx@@QAEAAV012@ABV012@@Z 100020a0 f i Adjacencies.obj
 0001:000010b0       ??4PxFoundation@physx@@QAEAAV01@ABV01@@Z 100020b0 f i Adjacencies.obj
 0001:000010c0       ??_EAdjEdge@@QAEPAXI@Z     100020c0 f i Adjacencies.obj
 0001:00001130       ??_EAdjTriangle@physx@@QAEPAXI@Z 10002130 f i Adjacencies.obj
 0001:000011a0       ??_EPxFoundation@physx@@MAEPAXI@Z 100021a0 f i Adjacencies.obj
 0001:00001210       ??_FAllocator@shdfnd@physx@@QAEXXZ 10002210 f i Adjacencies.obj
 0001:00001220       ??_GPxFoundation@physx@@MAEPAXI@Z 10002220 f i Adjacencies.obj
 0001:00001250       ??_H@YGXPAXIIP6EPAX0@Z@Z   10002250 f i Adjacencies.obj
 0001:00001280       ??_I@YGXPAXIIP6EX0@Z@Z     10002280 f i Adjacencies.obj
 0001:000014a0       ?GetNbHits@RadixSort@Cm@physx@@QBEIXZ 100024a0 f i Adjacencies.obj
 0001:000014b0       ?GetNbTotalCalls@RadixSort@Cm@physx@@QBEIXZ 100024b0 f i Adjacencies.obj
 0001:000014c0       ?GetRanks@RadixSort@Cm@physx@@QBEPBIXZ 100024c0 f i Adjacencies.obj
 0001:000014d0       ?GetRecyclable@RadixSort@Cm@physx@@QBEPAIXZ 100024d0 f i Adjacencies.obj
 0001:00001680       ?__empty_global_delete@@YAXPAX@Z 10002680 f i Adjacencies.obj
 0001:00001690       ?__empty_global_delete@@YAXPAXI@Z 10002690 f i Adjacencies.obj
 0001:000016a0       ?getAllocator@Foundation@shdfnd@physx@@QAEAAVPxAllocatorCallback@3@XZ 100026a0 f i Adjacencies.obj
 0001:000016b0       ?getAllocatorCallback@Foundation@shdfnd@physx@@UAEAAVPxAllocatorCallback@3@XZ 100026b0 f i Adjacencies.obj
 0001:000016c0       ?getErrorCallback@Foundation@shdfnd@physx@@UAEAAVPxErrorCallback@3@XZ 100026c0 f i Adjacencies.obj
 0001:000016d0       ?getErrorLevel@Foundation@shdfnd@physx@@UBE?AW4Enum@PxErrorCode@3@XZ 100026d0 f i Adjacencies.obj
 0001:000016e0       ?getInternalErrorCallback@Foundation@shdfnd@physx@@QAEAAVPxErrorCallback@3@XZ 100026e0 f i Adjacencies.obj
 0001:000016f0       ?getNamedAllocMap@Foundation@shdfnd@physx@@QAEAAV?$HashMap@PBVNamedAllocator@shdfnd@physx@@PBDU?$Hash@PBVNamedAllocator@shdfnd@physx@@@23@VNonTrackingAllocator@23@@23@XZ 100026f0 f i Adjacencies.obj
 0001:00001700       ?getNamedAllocMutex@Foundation@shdfnd@physx@@QAEAAV?$MutexT@VAllocator@shdfnd@physx@@@23@XZ 10002700 f i Adjacencies.obj
 0001:00001710       ?getReportAllocationNames@Foundation@shdfnd@physx@@UBE_NXZ 10002710 f i Adjacencies.obj
 0001:00001720       ?getTempAllocFreeTable@Foundation@shdfnd@physx@@QAEAAV?$Array@PATTempAllocatorChunk@shdfnd@physx@@VAllocator@23@@23@XZ 10002720 f i Adjacencies.obj
 0001:00001730       ?getTempAllocMutex@Foundation@shdfnd@physx@@QAEAAV?$MutexT@VAllocator@shdfnd@physx@@@23@XZ 10002730 f i Adjacencies.obj
 0001:00001740       ?invalidateRanks@RadixSort@Cm@physx@@QAEXXZ 10002740 f i Adjacencies.obj
 0001:00001750       ?setErrorLevel@Foundation@shdfnd@physx@@UAEXW4Enum@PxErrorCode@3@@Z 10002750 f i Adjacencies.obj
 0001:00001760       ?setReportAllocationNames@Foundation@shdfnd@physx@@UAEX_N@Z 10002760 f i Adjacencies.obj
 0001:00001770       _PxCreateCooking           10002770 f   Cooking.obj
 0001:00001830       ?release@Cooking@physx@@UAEXXZ 10002830 f   Cooking.obj
 0001:00001840       ?setParams@Cooking@physx@@UAEXABUPxCookingParams@2@@Z 10002840 f   Cooking.obj
 0001:000018a0       ?getParams@Cooking@physx@@UBEABUPxCookingParams@2@XZ 100028a0 f   Cooking.obj
 0001:000018b0       ?platformMismatch@Cooking@physx@@UBE_NXZ 100028b0 f   Cooking.obj
 0001:000018c0       ?cookTriangleMesh@Cooking@physx@@UBE_NABVPxTriangleMeshDesc@2@AAVPxOutputStream@2@PAW4Enum@PxTriangleMeshCookingResult@2@@Z 100028c0 f   Cooking.obj
 0001:00001950       ?createTriangleMesh@Cooking@physx@@UBEPAVPxTriangleMesh@2@ABVPxTriangleMeshDesc@2@AAVPxPhysicsInsertionCallback@2@PAW4Enum@PxTriangleMeshCookingResult@2@@Z 10002950 f   Cooking.obj
 0001:000019d0       ?validateTriangleMesh@Cooking@physx@@UBE_NABVPxTriangleMeshDesc@2@@Z 100029d0 f   Cooking.obj
 0001:00001ab0       ?cookConvexMesh@Cooking@physx@@UBE_NABVPxConvexMeshDesc@2@AAVPxOutputStream@2@PAW4Enum@PxConvexMeshCookingResult@2@@Z 10002ab0 f   Cooking.obj
 0001:00001c30       ?createConvexMesh@Cooking@physx@@UBEPAVPxConvexMesh@2@ABVPxConvexMeshDesc@2@AAVPxPhysicsInsertionCallback@2@PAW4Enum@PxConvexMeshCookingResult@2@@Z 10002c30 f   Cooking.obj
 0001:00001e90       ?validateConvexMesh@Cooking@physx@@UBE_NABVPxConvexMeshDesc@2@@Z 10002e90 f   Cooking.obj
 0001:00001ee0       ?computeHullPolygons@Cooking@physx@@UBE_NABVPxSimpleTriangleMesh@2@AAVPxAllocatorCallback@2@AAIAAPAVPxVec3@2@2AAPAI2AAPAUPxHullPolygon@2@@Z 10002ee0 f   Cooking.obj
 0001:00002010       ?cookHeightField@Cooking@physx@@UBE_NABVPxHeightFieldDesc@2@AAVPxOutputStream@2@@Z 10003010 f   Cooking.obj
 0001:000020d0       ?createHeightField@Cooking@physx@@UBEPAVPxHeightField@2@ABVPxHeightFieldDesc@2@AAVPxPhysicsInsertionCallback@2@@Z 100030d0 f   Cooking.obj
 0001:00002200       ?cookBVHStructure@Cooking@physx@@UBE_NABVPxBVHStructureDesc@2@AAVPxOutputStream@2@@Z 10003200 f   Cooking.obj
 0001:000022b0       ?createBVHStructure@Cooking@physx@@UBEPAVPxBVHStructure@2@ABVPxBVHStructureDesc@2@AAVPxPhysicsInsertionCallback@2@@Z 100032b0 f   Cooking.obj
 0001:00002360       ?cookConvexMeshInternal@Cooking@physx@@ABE_NABVPxConvexMeshDesc@2@AAVConvexMeshBuilder@2@PAVConvexHullLib@2@PAW4Enum@PxConvexMeshCookingResult@2@@Z 10003360 f   Cooking.obj
 0001:00002530       ?cookTriangleMesh@Cooking@physx@@ABE_NAAVTriangleMeshBuilder@2@ABVPxTriangleMeshDesc@2@AAVPxOutputStream@2@PAW4Enum@PxTriangleMeshCookingResult@2@@Z 10003530 f   Cooking.obj
 0001:000025b0       ?createTriangleMesh@Cooking@physx@@ABEPAVPxTriangleMesh@2@AAVTriangleMeshBuilder@2@ABVPxTriangleMeshDesc@2@AAVPxPhysicsInsertionCallback@2@PAW4Enum@PxTriangleMeshCookingResult@2@@Z 100035b0 f   Cooking.obj
 0001:00002640       ??0ConvexMesh@Gu@physx@@QAE@V?$PxFlags@W4Enum@PxBaseFlag@physx@@G@2@@Z 10003640 f i Cooking.obj
 0001:00002670       ??0DebugText@Cm@physx@@QAE@$$QAU012@@Z 10003670 f i Cooking.obj
 0001:000026c0       ??0DebugText@Cm@physx@@QAE@ABU012@@Z 100036c0 f i Cooking.obj
 0001:00002710       ??0HeightFieldData@Gu@physx@@QAE@$$QAU012@@Z 10003710 f i Cooking.obj
 0001:00002780       ??0HeightFieldData@Gu@physx@@QAE@ABU012@@Z 10003780 f i Cooking.obj
 0001:000027f0       ??0HeightFieldData@Gu@physx@@QAE@W4PxEMPTY@2@@Z 100037f0 f i Cooking.obj
 0001:00002800       ??0HeightFieldData@Gu@physx@@QAE@XZ 10003800 f i Cooking.obj
 0001:00002810       ??0PxConvexMeshDesc@physx@@QAE@ABV01@@Z 10003810 f i Cooking.obj
 0001:00002860       ??0RenderOutput@Cm@physx@@QAE@AAVRenderBuffer@12@@Z 10003860 f i Cooking.obj
 0001:00002920       ??0RenderOutput@Cm@physx@@QAE@ABV012@@Z 10003920 f i Cooking.obj
 0001:000029d0       ??1HeightFieldData@Gu@physx@@QAE@XZ 100039d0 f i Cooking.obj
 0001:000029e0       ??1PxBase@physx@@MAE@XZ    100039e0 f i Cooking.obj
 0001:000029f0       ??1PxConvexMesh@physx@@MAE@XZ 100039f0 f i Cooking.obj
 0001:00002a00       ??1PxCooking@physx@@MAE@XZ 10003a00 f i Cooking.obj
 0001:00002a10       ??1PxHeightField@physx@@MAE@XZ 10003a10 f i Cooking.obj
 0001:00002a20       ??1RefCountable@Cm@physx@@UAE@XZ 10003a20 f i Cooking.obj
 0001:00002a30       ??4DebugText@Cm@physx@@QAEAAU012@$$QAU012@@Z 10003a30 f i Cooking.obj
 0001:00002a90       ??4DebugText@Cm@physx@@QAEAAU012@ABU012@@Z 10003a90 f i Cooking.obj
 0001:00002af0       ??4FPUGuard@shdfnd@physx@@QAEAAV012@ABV012@@Z 10003af0 f i Cooking.obj
 0001:00002b10       ??4HeightFieldData@Gu@physx@@QAEAAU012@$$QAU012@@Z 10003b10 f i Cooking.obj
 0001:00002b80       ??4HeightFieldData@Gu@physx@@QAEAAU012@ABU012@@Z 10003b80 f i Cooking.obj
 0001:00002bf0       ??_EConvexMesh@Gu@physx@@UAEPAXI@Z 10003bf0 f i Cooking.obj
 0001:00002ca1       ??_EConvexMesh@Gu@physx@@W7AEPAXI@Z 10003ca1 f i Cooking.obj
 0001:00002cb0       ??_EPxConvexMesh@physx@@MAEPAXI@Z 10003cb0 f i Cooking.obj
 0001:00002d20       ??_GCooking@physx@@UAEPAXI@Z 10003d20 f i Cooking.obj
 0001:00002d20       ??_ECooking@physx@@UAEPAXI@Z 10003d20 f i Cooking.obj
 0001:00002d60       ??_GPxBase@physx@@MAEPAXI@Z 10003d60 f i Cooking.obj
 0001:00002d60       ??_EPxBase@physx@@MAEPAXI@Z 10003d60 f i Cooking.obj
 0001:00002d90       ??_GPxCooking@physx@@MAEPAXI@Z 10003d90 f i Cooking.obj
 0001:00002d90       ??_EPxCooking@physx@@MAEPAXI@Z 10003d90 f i Cooking.obj
 0001:00002dc0       ??_GRefCountable@Cm@physx@@UAEPAXI@Z 10003dc0 f i Cooking.obj
 0001:00002dc0       ??_ERefCountable@Cm@physx@@UAEPAXI@Z 10003dc0 f i Cooking.obj
 0001:00002df0       ?allocate@?$Array@UPxDebugLine@physx@@V?$ReflectionAllocator@UPxDebugLine@physx@@@shdfnd@2@@shdfnd@physx@@IAEPAUPxDebugLine@3@I@Z 10003df0 f i Cooking.obj
 0001:00002e60       ?copy@?$Array@UPxDebugLine@physx@@V?$ReflectionAllocator@UPxDebugLine@physx@@@shdfnd@2@@shdfnd@physx@@KAXPAUPxDebugLine@3@0PBU43@@Z 10003e60 f i Cooking.obj
 0001:00002ed0       ?getConcreteTypeName@PxConvexMesh@physx@@UBEPBDXZ 10003ed0 f i Cooking.obj
 0001:00002ee0       ?getConcreteTypeName@PxHeightField@physx@@UBEPBDXZ 10003ee0 f i Cooking.obj
 0001:00002ef0       ?getConvexEdgeThreshold@HeightField@Gu@physx@@UBEMXZ 10003ef0 f i Cooking.obj
 0001:00002f00       ?getFlags@HeightField@Gu@physx@@UBE?AV?$PxFlags@W4Enum@PxHeightFieldFlag@physx@@G@3@XZ 10003f00 f i Cooking.obj
 0001:00002f10       ?getFormat@HeightField@Gu@physx@@UBE?AW4Enum@PxHeightFieldFormat@3@XZ 10003f10 f i Cooking.obj
 0001:00002f20       ?getHeight@HeightField@Gu@physx@@UBEMMM@Z 10003f20 f i Cooking.obj
 0001:00002f80       ?getHeightInternal2@HeightField@Gu@physx@@QBEMIMM@Z 10003f80 f i Cooking.obj
 0001:000030d0       ?getIndexBuffer@ConvexMesh@Gu@physx@@UBEPBEXZ 100040d0 f i Cooking.obj
 0001:00003110       ?getNbColumns@HeightField@Gu@physx@@UBEIXZ 10004110 f i Cooking.obj
 0001:00003120       ?getNbPolygons@ConvexMesh@Gu@physx@@UBEIXZ 10004120 f i Cooking.obj
 0001:00003130       ?getNbRows@HeightField@Gu@physx@@UBEIXZ 10004130 f i Cooking.obj
 0001:00003140       ?getNbVertices@ConvexMesh@Gu@physx@@UBEIXZ 10004140 f i Cooking.obj
 0001:00003150       ?getPaddedBounds@HeightFieldData@Gu@physx@@QBEABVCenterExtentsPadded@23@XZ 10004150 f i Cooking.obj
 0001:00003160       ?getSample@HeightField@Gu@physx@@UBEABUPxHeightFieldSample@3@II@Z 10004160 f i Cooking.obj
 0001:00003180       ?getSampleStride@HeightField@Gu@physx@@UBEIXZ 10004180 f i Cooking.obj
 0001:00003190       ?getTimestamp@HeightField@Gu@physx@@UBEIXZ 10004190 f i Cooking.obj
 0001:000031a0       ?getTriangleMaterialIndex@HeightField@Gu@physx@@UBEGI@Z 100041a0 f i Cooking.obj
 0001:000031d0       ?getTriangleNormal@HeightField@Gu@physx@@UBE?AVPxVec3@3@I@Z 100041d0 f i Cooking.obj
 0001:000032c0       ?getVertices@ConvexMesh@Gu@physx@@UBEPBVPxVec3@3@XZ 100042c0 f i Cooking.obj
 0001:000032d0       ?isKindOf@PxBase@physx@@MBE_NPBD@Z 100042d0 f i Cooking.obj
 0001:00003320       ?isKindOf@PxConvexMesh@physx@@MBE_NPBD@Z 10004320 f i Cooking.obj
 0001:000033a0       ?isKindOf@PxHeightField@physx@@MBE_NPBD@Z 100043a0 f i Cooking.obj
 0001:00003420       ?isReleasable@PxBase@physx@@UBE_NXZ 10004420 f i Cooking.obj
 0001:00003430       ?onRefCountZero@RefCountable@Cm@physx@@UAEXXZ 10004430 f i Cooking.obj
 0001:00003440       ?outputSegment@RenderOutput@Cm@physx@@QAEXABVPxVec3@3@0@Z 10004440 f i Cooking.obj
 0001:000034d0       ?preExportDataReset@ConvexMesh@Gu@physx@@QAEXXZ 100044d0 f i Cooking.obj
 0001:000034e0       ?preExportDataReset@HeightField@Gu@physx@@QAEXXZ 100044e0 f i Cooking.obj
 0001:000034f0       ?recreate@?$Array@UPxDebugLine@physx@@V?$ReflectionAllocator@UPxDebugLine@physx@@@shdfnd@2@@shdfnd@physx@@IAEXI@Z 100044f0 f i Cooking.obj
 0001:00003540       ?requiresObjects@ConvexMesh@Gu@physx@@UAEXAAVPxProcessPxBaseCallback@3@@Z 10004540 f i Cooking.obj
 0001:00003550       ?reserveSegments@RenderOutput@Cm@physx@@QAEPAUPxDebugLine@3@I@Z 10004550 f i Cooking.obj
 0001:000035b0       ??0ReducedVertexCloud@physx@@QAE@PBVPxVec3@1@I@Z 100045b0 f   CookingUtils.obj
 0001:000035e0       ??1ReducedVertexCloud@physx@@QAE@XZ 100045e0 f   CookingUtils.obj
 0001:00003620       ?Clean@ReducedVertexCloud@physx@@QAEAAV12@XZ 10004620 f   CookingUtils.obj
 0001:00003660       ?Reduce@ReducedVertexCloud@physx@@QAE_NPAUREDUCEDCLOUD@2@@Z 10004660 f   CookingUtils.obj
 0001:00003900       ??0EdgeList@Gu@physx@@QAE@XZ 10004900 f   EdgeList.obj
 0001:00003930       ??1EdgeList@Gu@physx@@QAE@XZ 10004930 f   EdgeList.obj
 0001:000039b0       ?load@EdgeList@Gu@physx@@QAE_NAAVPxInputStream@3@@Z 100049b0 f   EdgeList.obj
 0001:00003b10       ??0EdgeListBuilder@Gu@physx@@QAE@XZ 10004b10 f   EdgeList.obj
 0001:00003b40       ??1EdgeListBuilder@Gu@physx@@QAE@XZ 10004b40 f   EdgeList.obj
 0001:00003b50       ?init@EdgeListBuilder@Gu@physx@@QAE_NABUEDGELISTCREATE@23@@Z 10004b50 f   EdgeList.obj
 0001:00003c30       ?createFacesToEdges@EdgeListBuilder@Gu@physx@@AAE_NIPBIPBG@Z 10004c30 f   EdgeList.obj
 0001:00003ff0       ?createEdgesToFaces@EdgeListBuilder@Gu@physx@@AAE_NIPBIPBG@Z 10004ff0 f   EdgeList.obj
 0001:000041b0       ?computeActiveEdges@EdgeListBuilder@Gu@physx@@AAE_NIPBIPBGPBVPxVec3@3@M@Z 100051b0 f   EdgeList.obj
 0001:00005910       ??$?_UI@@YAPAXIV?$ReflectionAllocator@I@shdfnd@physx@@PBDH@Z 10006910 f i EdgeList.obj
 0001:00005970       ??0PxVec3@physx@@QAE@XZ    10006970 f i EdgeList.obj
 0001:000059e0       ??0MeshCleaner@physx@@QAE@IPBVPxVec3@1@IPBIM@Z 100069e0 f   MeshCleaner.obj
 0001:00006270       ??1MeshCleaner@physx@@QAE@XZ 10007270 f   MeshCleaner.obj
 0001:000062d0       ?createQuantizer@physx@@YAPAVQuantizer@1@XZ 100072d0 f   Quantizer.obj
 0001:00006380       ?kmeans_cluster3d@@YAIPBVPxVec3@physx@@IIPAV12@PAIMM@Z 10007380 f   Quantizer.obj
 0001:000063c0       ??$kmeans_cluster@VPxVec3@physx@@M@@YAIPBVPxVec3@physx@@IIPAV01@PAIMM@Z 100073c0 f i Quantizer.obj
 0001:000069c0       ??1Quantizer@physx@@MAE@XZ 100079c0 f i Quantizer.obj
 0001:000069d0       ??1QuantizerImpl@@EAE@XZ   100079d0 f i Quantizer.obj
 0001:00006a30       ??_GQuantizer@physx@@MAEPAXI@Z 10007a30 f i Quantizer.obj
 0001:00006a30       ??_EQuantizer@physx@@MAEPAXI@Z 10007a30 f i Quantizer.obj
 0001:00006a60       ??_GQuantizerImpl@@EAEPAXI@Z 10007a60 f i Quantizer.obj
 0001:00006a60       ??_EQuantizerImpl@@EAEPAXI@Z 10007a60 f i Quantizer.obj
 0001:00006af0       ?getDenormalizeCenter@QuantizerImpl@@UBEABVPxVec3@physx@@XZ 10007af0 f i Quantizer.obj
 0001:00006b00       ?getDenormalizeScale@QuantizerImpl@@UBEABVPxVec3@physx@@XZ 10007b00 f i Quantizer.obj
 0001:00006b10       ?growAndPushBack@?$Array@VPxVec3@physx@@V?$ReflectionAllocator@VPxVec3@physx@@@shdfnd@2@@shdfnd@physx@@IAEAAVPxVec3@3@ABV43@@Z 10007b10 f i Quantizer.obj
 0001:00006cb0       ?kmeansQuantize3D@QuantizerImpl@@UAEPBVPxVec3@physx@@IPBV23@I_NIAAI@Z 10007cb0 f i Quantizer.obj
 0001:00006ed0       ?normalizeInput@QuantizerImpl@@AAEXIPBVPxVec3@physx@@I@Z 10007ed0 f i Quantizer.obj
 0001:00007180       ?release@QuantizerImpl@@UAEXXZ 10008180 f i Quantizer.obj
 0001:00007190       ??0BVHStructureBuilder@physx@@QAE@XZ 10008190 f   BVHStructureBuilder.obj
 0001:000071c0       ??1BVHStructureBuilder@physx@@QAE@XZ 100081c0 f   BVHStructureBuilder.obj
 0001:00007220       ?loadFromDesc@BVHStructureBuilder@physx@@QAE_NABVPxBVHStructureDesc@2@@Z 10008220 f   BVHStructureBuilder.obj
 0001:00007540       ?save@BVHStructureBuilder@physx@@QBE_NAAVPxOutputStream@2@_N@Z 10008540 f   BVHStructureBuilder.obj
 0001:00007650       ?moveData@BVHStructureBuilder@physx@@QAEXAAUBVHStructureData@Gu@2@@Z 10008650 f   BVHStructureBuilder.obj
 0001:000076a0       ?flatten@@YAXABVNodeAllocator@Gu@physx@@PAUBVHNode@23@@Z 100086a0 f   BVHStructureBuilder.obj
 0001:00007800       ??$copy@V?$ReflectionAllocator@USlab@NodeAllocator@Gu@physx@@@shdfnd@physx@@@?$Array@USlab@NodeAllocator@Gu@physx@@V?$ReflectionAllocator@USlab@NodeAllocator@Gu@physx@@@shdfnd@4@@shdfnd@physx@@IAEXABV012@@Z 10008800 f i BVHStructureBuilder.obj
 0001:00007870       ??0AABBTreeBuildNode@Gu@physx@@QAE@ABV012@@Z 10008870 f i BVHStructureBuilder.obj
 0001:000078b0       ??0AABBTreeBuildNode@Gu@physx@@QAE@XZ 100088b0 f i BVHStructureBuilder.obj
 0001:000078c0       ??0AABBTreeBuildParams@Gu@physx@@QAE@IIPBVPxBounds3@2@@Z 100088c0 f i BVHStructureBuilder.obj
 0001:000078e0       ??0BuildStats@Gu@physx@@QAE@XZ 100088e0 f i BVHStructureBuilder.obj
 0001:000078f0       ??0NodeAllocator@Gu@physx@@QAE@ABV012@@Z 100088f0 f i BVHStructureBuilder.obj
 0001:00007920       ??1AABBTreeBuildNode@Gu@physx@@QAE@XZ 10008920 f i BVHStructureBuilder.obj
 0001:00007930       ??1AABBTreeBuildParams@Gu@physx@@QAE@XZ 10008930 f i BVHStructureBuilder.obj
 0001:00007970       ??4AABBTreeBuildNode@Gu@physx@@QAEAAV012@ABV012@@Z 10008970 f i BVHStructureBuilder.obj
 0001:000079b0       ??4AABBTreeBuildParams@Gu@physx@@QAEAAV012@ABV012@@Z 100089b0 f i BVHStructureBuilder.obj
 0001:000079c0       ??4BuildStats@Gu@physx@@QAEAAU012@$$QAU012@@Z 100089c0 f i BVHStructureBuilder.obj
 0001:000079e0       ??4BuildStats@Gu@physx@@QAEAAU012@ABU012@@Z 100089e0 f i BVHStructureBuilder.obj
 0001:00007a00       ??4NodeAllocator@Gu@physx@@QAEAAV012@ABV012@@Z 10008a00 f i BVHStructureBuilder.obj
 0001:00007a90       ??_FAABBTreeBuildParams@Gu@physx@@QAEXXZ 10008a90 f i BVHStructureBuilder.obj
 0001:00007ab0       ?__global_array_delete@@YAXPAX@Z 10008ab0 f i BVHStructureBuilder.obj
 0001:00007ac0       ?__global_array_delete@@YAXPAXI@Z 10008ac0 f i BVHStructureBuilder.obj
 0001:00007ad0       ?__global_delete@@YAXPAX@Z 10008ad0 f i BVHStructureBuilder.obj
 0001:00007ae0       ?__global_delete@@YAXPAXI@Z 10008ae0 f i BVHStructureBuilder.obj
 0001:00007af0       ?allocate@?$Array@USlab@NodeAllocator@Gu@physx@@V?$ReflectionAllocator@USlab@NodeAllocator@Gu@physx@@@shdfnd@4@@shdfnd@physx@@IAEPAUSlab@NodeAllocator@Gu@3@I@Z 10008af0 f i BVHStructureBuilder.obj
 0001:00007b60       ?getAABB@AABBTreeBuildNode@Gu@physx@@QBEABVPxBounds3@3@XZ 10008b60 f i BVHStructureBuilder.obj
 0001:00007b70       ?getCount@BuildStats@Gu@physx@@QBEIXZ 10008b70 f i BVHStructureBuilder.obj
 0001:00007b80       ?getNbPrimitives@AABBTreeBuildNode@Gu@physx@@QBEIXZ 10008b80 f i BVHStructureBuilder.obj
 0001:00007b90       ?getNbRuntimePrimitives@AABBTreeBuildNode@Gu@physx@@QBEIXZ 10008b90 f i BVHStructureBuilder.obj
 0001:00007ba0       ?getNeg@AABBTreeBuildNode@Gu@physx@@QBEPBV123@XZ 10008ba0 f i BVHStructureBuilder.obj
 0001:00007bb0       ?getPos@AABBTreeBuildNode@Gu@physx@@QBEPBV123@XZ 10008bb0 f i BVHStructureBuilder.obj
 0001:00007bc0       ?getPrimitives@AABBTreeBuildNode@Gu@physx@@QAEPAIPAI@Z 10008bc0 f i BVHStructureBuilder.obj
 0001:00007bd0       ?getPrimitives@AABBTreeBuildNode@Gu@physx@@QBEPBIPBI@Z 10008bd0 f i BVHStructureBuilder.obj
 0001:00007be0       ?increaseCount@BuildStats@Gu@physx@@QAEXI@Z 10008be0 f i BVHStructureBuilder.obj
 0001:00007bf0       ?isLeaf@AABBTreeBuildNode@Gu@physx@@QBE_NXZ 10008bf0 f i BVHStructureBuilder.obj
 0001:00007c00       ?recreate@?$Array@USlab@NodeAllocator@Gu@physx@@V?$ReflectionAllocator@USlab@NodeAllocator@Gu@physx@@@shdfnd@4@@shdfnd@physx@@IAEXI@Z 10008c00 f i BVHStructureBuilder.obj
 0001:00007c70       ?reset@AABBTreeBuildParams@Gu@physx@@QAEXXZ 10008c70 f i BVHStructureBuilder.obj
 0001:00007cb0       ?reset@BuildStats@Gu@physx@@QAEXXZ 10008cb0 f i BVHStructureBuilder.obj
 0001:00007cc0       ?setCount@BuildStats@Gu@physx@@QAEXI@Z 10008cc0 f i BVHStructureBuilder.obj
 0001:00007cd0       ?setNbRunTimePrimitives@AABBTreeBuildNode@Gu@physx@@QAEXI@Z 10008cd0 f i BVHStructureBuilder.obj
 0001:00007ce0       ?saveHeightField@physx@@YA_NABVHeightField@Gu@1@AAVPxOutputStream@1@_N@Z 10008ce0 f   HeightFieldCooking.obj
 0001:00007ec0       ?buildFromTriangles@RTreeCooker@physx@@SAXAAURTree@Gu@2@PBVPxVec3@2@IPBGPBIIAAV?$Array@IV?$ReflectionAllocator@I@shdfnd@physx@@@shdfnd@2@PAURemapCallback@12@MW4Enum@PxMeshCookingHint@2@@Z 10008ec0 f   RTreeCooking.obj
 0001:000080e0       ??$partition@UBoundsLTE@physx@@@quickSelect@physx@@YAIPIAIIIIABUBoundsLTE@1@@Z 100090e0 f i RTreeCooking.obj
 0001:00008160       ??$quickSelectFirstK@UBoundsLTE@physx@@@quickSelect@physx@@YAXPIAIIIIABUBoundsLTE@1@@Z 10009160 f i RTreeCooking.obj
 0001:00008230       ??$sort@I@shdfnd@physx@@YAXPAII@Z 10009230 f i RTreeCooking.obj
 0001:00008250       ??$sort@IU?$Less@I@shdfnd@physx@@V?$ReflectionAllocator@I@23@@shdfnd@physx@@YAXPAIIABU?$Less@I@01@ABV?$ReflectionAllocator@I@01@I@Z 10009250 f i RTreeCooking.obj
 0001:000085c0       ??$sort@IUSortBoundsPredicate@physx@@@shdfnd@physx@@YAXPAIIABUSortBoundsPredicate@1@@Z 100095c0 f i RTreeCooking.obj
 0001:000085e0       ??$sort@IUSortBoundsPredicate@physx@@V?$ReflectionAllocator@I@shdfnd@2@@shdfnd@physx@@YAXPAIIABUSortBoundsPredicate@1@ABV?$ReflectionAllocator@I@01@I@Z 100095e0 f i RTreeCooking.obj
 0001:00008ab0       ?allocate@?$Array@UInterval@physx@@V?$InlineAllocator@$0CAAA@V?$ReflectionAllocator@UInterval@physx@@@shdfnd@physx@@@shdfnd@2@@shdfnd@physx@@IAEPAUInterval@3@I@Z 10009ab0 f i RTreeCooking.obj
 0001:00008b40       ?allocate@?$Array@UPxBounds3V@physx@@V?$ReflectionAllocator@UPxBounds3V@physx@@@shdfnd@2@@shdfnd@physx@@IAEPAUPxBounds3V@3@I@Z 10009b40 f i RTreeCooking.obj
 0001:00008bb0       ?allocate@?$Array@URTreeNodeNQ@physx@@V?$ReflectionAllocator@URTreeNodeNQ@physx@@@shdfnd@2@@shdfnd@physx@@IAEPAURTreeNodeNQ@3@I@Z 10009bb0 f i RTreeCooking.obj
 0001:00008c20       ?allocate@?$Array@URTreeNodeQ@Gu@physx@@V?$ReflectionAllocator@URTreeNodeQ@Gu@physx@@@shdfnd@3@@shdfnd@physx@@IAEPAURTreeNodeQ@Gu@3@I@Z 10009c20 f i RTreeCooking.obj
 0001:00008c90       ?allocate@?$Array@VPxVec3@physx@@V?$ReflectionAllocator@VPxVec3@physx@@@shdfnd@2@@shdfnd@physx@@IAEPAVPxVec3@3@I@Z 10009c90 f i RTreeCooking.obj
 0001:00008d00       ?allocate@?$ReflectionAllocator@I@shdfnd@physx@@QAEPAXIPBDH@Z 10009d00 f i RTreeCooking.obj
 0001:00009970       ?copy@?$Array@URTreeNodeNQ@physx@@V?$ReflectionAllocator@URTreeNodeNQ@physx@@@shdfnd@2@@shdfnd@physx@@KAXPAURTreeNodeNQ@3@0PBU43@@Z 1000a970 f i RTreeCooking.obj
 0001:000099e0       ?copy@?$Array@VPxVec3@physx@@V?$ReflectionAllocator@VPxVec3@physx@@@shdfnd@2@@shdfnd@physx@@KAXPAVPxVec3@3@0PBV43@@Z 1000a9e0 f i RTreeCooking.obj
 0001:00009aa0       ?growAndPushBack@?$Array@IV?$ReflectionAllocator@I@shdfnd@physx@@@shdfnd@physx@@IAEAAIABI@Z 1000aaa0 f i RTreeCooking.obj
 0001:00009b60       ?growAndPushBack@?$Array@UInterval@physx@@V?$InlineAllocator@$0CAAA@V?$ReflectionAllocator@UInterval@physx@@@shdfnd@physx@@@shdfnd@2@@shdfnd@physx@@IAEAAUInterval@3@ABU43@@Z 1000ab60 f i RTreeCooking.obj
 0001:00009c50       ?growAndPushBack@?$Array@UPxBounds3V@physx@@V?$ReflectionAllocator@UPxBounds3V@physx@@@shdfnd@2@@shdfnd@physx@@IAEAAUPxBounds3V@3@ABU43@@Z 1000ac50 f i RTreeCooking.obj
 0001:00009d00       ?growAndPushBack@?$Array@URTreeNodeNQ@physx@@V?$ReflectionAllocator@URTreeNodeNQ@physx@@@shdfnd@2@@shdfnd@physx@@IAEAAURTreeNodeNQ@3@ABU43@@Z 1000ad00 f i RTreeCooking.obj
 0001:00009db0       ?growAndPushBack@?$Array@URTreeNodeQ@Gu@physx@@V?$ReflectionAllocator@URTreeNodeQ@Gu@physx@@@shdfnd@3@@shdfnd@physx@@IAEAAURTreeNodeQ@Gu@3@ABU453@@Z 1000adb0 f i RTreeCooking.obj
 0001:00009e80       ?recreate@?$Array@IV?$ReflectionAllocator@I@shdfnd@physx@@@shdfnd@physx@@IAEXI@Z 1000ae80 f i RTreeCooking.obj
 0001:00009f40       ?recreate@?$Array@UPxBounds3V@physx@@V?$ReflectionAllocator@UPxBounds3V@physx@@@shdfnd@2@@shdfnd@physx@@IAEXI@Z 1000af40 f i RTreeCooking.obj
 0001:00009fc0       ?recreate@?$Array@URTreeNodeNQ@physx@@V?$ReflectionAllocator@URTreeNodeNQ@physx@@@shdfnd@2@@shdfnd@physx@@IAEXI@Z 1000afc0 f i RTreeCooking.obj
 0001:0000a010       ?recreate@?$Array@URTreeNodeQ@Gu@physx@@V?$ReflectionAllocator@URTreeNodeQ@Gu@physx@@@shdfnd@3@@shdfnd@physx@@IAEXI@Z 1000b010 f i RTreeCooking.obj
 0001:0000a0b0       ?recreate@?$Array@VPxVec3@physx@@V?$ReflectionAllocator@VPxVec3@physx@@@shdfnd@2@@shdfnd@physx@@IAEXI@Z 1000b0b0 f i RTreeCooking.obj
 0001:0000a100       ?resize@?$Array@IV?$ReflectionAllocator@I@shdfnd@physx@@@shdfnd@physx@@QAEXIABI@Z 1000b100 f i RTreeCooking.obj
 0001:0000a1c0       ?resizeUninitialized@?$Array@URTreeNodeNQ@physx@@V?$ReflectionAllocator@URTreeNodeNQ@physx@@@shdfnd@2@@shdfnd@physx@@QAEXI@Z 1000b1c0 f i RTreeCooking.obj
 0001:0000a1f0       ?sort4@SubSortQuick@physx@@QAEXPIAIIAAV?$Array@URTreeNodeNQ@physx@@V?$ReflectionAllocator@URTreeNodeNQ@physx@@@shdfnd@2@@shdfnd@2@AAIAAUPxBounds3V@2@I@Z 1000b1f0 f i RTreeCooking.obj
 0001:0000a600       ?sort4@SubSortSAH@physx@@QAEXPAIIAAV?$Array@URTreeNodeNQ@physx@@V?$ReflectionAllocator@URTreeNodeNQ@physx@@@shdfnd@2@@shdfnd@2@AAIIPAURTreeNodeNQ@2@@Z 1000b600 f i RTreeCooking.obj
 0001:0000ade0       ?split@SubSortSAH@physx@@QAEIPAII@Z 1000bde0 f i RTreeCooking.obj
 0001:0000b220       ?computeLocalBounds@MeshBulider@physx@@IAEXAAVMeshDataBase@Gu@2@@Z 1000c220 f   MeshBuilder.obj
 0001:0000b2a0       ??0TriangleMeshBuilder@physx@@QAE@AAVTriangleMeshData@Gu@1@ABUPxCookingParams@1@@Z 1000c2a0 f   TriangleMeshBuilder.obj
 0001:0000b2c0       ??1TriangleMeshBuilder@physx@@UAE@XZ 1000c2c0 f   TriangleMeshBuilder.obj
 0001:0000b2f0       ?cleanMesh@TriangleMeshBuilder@physx@@QAE_N_NPAW4Enum@PxTriangleMeshCookingResult@2@@Z 1000c2f0 f   TriangleMeshBuilder.obj
 0001:0000b6e0       ?remapTopology@TriangleMeshBuilder@physx@@QAEXPBI@Z 1000c6e0 f   TriangleMeshBuilder.obj
 0001:0000b930       ?createSharedEdgeData@TriangleMeshBuilder@physx@@QAEX_N0@Z 1000c930 f   TriangleMeshBuilder.obj
 0001:0000bcf0       ?recordTriangleIndices@TriangleMeshBuilder@physx@@QAEXXZ 1000ccf0 f   TriangleMeshBuilder.obj
 0001:0000bd70       ?createGRBMidPhaseAndData@TriangleMeshBuilder@physx@@QAEXI@Z 1000cd70 f   TriangleMeshBuilder.obj
 0001:0000c050       ?createGRBData@TriangleMeshBuilder@physx@@QAEXXZ 1000d050 f   TriangleMeshBuilder.obj
 0001:0000c0f0       ?loadFromDesc@TriangleMeshBuilder@physx@@QAE_NABVPxTriangleMeshDesc@2@PAW4Enum@PxTriangleMeshCookingResult@2@_N@Z 1000d0f0 f   TriangleMeshBuilder.obj
 0001:0000c410       ?save@TriangleMeshBuilder@physx@@QBE_NAAVPxOutputStream@2@_NABUPxCookingParams@2@@Z 1000d410 f   TriangleMeshBuilder.obj
 0001:0000c920       ?checkMeshIndicesSize@TriangleMeshBuilder@physx@@QAEXXZ 1000d920 f   TriangleMeshBuilder.obj
 0001:0000c9d0       ?importMesh@TriangleMeshBuilder@physx@@IAE_NABVPxTriangleMeshDesc@2@ABUPxCookingParams@2@PAW4Enum@PxTriangleMeshCookingResult@2@_N@Z 1000d9d0 f   TriangleMeshBuilder.obj
 0001:0000cc50       ?releaseEdgeList@TriangleMeshBuilder@physx@@IAEXXZ 1000dc50 f   TriangleMeshBuilder.obj
 0001:0000cc80       ?createEdgeList@TriangleMeshBuilder@physx@@IAEXXZ 1000dc80 f   TriangleMeshBuilder.obj
 0001:0000cd60       ??0RTreeTriangleMeshBuilder@physx@@QAE@ABUPxCookingParams@1@@Z 1000dd60 f   TriangleMeshBuilder.obj
 0001:0000cdd0       ??1RTreeTriangleMeshBuilder@physx@@UAE@XZ 1000ddd0 f   TriangleMeshBuilder.obj
 0001:0000ce50       ?createMidPhaseStructure@RTreeTriangleMeshBuilder@physx@@UAEXXZ 1000de50 f   TriangleMeshBuilder.obj
 0001:0000cf10       ?saveMidPhaseStructure@RTreeTriangleMeshBuilder@physx@@UBEXAAVPxOutputStream@2@_N@Z 1000df10 f   TriangleMeshBuilder.obj
 0001:0000d0a0       ??0BV4TriangleMeshBuilder@physx@@QAE@ABUPxCookingParams@1@@Z 1000e0a0 f   TriangleMeshBuilder.obj
 0001:0000d0f0       ??1BV4TriangleMeshBuilder@physx@@UAE@XZ 1000e0f0 f   TriangleMeshBuilder.obj
 0001:0000d150       ?createMidPhaseStructure@BV4TriangleMeshBuilder@physx@@UAEXXZ 1000e150 f   TriangleMeshBuilder.obj
 0001:0000d350       ?saveMidPhaseStructure@BV4TriangleMeshBuilder@physx@@UBEXAAVPxOutputStream@2@_N@Z 1000e350 f   TriangleMeshBuilder.obj
 0001:0000d4f0       ?onMeshIndexFormatChange@BV4TriangleMeshBuilder@physx@@UAEXXZ 1000e4f0 f   TriangleMeshBuilder.obj
 0001:0000d530       ?createMidPhaseStructure@BV32TriangleMeshBuilder@physx@@SAXABUPxCookingParams@2@AAVTriangleMeshData@Gu@2@AAVBV32Tree@52@@Z 1000e530 f   TriangleMeshBuilder.obj
 0001:0000d660       ?saveMidPhaseStructure@BV32TriangleMeshBuilder@physx@@SAXPAVBV32Tree@Gu@2@AAVPxOutputStream@2@_N@Z 1000e660 f   TriangleMeshBuilder.obj
 0001:0000d7c0       ?findSharpVertices@GrbTrimeshCookerHelper@physx@@YAXAAV?$Array@USortedNeighbor@GrbTrimeshCookerHelper@physx@@V?$ReflectionAllocator@USortedNeighbor@GrbTrimeshCookerHelper@physx@@@shdfnd@3@@shdfnd@2@AAV?$Array@USharpEdgeRange@GrbTrimeshCookerHelper@physx@@V?$ReflectionAllocator@USharpEdgeRange@GrbTrimeshCookerHelper@physx@@@shdfnd@3@@42@PBUuint3@2@PBUuint4@2@II@Z 1000e7c0 f   TriangleMeshBuilder.obj
 0001:0000db20       ?buildVertexConnectionNew_p1@GrbTrimeshCookerHelper@physx@@YAIAAV?$Array@USortedNeighbor@GrbTrimeshCookerHelper@physx@@V?$ReflectionAllocator@USortedNeighbor@GrbTrimeshCookerHelper@physx@@@shdfnd@3@@shdfnd@2@AAV?$Array@USharpEdgeRange@GrbTrimeshCookerHelper@physx@@V?$ReflectionAllocator@USharpEdgeRange@GrbTrimeshCookerHelper@physx@@@shdfnd@3@@42@PBUuint3@2@PBUuint4@2@II@Z 1000eb20 f   TriangleMeshBuilder.obj
 0001:0000dc30       ?buildVertexConnectionNew_p2@GrbTrimeshCookerHelper@physx@@YAXPAI00AAV?$Array@USortedNeighbor@GrbTrimeshCookerHelper@physx@@V?$ReflectionAllocator@USortedNeighbor@GrbTrimeshCookerHelper@physx@@@shdfnd@3@@shdfnd@2@AAV?$Array@USharpEdgeRange@GrbTrimeshCookerHelper@physx@@V?$ReflectionAllocator@USharpEdgeRange@GrbTrimeshCookerHelper@physx@@@shdfnd@3@@42@I@Z 1000ec30 f   TriangleMeshBuilder.obj
 0001:0000dcb0       ??$?_UG@@YAPAXIV?$ReflectionAllocator@G@shdfnd@physx@@PBDH@Z 1000ecb0 f i TriangleMeshBuilder.obj
 0001:0000dd10       ??$sort@UEdgeTriLookup@physx@@@shdfnd@physx@@YAXPAUEdgeTriLookup@1@I@Z 1000ed10 f i TriangleMeshBuilder.obj
 0001:0000dd30       ??$sort@UEdgeTriLookup@physx@@U?$Less@UEdgeTriLookup@physx@@@shdfnd@2@V?$ReflectionAllocator@UEdgeTriLookup@physx@@@42@@shdfnd@physx@@YAXPAUEdgeTriLookup@1@IABU?$Less@UEdgeTriLookup@physx@@@01@ABV?$ReflectionAllocator@UEdgeTriLookup@physx@@@01@I@Z 1000ed30 f i TriangleMeshBuilder.obj
 0001:0000e1b0       ??$sort@USortedNeighbor@GrbTrimeshCookerHelper@physx@@@shdfnd@physx@@YAXPAUSortedNeighbor@GrbTrimeshCookerHelper@1@I@Z 1000f1b0 f i TriangleMeshBuilder.obj
 0001:0000e1d0       ??$sort@USortedNeighbor@GrbTrimeshCookerHelper@physx@@U?$Less@USortedNeighbor@GrbTrimeshCookerHelper@physx@@@shdfnd@3@V?$ReflectionAllocator@USortedNeighbor@GrbTrimeshCookerHelper@physx@@@53@@shdfnd@physx@@YAXPAUSortedNeighbor@GrbTrimeshCookerHelper@1@IABU?$Less@USortedNeighbor@GrbTrimeshCookerHelper@physx@@@01@ABV?$ReflectionAllocator@USortedNeighbor@GrbTrimeshCookerHelper@physx@@@01@I@Z 1000f1d0 f i TriangleMeshBuilder.obj
 0001:0000e6c0       ??0PxVec4@physx@@QAE@XZ    1000f6c0 f i TriangleMeshBuilder.obj
 0001:0000e6d0       ??0TriangleMeshData@Gu@physx@@QAE@XZ 1000f6d0 f i TriangleMeshBuilder.obj
 0001:0000e770       ??1BV4TriangleData@Gu@physx@@UAE@XZ 1000f770 f i TriangleMeshBuilder.obj
 0001:0000e7a0       ??1MeshDataBase@Gu@physx@@UAE@XZ 1000f7a0 f i TriangleMeshBuilder.obj
 0001:0000e850       ??1RTreeTriangleData@Gu@physx@@UAE@XZ 1000f850 f i TriangleMeshBuilder.obj
 0001:0000e8a0       ??1RemapCallback@RTreeCooker@physx@@UAE@XZ 1000f8a0 f i TriangleMeshBuilder.obj
 0001:0000e8b0       ??1TriangleMeshData@Gu@physx@@UAE@XZ 1000f8b0 f i TriangleMeshBuilder.obj
 0001:0000e930       ??_EBV4TriangleData@Gu@physx@@UAEPAXI@Z 1000f930 f i TriangleMeshBuilder.obj
 0001:0000e930       ??_GBV4TriangleData@Gu@physx@@UAEPAXI@Z 1000f930 f i TriangleMeshBuilder.obj
 0001:0000e990       ??_EBV4TriangleMeshBuilder@physx@@UAEPAXI@Z 1000f990 f i TriangleMeshBuilder.obj
 0001:0000e990       ??_GBV4TriangleMeshBuilder@physx@@UAEPAXI@Z 1000f990 f i TriangleMeshBuilder.obj
 0001:0000ea00       ??_GMeshDataBase@Gu@physx@@UAEPAXI@Z 1000fa00 f i TriangleMeshBuilder.obj
 0001:0000ea00       ??_EMeshDataBase@Gu@physx@@UAEPAXI@Z 1000fa00 f i TriangleMeshBuilder.obj
 0001:0000ea40       ??_GRTreeCookerRemap@physx@@UAEPAXI@Z 1000fa40 f i TriangleMeshBuilder.obj
 0001:0000ea40       ??_ERTreeCookerRemap@physx@@UAEPAXI@Z 1000fa40 f i TriangleMeshBuilder.obj
 0001:0000ea70       ??_ERTreeTriangleData@Gu@physx@@UAEPAXI@Z 1000fa70 f i TriangleMeshBuilder.obj
 0001:0000ea70       ??_GRTreeTriangleData@Gu@physx@@UAEPAXI@Z 1000fa70 f i TriangleMeshBuilder.obj
 0001:0000eaf0       ??_ERTreeTriangleMeshBuilder@physx@@UAEPAXI@Z 1000faf0 f i TriangleMeshBuilder.obj
 0001:0000eaf0       ??_GRTreeTriangleMeshBuilder@physx@@UAEPAXI@Z 1000faf0 f i TriangleMeshBuilder.obj
 0001:0000eb80       ??_GRemapCallback@RTreeCooker@physx@@UAEPAXI@Z 1000fb80 f i TriangleMeshBuilder.obj
 0001:0000eb80       ??_ERemapCallback@RTreeCooker@physx@@UAEPAXI@Z 1000fb80 f i TriangleMeshBuilder.obj
 0001:0000ebb0       ??_ETriangleMeshBuilder@physx@@UAEPAXI@Z 1000fbb0 f i TriangleMeshBuilder.obj
 0001:0000ebb0       ??_GTriangleMeshBuilder@physx@@UAEPAXI@Z 1000fbb0 f i TriangleMeshBuilder.obj
 0001:0000ec00       ??_ETriangleMeshData@Gu@physx@@UAEPAXI@Z 1000fc00 f i TriangleMeshBuilder.obj
 0001:0000ec00       ??_GTriangleMeshData@Gu@physx@@UAEPAXI@Z 1000fc00 f i TriangleMeshBuilder.obj
 0001:0000ec40       ?allocate@?$ReflectionAllocator@USortedNeighbor@GrbTrimeshCookerHelper@physx@@@shdfnd@physx@@QAEPAXIPBDH@Z 1000fc40 f i TriangleMeshBuilder.obj
 0001:0000eca0       ?allocateTriangles@TriangleMeshData@Gu@physx@@QAEPAXI_NI@Z 1000fca0 f i TriangleMeshBuilder.obj
 0001:0000f260       ?getMidphaseID@BV4TriangleMeshBuilder@physx@@UBE?AW4Enum@PxMeshMidPhase@2@XZ 10010260 f i TriangleMeshBuilder.obj
 0001:0000f270       ?getMidphaseID@RTreeTriangleMeshBuilder@physx@@UBE?AW4Enum@PxMeshMidPhase@2@XZ 10010270 f i TriangleMeshBuilder.obj
 0001:0000f280       ?growAndPushBack@?$Array@USortedNeighbor@GrbTrimeshCookerHelper@physx@@V?$ReflectionAllocator@USortedNeighbor@GrbTrimeshCookerHelper@physx@@@shdfnd@3@@shdfnd@physx@@IAEAAUSortedNeighbor@GrbTrimeshCookerHelper@3@ABU453@@Z 10010280 f i TriangleMeshBuilder.obj
 0001:0000f340       ?onMeshIndexFormatChange@TriangleMeshBuilder@physx@@UAEXXZ 10010340 f i TriangleMeshBuilder.obj
 0001:0000f350       ?recreate@?$Array@USharpEdgeRange@GrbTrimeshCookerHelper@physx@@V?$ReflectionAllocator@USharpEdgeRange@GrbTrimeshCookerHelper@physx@@@shdfnd@3@@shdfnd@physx@@IAEXI@Z 10010350 f i TriangleMeshBuilder.obj
 0001:0000f450       ?recreate@?$Array@USortedNeighbor@GrbTrimeshCookerHelper@physx@@V?$ReflectionAllocator@USortedNeighbor@GrbTrimeshCookerHelper@physx@@@shdfnd@3@@shdfnd@physx@@IAEXI@Z 10010450 f i TriangleMeshBuilder.obj
 0001:0000f4e0       ?remap@RTreeCookerRemap@physx@@UAEXPAIII@Z 100104e0 f i TriangleMeshBuilder.obj
 0001:0000f500       ?resize@?$Array@USharpEdgeRange@GrbTrimeshCookerHelper@physx@@V?$ReflectionAllocator@USharpEdgeRange@GrbTrimeshCookerHelper@physx@@@shdfnd@3@@shdfnd@physx@@QAEXIABUSharpEdgeRange@GrbTrimeshCookerHelper@3@@Z 10010500 f i TriangleMeshBuilder.obj
 0001:0000f560       ?resizeUninitialized@?$Array@USortedNeighbor@GrbTrimeshCookerHelper@physx@@V?$ReflectionAllocator@USortedNeighbor@GrbTrimeshCookerHelper@physx@@@shdfnd@3@@shdfnd@physx@@QAEXI@Z 10010560 f i TriangleMeshBuilder.obj
 0001:0000f590       ??0BigConvexDataBuilder@physx@@QAE@PBUConvexHullData@Gu@1@PAVBigConvexData@1@PBVPxVec3@1@@Z 10010590 f   BigConvexDataBuilder.obj
 0001:0000f5b0       ??1BigConvexDataBuilder@physx@@QAE@XZ 100105b0 f   BigConvexDataBuilder.obj
 0001:0000f5c0       ?precompute@BigConvexDataBuilder@physx@@QAE_NI@Z 100105c0 f   BigConvexDataBuilder.obj
 0001:0000ff40       ?initialize@BigConvexDataBuilder@physx@@QAE_NXZ 10010f40 f   BigConvexDataBuilder.obj
 0001:0000ffb0       ?save@BigConvexDataBuilder@physx@@QBE_NAAVPxOutputStream@2@_N@Z 10010fb0 f   BigConvexDataBuilder.obj
 0001:00010160       ?computeValencies@BigConvexDataBuilder@physx@@QAE_NABVConvexHullBuilder@2@@Z 10011160 f   BigConvexDataBuilder.obj
 0001:000104d0       ?saveValencies@BigConvexDataBuilder@physx@@QBE_NAAVPxOutputStream@2@_N@Z 100114d0 f   BigConvexDataBuilder.obj
 0001:00010600       ??0BigConvexData@physx@@QAE@W4PxEMPTY@1@@Z 10011600 f i BigConvexDataBuilder.obj
 0001:00010610       ??4BigConvexData@physx@@QAEAAV01@ABV01@@Z 10011610 f i BigConvexDataBuilder.obj
 0001:00010630       ?GetAdjacentVerts@BigConvexData@physx@@QBEPBEXZ 10011630 f i BigConvexDataBuilder.obj
 0001:00010640       ?GetNbNeighbors@BigConvexData@physx@@QBEGI@Z 10011640 f i BigConvexDataBuilder.obj
 0001:00010650       ?GetNbSamples@BigConvexData@physx@@QBEIXZ 10011650 f i BigConvexDataBuilder.obj
 0001:00010660       ?GetNbVerts@BigConvexData@physx@@QBEIXZ 10011660 f i BigConvexDataBuilder.obj
 0001:00010670       ?GetNeighbors@BigConvexData@physx@@QBEPBEI@Z 10011670 f i BigConvexDataBuilder.obj
 0001:00010690       ?GetOffset@BigConvexData@physx@@QBEGI@Z 10011690 f i BigConvexDataBuilder.obj
 0001:000106a0       ?GetSubdiv@BigConvexData@physx@@QBEIXZ 100116a0 f i BigConvexDataBuilder.obj
 0001:000106b0       ?GetValencies@BigConvexData@physx@@QBEPBUValency@Gu@2@XZ 100116b0 f i BigConvexDataBuilder.obj
 0001:000106c0       ?GetValency@BigConvexData@physx@@QBEGI@Z 100116c0 f i BigConvexDataBuilder.obj
 0001:000106d0       ??0ConvexHullBuilder@physx@@QAE@PAUConvexHullData@Gu@1@_N@Z 100116d0 f   ConvexHullBuilder.obj
 0001:00010720       ??1ConvexHullBuilder@physx@@QAE@XZ 10011720 f   ConvexHullBuilder.obj
 0001:000107f0       ?init@ConvexHullBuilder@physx@@QAE_NIPBVPxVec3@2@PBIIIPBUPxHullPolygon@2@_NPAVConvexHullLib@2@@Z 100117f0 f   ConvexHullBuilder.obj
 0001:00010b40       ?save@ConvexHullBuilder@physx@@QBE_NAAVPxOutputStream@2@_N@Z 10011b40 f   ConvexHullBuilder.obj
 0001:00010dd0       ?copy@ConvexHullBuilder@physx@@QAE_NAAUConvexHullData@Gu@2@AAI@Z 10011dd0 f   ConvexHullBuilder.obj
 0001:00011000       ?createEdgeList@ConvexHullBuilder@physx@@QAE_N_NI@Z 10012000 f   ConvexHullBuilder.obj
 0001:00011770       ?checkHullPolygons@ConvexHullBuilder@physx@@QBE_NXZ 10012770 f   ConvexHullBuilder.obj
 0001:00011b70       ?calculateVertexMapTable@ConvexHullBuilder@physx@@QAE_NI_N@Z 10012b70 f   ConvexHullBuilder.obj
 0001:00011d30       ?computeGeomCenter@ConvexHullBuilder@physx@@IBE_NAAVPxVec3@2@IPAUHullTriangleData@2@@Z 10012d30 f   ConvexHullBuilder.obj
 0001:00011f70       ??1ConvexHullLib@physx@@UAE@XZ 10012f70 f   ConvexHullLib.obj
 0001:00011fb0       ?cleanupVertices@ConvexHullLib@physx@@IAE_NIPBVPxVec3@2@IAAIPAV32@AAV32@3@Z 10012fb0 f   ConvexHullLib.obj
 0001:00012340       ?shiftAndcleanupVertices@ConvexHullLib@physx@@IAE_NIPBVPxVec3@2@IAAIPAV32@AAV32@3@Z 10013340 f   ConvexHullLib.obj
 0001:000124f0       ?swapLargestFace@ConvexHullLib@physx@@IAEXAAVPxConvexMeshDesc@2@@Z 100134f0 f   ConvexHullLib.obj
 0001:000126c0       ?shiftConvexMeshDesc@ConvexHullLib@physx@@IAEXAAVPxConvexMeshDesc@2@@Z 100136c0 f   ConvexHullLib.obj
 0001:00012760       ??_EConvexHullLib@physx@@UAEPAXI@Z 10013760 f i ConvexHullLib.obj
 0001:00012760       ??_GConvexHullLib@physx@@UAEPAXI@Z 10013760 f i ConvexHullLib.obj
 0001:00012ae0       ??0ConvexHull@physx@@QAE@ABVPxVec3@1@0ABV?$Array@VPxPlane@physx@@V?$ReflectionAllocator@VPxPlane@physx@@@shdfnd@2@@shdfnd@1@@Z 10013ae0 f   ConvexHullUtils.obj
 0001:00013580       ??0ConvexHull@physx@@QAE@ABVPxVec3@1@ABVPxTransform@1@ABV?$Array@VPxPlane@physx@@V?$ReflectionAllocator@VPxPlane@physx@@@shdfnd@2@@shdfnd@1@@Z 10014580 f   ConvexHullUtils.obj
 0001:000148e0       ?findCandidatePlane@ConvexHull@physx@@QBEHMM@Z 100158e0 f   ConvexHullUtils.obj
 0001:00014b60       ?assertIntact@ConvexHull@physx@@QBE_NM@Z 10015b60 f   ConvexHullUtils.obj
 0001:00014e40       ?maxNumVertsPerFace@ConvexHull@physx@@QBEIXZ 10015e40 f   ConvexHullUtils.obj
 0001:00014ec0       ?convexHullCrop@physx@@YAPAVConvexHull@1@ABV21@ABVPxPlane@1@M@Z 10015ec0 f   ConvexHullUtils.obj
 0001:00015fa0       ?computeOBBFromConvex@physx@@YA_NABVPxConvexMeshDesc@1@AAVPxVec3@1@AAVPxTransform@1@@Z 10016fa0 f   ConvexHullUtils.obj
 0001:00016710       ?computeOBBSIMD@local@@YAXIPBT__m128@@AAT2@ABT2@1@Z 10017710 f   ConvexHullUtils.obj
 0001:000168e0       ??0Box@Gu@physx@@QAE@ABV012@@Z 100178e0 f i ConvexHullUtils.obj
 0001:00016950       ??0Box@Gu@physx@@QAE@ABVPxVec3@2@0ABVPxMat33@2@@Z 10017950 f i ConvexHullUtils.obj
 0001:000169c0       ??0Box@Gu@physx@@QAE@XZ    100179c0 f i ConvexHullUtils.obj
 0001:000169d0       ??0HalfEdge@ConvexHull@physx@@QAE@XZ 100179d0 f i ConvexHullUtils.obj
 0001:000169e0       ??0PxPlane@physx@@QAE@XZ   100179e0 f i ConvexHullUtils.obj
 0001:000169f0       ??0PxQuat@physx@@QAE@ABVPxMat33@1@@Z 100179f0 f i ConvexHullUtils.obj
 0001:00016bc0       ??1Box@Gu@physx@@QAE@XZ    10017bc0 f i ConvexHullUtils.obj
 0001:00016bd0       ??4Box@Gu@physx@@QAEABV012@ABV012@@Z 10017bd0 f i ConvexHullUtils.obj
 0001:00016c40       ?allocate@?$Array@VHalfEdge@ConvexHull@physx@@V?$ReflectionAllocator@VHalfEdge@ConvexHull@physx@@@shdfnd@3@@shdfnd@physx@@IAEPAVHalfEdge@ConvexHull@3@I@Z 10017c40 f i ConvexHullUtils.obj
 0001:00016cb0       ?allocate@?$Array@VPxPlane@physx@@V?$ReflectionAllocator@VPxPlane@physx@@@shdfnd@2@@shdfnd@physx@@IAEPAVPxPlane@3@I@Z 10017cb0 f i ConvexHullUtils.obj
 0001:00016d20       ?computeAABBExtent@Box@Gu@physx@@QBE?AVPxVec3@3@XZ 10017d20 f i ConvexHullUtils.obj
 0001:00016dd0       ?computeBoxPoints@Box@Gu@physx@@QBEXPIAVPxVec3@3@@Z 10017dd0 f i ConvexHullUtils.obj
 0001:00016df0       ?copy@?$Array@VPxPlane@physx@@V?$ReflectionAllocator@VPxPlane@physx@@@shdfnd@2@@shdfnd@physx@@KAXPAVPxPlane@3@0PBV43@@Z 10017df0 f i ConvexHullUtils.obj
 0001:00016e40       ?getInverse@PxMat33@physx@@QBE?BV12@XZ 10017e40 f i ConvexHullUtils.obj
 0001:00017090       ?getTransform@Box@Gu@physx@@QBE?AVPxTransform@3@XZ 10018090 f i ConvexHullUtils.obj
 0001:000170e0       ?growAndPushBack@?$Array@VHalfEdge@ConvexHull@physx@@V?$ReflectionAllocator@VHalfEdge@ConvexHull@physx@@@shdfnd@3@@shdfnd@physx@@IAEAAVHalfEdge@ConvexHull@3@ABV453@@Z 100180e0 f i ConvexHullUtils.obj
 0001:00017190       ?growAndPushBack@?$Array@VPxPlane@physx@@V?$ReflectionAllocator@VPxPlane@physx@@@shdfnd@2@@shdfnd@physx@@IAEAAVPxPlane@3@ABV43@@Z 10018190 f i ConvexHullUtils.obj
 0001:00017220       ?isValid@Box@Gu@physx@@QBE_NXZ 10018220 f i ConvexHullUtils.obj
 0001:00017240       ?recreate@?$Array@VHalfEdge@ConvexHull@physx@@V?$ReflectionAllocator@VHalfEdge@ConvexHull@physx@@@shdfnd@3@@shdfnd@physx@@IAEXI@Z 10018240 f i ConvexHullUtils.obj
 0001:000172d0       ?recreate@?$Array@VPxPlane@physx@@V?$ReflectionAllocator@VPxPlane@physx@@@shdfnd@2@@shdfnd@physx@@IAEXI@Z 100182d0 f i ConvexHullUtils.obj
 0001:00017320       ?resize@?$Array@VHalfEdge@ConvexHull@physx@@V?$ReflectionAllocator@VHalfEdge@ConvexHull@physx@@@shdfnd@3@@shdfnd@physx@@QAEXIABVHalfEdge@ConvexHull@3@@Z 10018320 f i ConvexHullUtils.obj
 0001:000173c0       ?resize@?$Array@VPxPlane@physx@@V?$ReflectionAllocator@VPxPlane@physx@@@shdfnd@2@@shdfnd@physx@@QAEXIABVPxPlane@3@@Z 100183c0 f i ConvexHullUtils.obj
 0001:000174c0       ?resize@?$Array@VPxVec3@physx@@V?$ReflectionAllocator@VPxVec3@physx@@@shdfnd@2@@shdfnd@physx@@QAEXIABVPxVec3@3@@Z 100184c0 f i ConvexHullUtils.obj
 0001:00017590       ?rotate@Box@Gu@physx@@QBE?AVPxVec3@3@ABV43@@Z 10018590 f i ConvexHullUtils.obj
 0001:00017620       ?rotateInv@Box@Gu@physx@@QBE?AVPxVec3@3@ABV43@@Z 10018620 f i ConvexHullUtils.obj
 0001:000176b0       ?setAxes@Box@Gu@physx@@QAEXABVPxVec3@3@00@Z 100186b0 f i ConvexHullUtils.obj
 0001:00017700       ?setEmpty@Box@Gu@physx@@QAEXXZ 10018700 f i ConvexHullUtils.obj
 0001:00017770       ?transform@Box@Gu@physx@@QBE?AVPxVec3@3@ABV43@@Z 10018770 f i ConvexHullUtils.obj
 0001:00017810       ??0ConvexMeshBuilder@physx@@QAE@_N@Z 10018810 f   ConvexMeshBuilder.obj
 0001:00017870       ??1ConvexMeshBuilder@physx@@QAE@XZ 10018870 f   ConvexMeshBuilder.obj
 0001:000178a0       ?build@ConvexMeshBuilder@physx@@QAE_NABVPxConvexMeshDesc@2@I_NPAVConvexHullLib@2@@Z 100188a0 f   ConvexMeshBuilder.obj
 0001:00017b50       ?save@ConvexMeshBuilder@physx@@QBE_NAAVPxOutputStream@2@_N@Z 10018b50 f   ConvexMeshBuilder.obj
 0001:00017d40       ?copy@ConvexMeshBuilder@physx@@QAE_NAAUConvexHullData@Gu@2@AAI@Z 10018d40 f   ConvexMeshBuilder.obj
 0001:00017db0       ?loadConvexHull@ConvexMeshBuilder@physx@@QAE_NABVPxConvexMeshDesc@2@PAVConvexHullLib@2@@Z 10018db0 f   ConvexMeshBuilder.obj
 0001:00017fb0       ?computeHullPolygons@ConvexMeshBuilder@physx@@QAE_NABIPBVPxVec3@2@0PBIAAVPxAllocatorCallback@2@AAIAAPAV32@4AAPAI4AAPAUPxHullPolygon@2@@Z 10018fb0 f   ConvexMeshBuilder.obj
 0001:00018130       ?computeGaussMaps@ConvexMeshBuilder@physx@@QAE_NXZ 10019130 f   ConvexMeshBuilder.obj
 0001:000181e0       ?computeMassInfo@ConvexMeshBuilder@physx@@QAEX_N@Z 100191e0 f   ConvexMeshBuilder.obj
 0001:00018640       ?computeInternalObjects@ConvexMeshBuilder@physx@@QAEXXZ 10019640 f   ConvexMeshBuilder.obj
 0001:00018af0       ?isFinite@PxVec3@physx@@QBE_NXZ 10019af0 f i ConvexMeshBuilder.obj
 0001:00018b60       ??0ConvexPolygonsBuilder@physx@@QAE@PAUConvexHullData@Gu@1@_N@Z 10019b60 f   ConvexPolygonsBuilder.obj
 0001:00018b90       ??1ConvexPolygonsBuilder@physx@@QAE@XZ 10019b90 f   ConvexPolygonsBuilder.obj
 0001:00018bc0       ?computeHullPolygons@ConvexPolygonsBuilder@physx@@QAE_NABIPBVPxVec3@2@0PBI@Z 10019bc0 f   ConvexPolygonsBuilder.obj
 0001:00018e40       ?createPolygonData@ConvexPolygonsBuilder@physx@@AAE_NXZ 10019e40 f   ConvexPolygonsBuilder.obj
 0001:000199a0       ?createTrianglesFromPolygons@ConvexPolygonsBuilder@physx@@AAE_NXZ 1001a9a0 f   ConvexPolygonsBuilder.obj
 0001:00019e60       ??$?_UE@@YAPAXIV?$ReflectionAllocator@E@shdfnd@physx@@PBDH@Z 1001ae60 f i ConvexPolygonsBuilder.obj
 0001:00019ec0       ??$copy@V?$ReflectionAllocator@VPair@@@shdfnd@physx@@@?$Array@VPair@@V?$ReflectionAllocator@VPair@@@shdfnd@physx@@@shdfnd@physx@@IAEXABV012@@Z 1001aec0 f i ConvexPolygonsBuilder.obj
 0001:0001a610       ?allocate@?$Array@IV?$ReflectionAllocator@I@shdfnd@physx@@@shdfnd@physx@@IAEPAII@Z 1001b610 f i ConvexPolygonsBuilder.obj
 0001:0001a680       ?allocate@?$Array@VPair@@V?$ReflectionAllocator@VPair@@@shdfnd@physx@@@shdfnd@physx@@IAEPAVPair@@I@Z 1001b680 f i ConvexPolygonsBuilder.obj
 0001:0001ad10       ?copy@?$Array@VPair@@V?$ReflectionAllocator@VPair@@@shdfnd@physx@@@shdfnd@physx@@KAXPAVPair@@0PBV4@@Z 1001bd10 f i ConvexPolygonsBuilder.obj
 0001:0001ba40       ?growAndPushBack@?$Array@VPair@@V?$ReflectionAllocator@VPair@@@shdfnd@physx@@@shdfnd@physx@@IAEAAVPair@@ABV4@@Z 1001ca40 f i ConvexPolygonsBuilder.obj
 0001:0001bac0       ??0QuickHullConvexHullLib@physx@@QAE@ABVPxConvexMeshDesc@1@ABUPxCookingParams@1@@Z 1001cac0 f   QuickHullConvexHullLib.obj
 0001:0001bb80       ??1QuickHullConvexHullLib@physx@@UAE@XZ 1001cb80 f   QuickHullConvexHullLib.obj
 0001:0001bc00       ?createConvexHull@QuickHullConvexHullLib@physx@@UAE?AW4Enum@PxConvexMeshCookingResult@2@XZ 1001cc00 f   QuickHullConvexHullLib.obj
 0001:0001c0f0       ?fillConvexMeshDesc@QuickHullConvexHullLib@physx@@UAEXAAVPxConvexMeshDesc@2@@Z 1001d0f0 f   QuickHullConvexHullLib.obj
 0001:0001c130       ?createEdgeList@QuickHullConvexHullLib@physx@@UAE_NIPBEPAPAEPAPAG2@Z 1001d130 f   QuickHullConvexHullLib.obj
 0001:0001c370       ?expandHullOBB@QuickHullConvexHullLib@physx@@IAE?AW4Enum@PxConvexMeshCookingResult@2@XZ 1001d370 f   QuickHullConvexHullLib.obj
 0001:0001c770       ?expandHull@QuickHullConvexHullLib@physx@@IAE?AW4Enum@PxConvexMeshCookingResult@2@XZ 1001d770 f   QuickHullConvexHullLib.obj
 0001:0001cdd0       ?cleanupForSimplex@QuickHullConvexHullLib@physx@@IAE_NPAVPxVec3@2@IPAUQuickHullVertex@local@@1AAM2@Z 1001ddd0 f   QuickHullConvexHullLib.obj
 0001:0001d4d0       ?fillConvexMeshDescFromQuickHull@QuickHullConvexHullLib@physx@@IAEXAAVPxConvexMeshDesc@2@@Z 1001e4d0 f   QuickHullConvexHullLib.obj
 0001:0001d8a0       ?fillConvexMeshDescFromCroppedHull@QuickHullConvexHullLib@physx@@IAEXAAVPxConvexMeshDesc@2@@Z 1001e8a0 f   QuickHullConvexHullLib.obj
 0001:0001da60       ?getOppositeFaceDistance@QuickHullHalfEdge@local@@QBEMXZ 1001ea60 f   QuickHullConvexHullLib.obj
 0001:0001daa0       ?mergeAdjacentFace@QuickHullFace@local@@QAE_NPAUQuickHullHalfEdge@2@AAV?$Array@PAUQuickHullFace@local@@V?$ReflectionAllocator@PAUQuickHullFace@local@@@shdfnd@physx@@@shdfnd@physx@@@Z 1001eaa0 f   QuickHullConvexHullLib.obj
 0001:0001dea0       ?checkFaceConsistency@QuickHullFace@local@@QAE_NXZ 1001eea0 f   QuickHullConvexHullLib.obj
 0001:0001deb0       ?connectHalfEdges@QuickHullFace@local@@AAEPAU12@PAUQuickHullHalfEdge@2@0@Z 1001eeb0 f   QuickHullConvexHullLib.obj
 0001:0001e1d0       ??0QuickHull@local@@QAE@ABUPxCookingParams@physx@@ABVPxConvexMeshDesc@3@@Z 1001f1d0 f   QuickHullConvexHullLib.obj
 0001:0001e320       ??1QuickHull@local@@QAE@XZ 1001f320 f   QuickHullConvexHullLib.obj
 0001:0001e420       ?preallocate@QuickHull@local@@QAEXI@Z 1001f420 f   QuickHullConvexHullLib.obj
 0001:0001e590       ?parseInputVertices@QuickHull@local@@QAEXPBVPxVec3@physx@@I@Z 1001f590 f   QuickHullConvexHullLib.obj
 0001:0001e5f0       ?releaseHull@QuickHull@local@@QAEXXZ 1001f5f0 f   QuickHullConvexHullLib.obj
 0001:0001e620       ?setPrecomputedMinMax@QuickHull@local@@QAEXPBUQuickHullVertex@2@0MM@Z 1001f620 f   QuickHullConvexHullLib.obj
 0001:0001e790       ?buildHull@QuickHull@local@@QAE?AW4Enum@QuickHullResult@2@XZ 1001f790 f   QuickHullConvexHullLib.obj
 0001:0001ea10       ?maxNumVertsPerFace@QuickHull@local@@QBEIXZ 1001fa10 f   QuickHullConvexHullLib.obj
 0001:0001ea40       ?computeMinMaxVerts@QuickHull@local@@IAEXXZ 1001fa40 f   QuickHullConvexHullLib.obj
 0001:0001ed90       ?findSimplex@QuickHull@local@@IAE_NXZ 1001fd90 f   QuickHullConvexHullLib.obj
 0001:0001f240       ?addSimplex@QuickHull@local@@IAEXPAUQuickHullVertex@2@_N@Z 10020240 f   QuickHullConvexHullLib.obj
 0001:0001f5d0       ?nextPointToAdd@QuickHull@local@@IAEPAUQuickHullVertex@2@AAPAUQuickHullFace@2@@Z 100205d0 f   QuickHullConvexHullLib.obj
 0001:0001f640       ?addPointToHull@QuickHull@local@@IAE_NPBUQuickHullVertex@2@AAUQuickHullFace@2@AA_N@Z 10020640 f   QuickHullConvexHullLib.obj
 0001:0001f960       ?createTriangle@QuickHull@local@@IAEPAUQuickHullFace@2@ABUQuickHullVertex@2@00@Z 10020960 f   QuickHullConvexHullLib.obj
 0001:0001fce0       ?addPointToFace@QuickHull@local@@IAEXAAUQuickHullFace@2@PAUQuickHullVertex@2@M@Z 10020ce0 f   QuickHullConvexHullLib.obj
 0001:0001fd30       ?removeEyePointFromFace@QuickHull@local@@IAEXAAUQuickHullFace@2@PBUQuickHullVertex@2@@Z 10020d30 f   QuickHullConvexHullLib.obj
 0001:0001fd40       ?calculateHorizon@QuickHull@local@@IAEXABVPxVec3@physx@@PAUQuickHullHalfEdge@2@AAUQuickHullFace@2@AAV?$Array@PAUQuickHullHalfEdge@local@@V?$ReflectionAllocator@PAUQuickHullHalfEdge@local@@@shdfnd@physx@@@shdfnd@4@AAV?$Array@PAUQuickHullFace@local@@V?$ReflectionAllocator@PAUQuickHullFace@local@@@shdfnd@physx@@@84@@Z 10020d40 f   QuickHullConvexHullLib.obj
 0001:0001fe50       ?addNewFacesFromHorizon@QuickHull@local@@IAEXPBUQuickHullVertex@2@ABV?$Array@PAUQuickHullHalfEdge@local@@V?$ReflectionAllocator@PAUQuickHullHalfEdge@local@@@shdfnd@physx@@@shdfnd@physx@@AAV?$Array@PAUQuickHullFace@local@@V?$ReflectionAllocator@PAUQuickHullFace@local@@@shdfnd@physx@@@56@@Z 10020e50 f   QuickHullConvexHullLib.obj
 0001:0001ff60       ?doAdjacentMerge@QuickHull@local@@IAE_NAAUQuickHullFace@2@_NAA_N@Z 10020f60 f   QuickHullConvexHullLib.obj
 0001:000201a0       ?doPostAdjacentMerge@QuickHull@local@@IAE_NAAUQuickHullFace@2@M@Z 100211a0 f   QuickHullConvexHullLib.obj
 0001:00020290       ?deleteFacePoints@QuickHull@local@@IAEXAAUQuickHullFace@2@PAU32@@Z 10021290 f   QuickHullConvexHullLib.obj
 0001:00020380       ?resolveUnclaimedPoints@QuickHull@local@@IAEXABV?$Array@PAUQuickHullFace@local@@V?$ReflectionAllocator@PAUQuickHullFace@local@@@shdfnd@physx@@@shdfnd@physx@@@Z 10021380 f   QuickHullConvexHullLib.obj
 0001:00020480       ?postMergeHull@QuickHull@local@@IAEXXZ 10021480 f   QuickHullConvexHullLib.obj
 0001:000205b0       ?canMergeFaces@QuickHull@local@@IAE_NABUQuickHullHalfEdge@2@@Z 100215b0 f   QuickHullConvexHullLib.obj
 0001:00020ca0       ?getExpandPoint@local@@YAXABUQuickHullHalfEdge@1@AAUExpandPoint@1@PBV?$Array@IV?$ReflectionAllocator@I@shdfnd@physx@@@shdfnd@physx@@@Z 10021ca0 f   QuickHullConvexHullLib.obj
 0001:00020d30       ?addExpandPoint@local@@YAXABUExpandPoint@1@AAV?$Array@UExpandPoint@local@@V?$ReflectionAllocator@UExpandPoint@local@@@shdfnd@physx@@@shdfnd@physx@@@Z 10021d30 f   QuickHullConvexHullLib.obj
 0001:00020e10       ??0PxPlane@physx@@QAE@ABV01@@Z 10021e10 f i QuickHullConvexHullLib.obj
 0001:00020e30       ??0QuickHullVertex@local@@QAE@XZ 10021e30 f i QuickHullConvexHullLib.obj
 0001:00020e40       ??1?$MemBlock@UQuickHullFace@local@@$00@local@@QAE@XZ 10021e40 f i QuickHullConvexHullLib.obj
 0001:00020ea0       ??1?$MemBlock@UQuickHullHalfEdge@local@@$0A@@local@@QAE@XZ 10021ea0 f i QuickHullConvexHullLib.obj
 0001:00020f00       ??_GConvexHull@physx@@QAEPAXI@Z 10021f00 f i QuickHullConvexHullLib.obj
 0001:00020fa0       ??_GQuickHullConvexHullLib@physx@@UAEPAXI@Z 10021fa0 f i QuickHullConvexHullLib.obj
 0001:00020fa0       ??_EQuickHullConvexHullLib@physx@@UAEPAXI@Z 10021fa0 f i QuickHullConvexHullLib.obj
 0001:00021050       ??__G@YGXPAX0IIP6EPAX00@Z@Z 10022050 f i QuickHullConvexHullLib.obj
 0001:00021090       ?allocate@?$Array@PAUQuickHullFace@local@@V?$ReflectionAllocator@PAUQuickHullFace@local@@@shdfnd@physx@@@shdfnd@physx@@IAEPAPAUQuickHullFace@local@@I@Z 10022090 f i QuickHullConvexHullLib.obj
 0001:00021100       ?allocate@?$Array@PAUQuickHullHalfEdge@local@@V?$ReflectionAllocator@PAUQuickHullHalfEdge@local@@@shdfnd@physx@@@shdfnd@physx@@IAEPAPAUQuickHullHalfEdge@local@@I@Z 10022100 f i QuickHullConvexHullLib.obj
 0001:00021170       ?allocate@?$Array@PAUQuickHullVertex@local@@V?$ReflectionAllocator@PAUQuickHullVertex@local@@@shdfnd@physx@@@shdfnd@physx@@IAEPAPAUQuickHullVertex@local@@I@Z 10022170 f i QuickHullConvexHullLib.obj
 0001:000211e0       ?allocate@?$Array@UExpandPoint@local@@V?$ReflectionAllocator@UExpandPoint@local@@@shdfnd@physx@@@shdfnd@physx@@IAEPAUExpandPoint@local@@I@Z 100221e0 f i QuickHullConvexHullLib.obj
 0001:00021250       ?copy@?$Array@UExpandPoint@local@@V?$ReflectionAllocator@UExpandPoint@local@@@shdfnd@physx@@@shdfnd@physx@@KAXPAUExpandPoint@local@@0PBU45@@Z 10022250 f i QuickHullConvexHullLib.obj
 0001:000212e0       ?getFreeItem@?$MemBlock@UQuickHullFace@local@@$00@local@@QAEPAUQuickHullFace@2@XZ 100222e0 f i QuickHullConvexHullLib.obj
 0001:000213c0       ?getFreeItem@?$MemBlock@UQuickHullHalfEdge@local@@$0A@@local@@QAEPAUQuickHullHalfEdge@2@XZ 100223c0 f i QuickHullConvexHullLib.obj
 0001:00021460       ?growAndPushBack@?$Array@PAUQuickHullFace@local@@V?$ReflectionAllocator@PAUQuickHullFace@local@@@shdfnd@physx@@@shdfnd@physx@@IAEAAPAUQuickHullFace@local@@ABQAU45@@Z 10022460 f i QuickHullConvexHullLib.obj
 0001:00021510       ?growAndPushBack@?$Array@PAUQuickHullHalfEdge@local@@V?$ReflectionAllocator@PAUQuickHullHalfEdge@local@@@shdfnd@physx@@@shdfnd@physx@@IAEAAPAUQuickHullHalfEdge@local@@ABQAU45@@Z 10022510 f i QuickHullConvexHullLib.obj
 0001:000215c0       ?growAndPushBack@?$Array@PAUQuickHullVertex@local@@V?$ReflectionAllocator@PAUQuickHullVertex@local@@@shdfnd@physx@@@shdfnd@physx@@IAEAAPAUQuickHullVertex@local@@ABQAU45@@Z 100225c0 f i QuickHullConvexHullLib.obj
 0001:00021670       ?growAndPushBack@?$Array@UExpandPoint@local@@V?$ReflectionAllocator@UExpandPoint@local@@@shdfnd@physx@@@shdfnd@physx@@IAEAAUExpandPoint@local@@ABU45@@Z 10022670 f i QuickHullConvexHullLib.obj
 0001:00021760       ?init@?$MemBlock@UQuickHullFace@local@@$00@local@@QAEXI@Z 10022760 f i QuickHullConvexHullLib.obj
 0001:00021800       ?recreate@?$Array@PAUQuickHullFace@local@@V?$ReflectionAllocator@PAUQuickHullFace@local@@@shdfnd@physx@@@shdfnd@physx@@IAEXI@Z 10022800 f i QuickHullConvexHullLib.obj
 0001:00021890       ?recreate@?$Array@PAUQuickHullHalfEdge@local@@V?$ReflectionAllocator@PAUQuickHullHalfEdge@local@@@shdfnd@physx@@@shdfnd@physx@@IAEXI@Z 10022890 f i QuickHullConvexHullLib.obj
 0001:00021920       ?recreate@?$Array@PAUQuickHullVertex@local@@V?$ReflectionAllocator@PAUQuickHullVertex@local@@@shdfnd@physx@@@shdfnd@physx@@IAEXI@Z 10022920 f i QuickHullConvexHullLib.obj
 0001:000219b0       ?recreate@?$Array@UExpandPoint@local@@V?$ReflectionAllocator@UExpandPoint@local@@@shdfnd@physx@@@shdfnd@physx@@IAEXI@Z 100229b0 f i QuickHullConvexHullLib.obj
 0001:00021a00       ?computeVolumeIntegrals@physx@@YA_NABVPxSimpleTriangleMesh@1@MAAUPxIntegrals@1@@Z 10022a00 f   VolumeIntegration.obj
 0001:00021a70       ?computeVolumeIntegralsEberly@physx@@YA_NABVPxConvexMeshDesc@1@MAAUPxIntegrals@1@ABVPxVec3@1@@Z 10022a70 f   VolumeIntegration.obj
 0001:00021ac0       ?computeVolumeIntegralsEberlySIMD@physx@@YA_NABVPxConvexMeshDesc@1@MAAUPxIntegrals@1@ABVPxVec3@1@@Z 10022ac0 f   VolumeIntegration.obj
 0001:00023f70       _PxSetPhysXCookingDelayLoadHook 10024f70 f   WindowsCookingDelayLoadHook.obj
 0001:00023f80       ?cookingDelayHook@@YGP6GHXZIPAUDelayLoadInfo@@@Z 10024f80 f   WindowsCookingDelayLoadHook.obj
 0001:00024020       __imp_load_??0RadixSortBuffered@Cm@physx@@QAE@XZ 10025020 f   PhysXCommon_32:PhysXCommon_32.dll
 0001:0002402a       ??0RadixSortBuffered@Cm@physx@@QAE@XZ 1002502a f   PhysXCommon_32:PhysXCommon_32.dll
 0001:00024030       __tailMerge_physxcommon_32_dll 10025030     PhysXCommon_32:PhysXCommon_32.dll
 0001:00024041       __imp_load_??1RadixSortBuffered@Cm@physx@@UAE@XZ 10025041 f   PhysXCommon_32:PhysXCommon_32.dll
 0001:0002404b       ??1RadixSortBuffered@Cm@physx@@UAE@XZ 1002504b f   PhysXCommon_32:PhysXCommon_32.dll
 0001:00024051       __imp_load_?Sort@RadixSortBuffered@Cm@physx@@QAEAAV123@PBIIW4RadixHint@23@@Z 10025051 f   PhysXCommon_32:PhysXCommon_32.dll
 0001:0002405b       ?Sort@RadixSortBuffered@Cm@physx@@QAEAAV123@PBIIW4RadixHint@23@@Z 1002505b f   PhysXCommon_32:PhysXCommon_32.dll
 0001:00024061       __imp_load_?readDword@physx@@YAI_NAAVPxInputStream@1@@Z 10025061 f   PhysXCommon_32:PhysXCommon_32.dll
 0001:0002406b       ?readDword@physx@@YAI_NAAVPxInputStream@1@@Z 1002506b f   PhysXCommon_32:PhysXCommon_32.dll
 0001:00024071       __imp_load_?ReadHeader@Gu@physx@@YA_NEEEEAAIAA_NAAVPxInputStream@2@@Z 10025071 f   PhysXCommon_32:PhysXCommon_32.dll
 0001:0002407b       ?ReadHeader@Gu@physx@@YA_NEEEEAAIAA_NAAVPxInputStream@2@@Z 1002507b f   PhysXCommon_32:PhysXCommon_32.dll
 0001:00024081       __imp_load_?exportExtraData@ConvexMesh@Gu@physx@@UAEXAAVPxSerializationContext@3@@Z 10025081 f   PhysXCommon_32:PhysXCommon_32.dll
 0001:0002408b       ?exportExtraData@ConvexMesh@Gu@physx@@UAEXAAVPxSerializationContext@3@@Z 1002508b f   PhysXCommon_32:PhysXCommon_32.dll
 0001:00024091       __imp_load_?onRefCountZero@ConvexMesh@Gu@physx@@UAEXXZ 10025091 f   PhysXCommon_32:PhysXCommon_32.dll
 0001:0002409b       ?onRefCountZero@ConvexMesh@Gu@physx@@UAEXXZ 1002509b f   PhysXCommon_32:PhysXCommon_32.dll
 0001:000240a1       __imp_load_?release@ConvexMesh@Gu@physx@@UAEXXZ 100250a1 f   PhysXCommon_32:PhysXCommon_32.dll
 0001:000240ab       ?release@ConvexMesh@Gu@physx@@UAEXXZ 100250ab f   PhysXCommon_32:PhysXCommon_32.dll
 0001:000240b1       __imp_load_?getPolygonData@ConvexMesh@Gu@physx@@UBE_NIAAUPxHullPolygon@3@@Z 100250b1 f   PhysXCommon_32:PhysXCommon_32.dll
 0001:000240bb       ?getPolygonData@ConvexMesh@Gu@physx@@UBE_NIAAUPxHullPolygon@3@@Z 100250bb f   PhysXCommon_32:PhysXCommon_32.dll
 0001:000240c1       __imp_load_?isGpuCompatible@ConvexMesh@Gu@physx@@UBE_NXZ 100250c1 f   PhysXCommon_32:PhysXCommon_32.dll
 0001:000240cb       ?isGpuCompatible@ConvexMesh@Gu@physx@@UBE_NXZ 100250cb f   PhysXCommon_32:PhysXCommon_32.dll
 0001:000240d1       __imp_load_?getReferenceCount@ConvexMesh@Gu@physx@@UBEIXZ 100250d1 f   PhysXCommon_32:PhysXCommon_32.dll
 0001:000240db       ?getReferenceCount@ConvexMesh@Gu@physx@@UBEIXZ 100250db f   PhysXCommon_32:PhysXCommon_32.dll
 0001:000240e1       __imp_load_?acquireReference@ConvexMesh@Gu@physx@@UAEXXZ 100250e1 f   PhysXCommon_32:PhysXCommon_32.dll
 0001:000240eb       ?acquireReference@ConvexMesh@Gu@physx@@UAEXXZ 100250eb f   PhysXCommon_32:PhysXCommon_32.dll
 0001:000240f1       __imp_load_?getMassInformation@ConvexMesh@Gu@physx@@UBEXAAMAAVPxMat33@3@AAVPxVec3@3@@Z 100250f1 f   PhysXCommon_32:PhysXCommon_32.dll
 0001:000240fb       ?getMassInformation@ConvexMesh@Gu@physx@@UBEXAAMAAVPxMat33@3@AAVPxVec3@3@@Z 100250fb f   PhysXCommon_32:PhysXCommon_32.dll
 0001:00024101       __imp_load_?getLocalBounds@ConvexMesh@Gu@physx@@UBE?AVPxBounds3@3@XZ 10025101 f   PhysXCommon_32:PhysXCommon_32.dll
 0001:0002410b       ?getLocalBounds@ConvexMesh@Gu@physx@@UBE?AVPxBounds3@3@XZ 1002510b f   PhysXCommon_32:PhysXCommon_32.dll
 0001:00024111       __imp_load_??1ConvexMesh@Gu@physx@@UAE@XZ 10025111 f   PhysXCommon_32:PhysXCommon_32.dll
 0001:0002411b       ??1ConvexMesh@Gu@physx@@UAE@XZ 1002511b f   PhysXCommon_32:PhysXCommon_32.dll
 0001:00024121       __imp_load_??0HeightField@Gu@physx@@QAE@PAVGuMeshFactory@2@@Z 10025121 f   PhysXCommon_32:PhysXCommon_32.dll
 0001:0002412b       ??0HeightField@Gu@physx@@QAE@PAVGuMeshFactory@2@@Z 1002512b f   PhysXCommon_32:PhysXCommon_32.dll
 0001:00024131       __imp_load_?loadFromDesc@HeightField@Gu@physx@@QAE_NABVPxHeightFieldDesc@3@@Z 10025131 f   PhysXCommon_32:PhysXCommon_32.dll
 0001:0002413b       ?loadFromDesc@HeightField@Gu@physx@@QAE_NABVPxHeightFieldDesc@3@@Z 1002513b f   PhysXCommon_32:PhysXCommon_32.dll
 0001:00024141       __imp_load_?computeCellCoordinates@HeightField@Gu@physx@@QBEIMMAAM0@Z 10025141 f   PhysXCommon_32:PhysXCommon_32.dll
 0001:0002414b       ?computeCellCoordinates@HeightField@Gu@physx@@QBEIMMAAM0@Z 1002514b f   PhysXCommon_32:PhysXCommon_32.dll
 0001:00024151       __imp_load_?releaseMemory@HeightField@Gu@physx@@QAEXXZ 10025151 f   PhysXCommon_32:PhysXCommon_32.dll
 0001:0002415b       ?releaseMemory@HeightField@Gu@physx@@QAEXXZ 1002515b f   PhysXCommon_32:PhysXCommon_32.dll
 0001:00024161       __imp_load_??1HeightField@Gu@physx@@UAE@XZ 10025161 f   PhysXCommon_32:PhysXCommon_32.dll
 0001:0002416b       ??1HeightField@Gu@physx@@UAE@XZ 1002516b f   PhysXCommon_32:PhysXCommon_32.dll
 0001:00024171       __imp_load_??0NodeAllocator@Gu@physx@@QAE@XZ 10025171 f   PhysXCommon_32:PhysXCommon_32.dll
 0001:0002417b       ??0NodeAllocator@Gu@physx@@QAE@XZ 1002517b f   PhysXCommon_32:PhysXCommon_32.dll
 0001:00024181       __imp_load_??1NodeAllocator@Gu@physx@@QAE@XZ 10025181 f   PhysXCommon_32:PhysXCommon_32.dll
 0001:0002418b       ??1NodeAllocator@Gu@physx@@QAE@XZ 1002518b f   PhysXCommon_32:PhysXCommon_32.dll
 0001:00024191       __imp_load_?release@NodeAllocator@Gu@physx@@QAEXXZ 10025191 f   PhysXCommon_32:PhysXCommon_32.dll
 0001:0002419b       ?release@NodeAllocator@Gu@physx@@QAEXXZ 1002519b f   PhysXCommon_32:PhysXCommon_32.dll
 0001:000241a1       __imp_load_?buildAABBTree@Gu@physx@@YA_NAAVAABBTreeBuildParams@12@AAVNodeAllocator@12@AAUBuildStats@12@AAPAI@Z 100251a1 f   PhysXCommon_32:PhysXCommon_32.dll
 0001:000241ab       ?buildAABBTree@Gu@physx@@YA_NAAVAABBTreeBuildParams@12@AAVNodeAllocator@12@AAUBuildStats@12@AAPAI@Z 100251ab f   PhysXCommon_32:PhysXCommon_32.dll
 0001:000241b1       __imp_load_?writeDword@physx@@YAXI_NAAVPxOutputStream@1@@Z 100251b1 f   PhysXCommon_32:PhysXCommon_32.dll
 0001:000241bb       ?writeDword@physx@@YAXI_NAAVPxOutputStream@1@@Z 100251bb f   PhysXCommon_32:PhysXCommon_32.dll
 0001:000241c1       __imp_load_?writeFloatBuffer@physx@@YAXPBMI_NAAVPxOutputStream@1@@Z 100251c1 f   PhysXCommon_32:PhysXCommon_32.dll
 0001:000241cb       ?writeFloatBuffer@physx@@YAXPBMI_NAAVPxOutputStream@1@@Z 100251cb f   PhysXCommon_32:PhysXCommon_32.dll
 0001:000241d1       __imp_load_?writeHeader@physx@@YA_NCCCCI_NAAVPxOutputStream@1@@Z 100251d1 f   PhysXCommon_32:PhysXCommon_32.dll
 0001:000241db       ?writeHeader@physx@@YA_NCCCCI_NAAVPxOutputStream@1@@Z 100251db f   PhysXCommon_32:PhysXCommon_32.dll
 0001:000241e1       __imp_load_?writeWord@physx@@YAXG_NAAVPxOutputStream@1@@Z 100251e1 f   PhysXCommon_32:PhysXCommon_32.dll
 0001:000241eb       ?writeWord@physx@@YAXG_NAAVPxOutputStream@1@@Z 100251eb f   PhysXCommon_32:PhysXCommon_32.dll
 0001:000241f1       __imp_load_?writeFloat@physx@@YAXM_NAAVPxOutputStream@1@@Z 100251f1 f   PhysXCommon_32:PhysXCommon_32.dll
 0001:000241fb       ?writeFloat@physx@@YAXM_NAAVPxOutputStream@1@@Z 100251fb f   PhysXCommon_32:PhysXCommon_32.dll
 0001:00024201       __imp_load_?computeBoundsAroundVertices@Gu@physx@@YAXAAVPxBounds3@2@IPIBVPxVec3@2@@Z 10025201 f   PhysXCommon_32:PhysXCommon_32.dll
 0001:0002420b       ?computeBoundsAroundVertices@Gu@physx@@YAXAAVPxBounds3@2@IPIBVPxVec3@2@@Z 1002520b f   PhysXCommon_32:PhysXCommon_32.dll
 0001:00024211       __imp_load_??0SourceMesh@Gu@physx@@QAE@XZ 10025211 f   PhysXCommon_32:PhysXCommon_32.dll
 0001:0002421b       ??0SourceMesh@Gu@physx@@QAE@XZ 1002521b f   PhysXCommon_32:PhysXCommon_32.dll
 0001:00024221       __imp_load_??1SourceMesh@Gu@physx@@QAE@XZ 10025221 f   PhysXCommon_32:PhysXCommon_32.dll
 0001:0002422b       ??1SourceMesh@Gu@physx@@QAE@XZ 1002522b f   PhysXCommon_32:PhysXCommon_32.dll
 0001:00024231       __imp_load_??0BV4Tree@Gu@physx@@QAE@XZ 10025231 f   PhysXCommon_32:PhysXCommon_32.dll
 0001:0002423b       ??0BV4Tree@Gu@physx@@QAE@XZ 1002523b f   PhysXCommon_32:PhysXCommon_32.dll
 0001:00024241       __imp_load_??1BV4Tree@Gu@physx@@QAE@XZ 10025241 f   PhysXCommon_32:PhysXCommon_32.dll
 0001:0002424b       ??1BV4Tree@Gu@physx@@QAE@XZ 1002524b f   PhysXCommon_32:PhysXCommon_32.dll
 0001:00024251       __imp_load_??0BV32Tree@Gu@physx@@QAE@XZ 10025251 f   PhysXCommon_32:PhysXCommon_32.dll
 0001:0002425b       ??0BV32Tree@Gu@physx@@QAE@XZ 1002525b f   PhysXCommon_32:PhysXCommon_32.dll
 0001:00024261       __imp_load_??1BV32Tree@Gu@physx@@QAE@XZ 10025261 f   PhysXCommon_32:PhysXCommon_32.dll
 0001:0002426b       ??1BV32Tree@Gu@physx@@QAE@XZ 1002526b f   PhysXCommon_32:PhysXCommon_32.dll
 0001:00024271       __imp_load_?writeWordBuffer@physx@@YAXPBGI_NAAVPxOutputStream@1@@Z 10025271 f   PhysXCommon_32:PhysXCommon_32.dll
 0001:0002427b       ?writeWordBuffer@physx@@YAXPBGI_NAAVPxOutputStream@1@@Z 1002527b f   PhysXCommon_32:PhysXCommon_32.dll
 0001:00024281       __imp_load_?computeMaxIndex@physx@@YAIPBII@Z 10025281 f   PhysXCommon_32:PhysXCommon_32.dll
 0001:0002428b       ?computeMaxIndex@physx@@YAIPBII@Z 1002528b f   PhysXCommon_32:PhysXCommon_32.dll
 0001:00024291       __imp_load_?storeIndices@physx@@YAXIIPBIAAVPxOutputStream@1@_N@Z 10025291 f   PhysXCommon_32:PhysXCommon_32.dll
 0001:0002429b       ?storeIndices@physx@@YAXIIPBIAAVPxOutputStream@1@_N@Z 1002529b f   PhysXCommon_32:PhysXCommon_32.dll
 0001:000242a1       __imp_load_?BuildBV4Ex@Gu@physx@@YA_NAAVBV4Tree@12@AAVSourceMesh@12@MI@Z 100252a1 f   PhysXCommon_32:PhysXCommon_32.dll
 0001:000242ab       ?BuildBV4Ex@Gu@physx@@YA_NAAVBV4Tree@12@AAVSourceMesh@12@MI@Z 100252ab f   PhysXCommon_32:PhysXCommon_32.dll
 0001:000242b1       __imp_load_?BuildBV32Ex@Gu@physx@@YA_NAAVBV32Tree@12@AAVSourceMesh@12@MI@Z 100252b1 f   PhysXCommon_32:PhysXCommon_32.dll
 0001:000242bb       ?BuildBV32Ex@Gu@physx@@YA_NAAVBV32Tree@12@AAVSourceMesh@12@MI@Z 100252bb f   PhysXCommon_32:PhysXCommon_32.dll
 0001:000242c1       __imp_load_?computeMaxIndex@physx@@YAGPBGI@Z 100252c1 f   PhysXCommon_32:PhysXCommon_32.dll
 0001:000242cb       ?computeMaxIndex@physx@@YAGPBGI@Z 100252cb f   PhysXCommon_32:PhysXCommon_32.dll
 0001:000242d1       __imp_load_?WriteHeader@Gu@physx@@YA_NEEEEI_NAAVPxOutputStream@2@@Z 100252d1 f   PhysXCommon_32:PhysXCommon_32.dll
 0001:000242db       ?WriteHeader@Gu@physx@@YA_NEEEEI_NAAVPxOutputStream@2@@Z 100252db f   PhysXCommon_32:PhysXCommon_32.dll
 0001:000242e1       __imp_load_?StoreIndices@Gu@physx@@YAXGIPBGAAVPxOutputStream@2@_N@Z 100252e1 f   PhysXCommon_32:PhysXCommon_32.dll
 0001:000242eb       ?StoreIndices@Gu@physx@@YAXGIPBGAAVPxOutputStream@2@_N@Z 100252eb f   PhysXCommon_32:PhysXCommon_32.dll
 0001:000242f1       __imp_load_?CreateOffsets@BigConvexData@physx@@IAEXXZ 100252f1 f   PhysXCommon_32:PhysXCommon_32.dll
 0001:000242fb       ?CreateOffsets@BigConvexData@physx@@IAEXXZ 100252fb f   PhysXCommon_32:PhysXCommon_32.dll
 0001:00024301       __imp_load_?computeOBBPoints@Gu@physx@@YAXPIAVPxVec3@2@ABV32@1111@Z 10025301 f   PhysXCommon_32:PhysXCommon_32.dll
 0001:0002430b       ?computeOBBPoints@Gu@physx@@YAXPIAVPxVec3@2@ABV32@1111@Z 1002530b f   PhysXCommon_32:PhysXCommon_32.dll
 0001:00024311       __imp_load_??0BigConvexData@physx@@QAE@XZ 10025311 f   PhysXCommon_32:PhysXCommon_32.dll
 0001:0002431b       ??0BigConvexData@physx@@QAE@XZ 1002531b f   PhysXCommon_32:PhysXCommon_32.dll
 0001:00024321       __imp_load_??1BigConvexData@physx@@QAE@XZ 10025321 f   PhysXCommon_32:PhysXCommon_32.dll
 0001:0002432b       ??1BigConvexData@physx@@QAE@XZ 1002532b f   PhysXCommon_32:PhysXCommon_32.dll
 0001:00024331       __imp_load__PxGetFoundation 10025331 f   PhysXFoundation_32:PhysXFoundation_32.dll
 0001:0002433b       _PxGetFoundation           1002533b f   PhysXFoundation_32:PhysXFoundation_32.dll
 0001:00024341       __tailMerge_physxfoundation_32_dll 10025341     PhysXFoundation_32:PhysXFoundation_32.dll
 0001:00024352       __imp_load_?getAllocator@shdfnd@physx@@YAAAVPxAllocatorCallback@2@XZ 10025352 f   PhysXFoundation_32:PhysXFoundation_32.dll
 0001:0002435c       ?getAllocator@shdfnd@physx@@YAAAVPxAllocatorCallback@2@XZ 1002535c f   PhysXFoundation_32:PhysXFoundation_32.dll
 0001:00024362       __imp_load_?getInstance@Foundation@shdfnd@physx@@SAAAV123@XZ 10025362 f   PhysXFoundation_32:PhysXFoundation_32.dll
 0001:0002436c       ?getInstance@Foundation@shdfnd@physx@@SAAAV123@XZ 1002536c f   PhysXFoundation_32:PhysXFoundation_32.dll
 0001:00024372       __imp_load_?error@Foundation@shdfnd@physx@@QAAXW4Enum@PxErrorCode@3@PBDH1ZZ 10025372 f   PhysXFoundation_32:PhysXFoundation_32.dll
 0001:0002437c       ?error@Foundation@shdfnd@physx@@QAAXW4Enum@PxErrorCode@3@PBDH1ZZ 1002537c f   PhysXFoundation_32:PhysXFoundation_32.dll
 0001:00024382       __imp_load_?incRefCount@Foundation@shdfnd@physx@@SAXXZ 10025382 f   PhysXFoundation_32:PhysXFoundation_32.dll
 0001:0002438c       ?incRefCount@Foundation@shdfnd@physx@@SAXXZ 1002538c f   PhysXFoundation_32:PhysXFoundation_32.dll
 0001:00024392       __imp_load_?decRefCount@Foundation@shdfnd@physx@@SAXXZ 10025392 f   PhysXFoundation_32:PhysXFoundation_32.dll
 0001:0002439c       ?decRefCount@Foundation@shdfnd@physx@@SAXXZ 1002539c f   PhysXFoundation_32:PhysXFoundation_32.dll
 0001:000243a2       __imp_load_??0FPUGuard@shdfnd@physx@@QAE@XZ 100253a2 f   PhysXFoundation_32:PhysXFoundation_32.dll
 0001:000243ac       ??0FPUGuard@shdfnd@physx@@QAE@XZ 100253ac f   PhysXFoundation_32:PhysXFoundation_32.dll
 0001:000243b2       __imp_load_??1FPUGuard@shdfnd@physx@@QAE@XZ 100253b2 f   PhysXFoundation_32:PhysXFoundation_32.dll
 0001:000243bc       ??1FPUGuard@shdfnd@physx@@QAE@XZ 100253bc f   PhysXFoundation_32:PhysXFoundation_32.dll
 0001:000243c2       __imp_load_?allocate@TempAllocator@shdfnd@physx@@QAEPAXIPBDH@Z 100253c2 f   PhysXFoundation_32:PhysXFoundation_32.dll
 0001:000243cc       ?allocate@TempAllocator@shdfnd@physx@@QAEPAXIPBDH@Z 100253cc f   PhysXFoundation_32:PhysXFoundation_32.dll
 0001:000243d2       __imp_load_?deallocate@TempAllocator@shdfnd@physx@@QAEXPAX@Z 100253d2 f   PhysXFoundation_32:PhysXFoundation_32.dll
 0001:000243dc       ?deallocate@TempAllocator@shdfnd@physx@@QAEXPAX@Z 100253dc f   PhysXFoundation_32:PhysXFoundation_32.dll
 0001:000243e2       __imp_load_?PxDiagonalize@physx@@YA?AVPxVec3@1@ABVPxMat33@1@AAVPxQuat@1@@Z 100253e2 f   PhysXFoundation_32:PhysXFoundation_32.dll
 0001:000243ec       ?PxDiagonalize@physx@@YA?AVPxVec3@1@ABVPxMat33@1@AAVPxQuat@1@@Z 100253ec f   PhysXFoundation_32:PhysXFoundation_32.dll
 0001:000243f2       _LoadLibraryA@4            100253f2 f   kernel32:KERNEL32.dll
 0001:000243f8       ??$PFromRva@PAP6GHXZ@@YGPAP6GHXZK@Z 100253f8 f i Delayimp:delayhlp.obj
 0001:0002440a       ??$PFromRva@PAPAUHINSTANCE__@@@@YGPAPAUHINSTANCE__@@K@Z 1002540a f i Delayimp:delayhlp.obj
 0001:0002441c       ??$PFromRva@PAU_IMAGE_IMPORT_BY_NAME@@@@YGPAU_IMAGE_IMPORT_BY_NAME@@K@Z 1002541c f i Delayimp:delayhlp.obj
 0001:0002442e       ??$PFromRva@PAU_IMAGE_THUNK_DATA32@@@@YGPAU_IMAGE_THUNK_DATA32@@K@Z 1002542e f i Delayimp:delayhlp.obj
 0001:00024440       ??$PFromRva@PBD@@YGPBDK@Z  10025440 f i Delayimp:delayhlp.obj
 0001:00024452       ??$PFromRva@PBUImgDelayDescr@@@@YGPBUImgDelayDescr@@K@Z 10025452 f i Delayimp:delayhlp.obj
 0001:00024464       ??$PFromRva@PBU_IMAGE_THUNK_DATA32@@@@YGPBU_IMAGE_THUNK_DATA32@@K@Z 10025464 f i Delayimp:delayhlp.obj
 0001:00024476       ?CountOfImports@@YGIPBU_IMAGE_THUNK_DATA32@@@Z 10025476 f i Delayimp:delayhlp.obj
 0001:00024491       ?DloadAcquireSectionWriteAccess@@YGXXZ 10025491 f i Delayimp:delayhlp.obj
 0001:000244c4       ?DloadGetSRWLockFunctionPointers@@YGEXZ 100254c4 f i Delayimp:delayhlp.obj
 0001:00024537       ?DloadLock@@YGXXZ          10025537 f i Delayimp:delayhlp.obj
 0001:00024576       ?DloadMakePermanentImageCommit@@YGXPAXK@Z 10025576 f i Delayimp:delayhlp.obj
 0001:000245e5       ?DloadObtainSection@@YGPAXPAK0@Z 100255e5 f i Delayimp:delayhlp.obj
 0001:00024660       ?DloadProtectSection@@YGXKPAK@Z 10025660 f i Delayimp:delayhlp.obj
 0001:000246ce       ?DloadReleaseSectionWriteAccess@@YGXXZ 100256ce f i Delayimp:delayhlp.obj
 0001:00024704       ?DloadUnlock@@YGXXZ        10025704 f i Delayimp:delayhlp.obj
 0001:00024745       ?IndexFromPImgThunkData@@YGIPBU_IMAGE_THUNK_DATA32@@0@Z 10025745 f i Delayimp:delayhlp.obj
 0001:000248a5       _HRESULT_FROM_WIN32@4      100258a5 f i Delayimp:delayhlp.obj
 0001:000248bd       _ReadAcquire@4             100258bd f i Delayimp:delayhlp.obj
 0001:000248cb       _ReadPointerAcquire@4      100258cb f i Delayimp:delayhlp.obj
 0001:000248d9       _WritePointerRelease@8     100258d9 f i Delayimp:delayhlp.obj
 0001:000248ea       _WriteRelease@8            100258ea f i Delayimp:delayhlp.obj
 0001:000248fb       __InlineInterlockedCompareExchangePointer@12 100258fb f i Delayimp:delayhlp.obj
 0001:00024911       ___FUnloadDelayLoadedDLL2@4 10025911 f   Delayimp:delayhlp.obj
 0001:00024995       ___HrLoadAllImportsForDll@4 10025995 f   Delayimp:delayhlp.obj
 0001:000249f6       ___delayLoadHelper2@8      100259f6 f   Delayimp:delayhlp.obj
 0001:00024c65       ??3@YAXPAXI@Z              10025c65 f   MSVCRT:delete_scalar_size.obj
 0001:00024c73       ??_V@YAXPAXI@Z             10025c73 f   MSVCRT:delete_array_size.obj
 0001:00024c81       ?__scrt_initialize_type_info@@YAXXZ 10025c81 f   MSVCRT:tncleanup.obj
[...]
 0002:000022f0       __sehtable$?dllmain_crt_process_attach@@YAHQAUHINSTANCE__@@QAX@Z 1002a2f0     MSVCRT:dll_dllmain.obj
 0002:00002310       __sehtable$?dllmain_crt_process_detach@@YAH_N@Z 1002a310     MSVCRT:dll_dllmain.obj
 0002:00002330       __sehtable$?dllmain_dispatch@@YAHQAUHINSTANCE__@@KQAX@Z 1002a330     MSVCRT:dll_dllmain.obj
 0002:00002350       __sehtable$___scrt_is_nonwritable_in_current_image 1002a350     MSVCRT:utility.obj
 0002:00003150       .edata                     1002b150     PhysXCooking_32.exp
 0002:00003178       rgpv                       1002b178     PhysXCooking_32.exp
 0002:00003364       rgszName                   1002b364     PhysXCooking_32.exp
 0002:00003550       rgwOrd                     1002b550     PhysXCooking_32.exp
 0002:00003646       szName                     1002b646     PhysXCooking_32.exp
 0002:0000365a       $N00001                    1002b65a     PhysXCooking_32.exp
 0002:00003687       $N00002                    1002b687     PhysXCooking_32.exp
 0002:000036ad       $N00003                    1002b6ad     PhysXCooking_32.exp
 0002:000036e6       $N00004                    1002b6e6     PhysXCooking_32.exp
 0002:0000370b       $N00005                    1002b70b     PhysXCooking_32.exp
 0002:00003736       $N00006                    1002b736     PhysXCooking_32.exp
 0002:00003755       $N00007                    1002b755     PhysXCooking_32.exp
 0002:00003787       $N00008                    1002b787     PhysXCooking_32.exp
 0002:0000379f       $N00009                    1002b79f     PhysXCooking_32.exp
 0002:000037be       $N00010                    1002b7be     PhysXCooking_32.exp
 0002:00003805       $N00011                    1002b805     PhysXCooking_32.exp
 0002:0000382c       $N00012                    1002b82c     PhysXCooking_32.exp
 0002:00003851       $N00013                    1002b851     PhysXCooking_32.exp
 0002:0000387e       $N00014                    1002b87e     PhysXCooking_32.exp
 0002:000038a9       $N00015                    1002b8a9     PhysXCooking_32.exp
 0002:000038d9       $N00016                    1002b8d9     PhysXCooking_32.exp
 0002:000038fd       $N00017                    1002b8fd     PhysXCooking_32.exp
 0002:00003926       $N00018                    1002b926     PhysXCooking_32.exp
 0002:0000394a       $N00019                    1002b94a     PhysXCooking_32.exp
 0002:00003968       $N00020                    1002b968     PhysXCooking_32.exp
 0002:0000399c       $N00021                    1002b99c     PhysXCooking_32.exp
 0002:000039c4       $N00022                    1002b9c4     PhysXCooking_32.exp
 0002:000039ea       $N00023                    1002b9ea     PhysXCooking_32.exp
 0002:00003a12       $N00024                    1002ba12     PhysXCooking_32.exp
 0002:00003a2a       $N00025                    1002ba2a     PhysXCooking_32.exp
 0002:00003a4e       $N00026                    1002ba4e     PhysXCooking_32.exp
 0002:00003a6c       $N00027                    1002ba6c     PhysXCooking_32.exp
 0002:00003a8a       $N00028                    1002ba8a     PhysXCooking_32.exp
 0002:00003aa9       $N00029                    1002baa9     PhysXCooking_32.exp
 0002:00003adc       $N00030                    1002badc     PhysXCooking_32.exp
 0002:00003b11       $N00031                    1002bb11     PhysXCooking_32.exp
 0002:00003b42       $N00032                    1002bb42     PhysXCooking_32.exp
 0002:00003b71       $N00033                    1002bb71     PhysXCooking_32.exp
 0002:00003b9b       $N00034                    1002bb9b     PhysXCooking_32.exp
 0002:00003bc0       $N00035                    1002bbc0     PhysXCooking_32.exp
 0002:00003bee       $N00036                    1002bbee     PhysXCooking_32.exp
 0002:00003c1a       $N00037                    1002bc1a     PhysXCooking_32.exp
 0002:00003c47       $N00038                    1002bc47     PhysXCooking_32.exp
 0002:00003c72       $N00039                    1002bc72     PhysXCooking_32.exp
 0002:00003ca0       $N00040                    1002bca0     PhysXCooking_32.exp
 0002:00003cd3       $N00041                    1002bcd3     PhysXCooking_32.exp
 0002:00003d04       $N00042                    1002bd04     PhysXCooking_32.exp
 0002:00003d33       $N00043                    1002bd33     PhysXCooking_32.exp
 0002:00003d62       $N00044                    1002bd62     PhysXCooking_32.exp
 0002:00003d8b       $N00045                    1002bd8b     PhysXCooking_32.exp
 0002:00003da7       $N00046                    1002bda7     PhysXCooking_32.exp
 0002:00003dd0       $N00047                    1002bdd0     PhysXCooking_32.exp
 0002:00003df3       $N00048                    1002bdf3     PhysXCooking_32.exp
 0002:00003e23       $N00049                    1002be23     PhysXCooking_32.exp
 0002:00003e49       $N00050                    1002be49     PhysXCooking_32.exp
 0002:00003e76       $N00051                    1002be76     PhysXCooking_32.exp
 0002:00003ea0       $N00052                    1002bea0     PhysXCooking_32.exp
 0002:00003ecc       $N00053                    1002becc     PhysXCooking_32.exp
 0002:00003ef4       $N00054                    1002bef4     PhysXCooking_32.exp
 0002:00003f21       $N00055                    1002bf21     PhysXCooking_32.exp
 0002:00003f49       $N00056                    1002bf49     PhysXCooking_32.exp
 0002:00003f70       $N00057                    1002bf70     PhysXCooking_32.exp
 0002:00003f9c       $N00058                    1002bf9c     PhysXCooking_32.exp
 0002:00003fc3       $N00059                    1002bfc3     PhysXCooking_32.exp
 0002:00003ffc       $N00060                    1002bffc     PhysXCooking_32.exp
 0002:00004025       $N00061                    1002c025     PhysXCooking_32.exp
 0002:00004058       $N00062                    1002c058     PhysXCooking_32.exp
 0002:0000408c       $N00063                    1002c08c     PhysXCooking_32.exp
 0002:000040c6       $N00064                    1002c0c6     PhysXCooking_32.exp
 0002:0000410c       $N00065                    1002c10c     PhysXCooking_32.exp
 0002:0000415a       $N00066                    1002c15a     PhysXCooking_32.exp
 0002:0000418c       $N00067                    1002c18c     PhysXCooking_32.exp
 0002:000041bf       $N00068                    1002c1bf     PhysXCooking_32.exp
 0002:000041f4       $N00069                    1002c1f4     PhysXCooking_32.exp
 0002:0000421a       $N00070                    1002c21a     PhysXCooking_32.exp
 0002:00004260       $N00071                    1002c260     PhysXCooking_32.exp
 0002:000042a5       $N00072                    1002c2a5     PhysXCooking_32.exp
 0002:000042fc       $N00073                    1002c2fc     PhysXCooking_32.exp
 0002:00004342       $N00074                    1002c342     PhysXCooking_32.exp
 0002:0000436c       $N00075                    1002c36c     PhysXCooking_32.exp
 0002:0000439a       $N00076                    1002c39a     PhysXCooking_32.exp
 0002:000043e8       $N00077                    1002c3e8     PhysXCooking_32.exp
 0002:00004492       $N00078                    1002c492     PhysXCooking_32.exp
 0002:000044ee       $N00079                    1002c4ee     PhysXCooking_32.exp
 0002:00004519       $N00080                    1002c519     PhysXCooking_32.exp
 0002:00004544       $N00081                    1002c544     PhysXCooking_32.exp
 0002:00004578       $N00082                    1002c578     PhysXCooking_32.exp
 0002:000045a0       $N00083                    1002c5a0     PhysXCooking_32.exp
 0002:000045db       $N00084                    1002c5db     PhysXCooking_32.exp
 0002:00004606       $N00085                    1002c606     PhysXCooking_32.exp
 0002:00004637       $N00086                    1002c637     PhysXCooking_32.exp
 0002:00004682       $N00087                    1002c682     PhysXCooking_32.exp
 0002:000046b3       $N00088                    1002c6b3     PhysXCooking_32.exp
 0002:000046ea       $N00089                    1002c6ea     PhysXCooking_32.exp
 0002:00004721       $N00090                    1002c721     PhysXCooking_32.exp
 0002:0000475c       $N00091                    1002c75c     PhysXCooking_32.exp
 0002:0000479e       $N00092                    1002c79e     PhysXCooking_32.exp
 0002:000047cc       $N00093                    1002c7cc     PhysXCooking_32.exp
 0002:00004843       $N00094                    1002c843     PhysXCooking_32.exp
 0002:0000489e       $N00095                    1002c89e     PhysXCooking_32.exp
 0002:000048c9       $N00096                    1002c8c9     PhysXCooking_32.exp
 0002:000048fc       $N00097                    1002c8fc     PhysXCooking_32.exp
 0002:00004934       $N00098                    1002c934     PhysXCooking_32.exp
 0002:00004970       $N00099                    1002c970     PhysXCooking_32.exp
 0002:000049a4       $N00100                    1002c9a4     PhysXCooking_32.exp
 0002:000049d0       $N00101                    1002c9d0     PhysXCooking_32.exp
 0002:000049fc       $N00102                    1002c9fc     PhysXCooking_32.exp
 0002:00004a25       $N00103                    1002ca25     PhysXCooking_32.exp
 0002:00004a4f       $N00104                    1002ca4f     PhysXCooking_32.exp
 0002:00004a7b       $N00105                    1002ca7b     PhysXCooking_32.exp
 0002:00004a9a       $N00106                    1002ca9a     PhysXCooking_32.exp
 0002:00004ad4       $N00107                    1002cad4     PhysXCooking_32.exp
 0002:00004b04       $N00108                    1002cb04     PhysXCooking_32.exp
 0002:00004b35       $N00109                    1002cb35     PhysXCooking_32.exp
 0002:00004b75       $N00110                    1002cb75     PhysXCooking_32.exp
 0002:00004ba1       $N00111                    1002cba1     PhysXCooking_32.exp
 0002:00004bc4       $N00112                    1002cbc4     PhysXCooking_32.exp
 0002:00004bf2       $N00113                    1002cbf2     PhysXCooking_32.exp
 0002:00004c23       $N00114                    1002cc23     PhysXCooking_32.exp
 0002:00004c48       $N00115                    1002cc48     PhysXCooking_32.exp
 0002:00004c74       $N00116                    1002cc74     PhysXCooking_32.exp
 0002:00004c9b       $N00117                    1002cc9b     PhysXCooking_32.exp
 0002:00004cba       $N00118                    1002ccba     PhysXCooking_32.exp
 0002:00004cfe       $N00119                    1002ccfe     PhysXCooking_32.exp
 0002:00004d3a       $N00120                    1002cd3a     PhysXCooking_32.exp
 0002:00004d76       $N00121                    1002cd76     PhysXCooking_32.exp
 0002:00004da7       $N00122                    1002cda7     PhysXCooking_32.exp
 0002:00004db7       $N00123                    1002cdb7     PhysXCooking_32.exp
 0002:00004f34       .idata$6                   1002cf34     kernel32:KERNEL32.dll
 0002:00004fbe       .idata$6                   1002cfbe     vcruntime:VCRUNTIME140.dll
 0002:0000511e       .idata$6                   1002d11e     ucrt:api-ms-win-crt-math-l1-1-0.dll
 0002:0000513e       .idata$6                   1002d13e     ucrt:api-ms-win-crt-heap-l1-1-0.dll
 0002:0000515e       .idata$6                   1002d15e     ucrt:api-ms-win-crt-runtime-l1-1-0.dll
 0003:00000000       ?MAXDOT_MINANG@local@@3MB  1002e000     ConvexHullUtils.obj
 0003:00000004       ?MAXDOT_MINANG@local@@3MB  1002e004     QuickHullConvexHullLib.obj
 0003:000005f0       ?maxV3Error@_VecMathTests@aos@shdfnd@physx@@3T__m128@@B 1002e5f0     Cooking.obj
 0003:00000600       ?minFError@_VecMathTests@aos@shdfnd@physx@@3T__m128@@B 1002e600     Cooking.obj
 0003:00000610       ?maxV4Error@_VecMathTests@aos@shdfnd@physx@@3T__m128@@B 1002e610     Cooking.obj
 0003:00000620       ?minV4Error@_VecMathTests@aos@shdfnd@physx@@3T__m128@@B 1002e620     Cooking.obj
 0003:00000630       ?minV3Error@_VecMathTests@aos@shdfnd@physx@@3T__m128@@B 1002e630     Cooking.obj
 0003:00000640       ?maxFError@_VecMathTests@aos@shdfnd@physx@@3T__m128@@B 1002e640     Cooking.obj
 0003:00000650       ?maxV3Error@_VecMathTests@aos@shdfnd@physx@@3T__m128@@B 1002e650     BVHStructureBuilder.obj
 0003:00000660       ?minFError@_VecMathTests@aos@shdfnd@physx@@3T__m128@@B 1002e660     BVHStructureBuilder.obj
 0003:00000670       ?maxV4Error@_VecMathTests@aos@shdfnd@physx@@3T__m128@@B 1002e670     BVHStructureBuilder.obj
 0003:00000680       ?minV4Error@_VecMathTests@aos@shdfnd@physx@@3T__m128@@B 1002e680     BVHStructureBuilder.obj
 0003:00000690       ?minV3Error@_VecMathTests@aos@shdfnd@physx@@3T__m128@@B 1002e690     BVHStructureBuilder.obj
 0003:000006a0       ?maxFError@_VecMathTests@aos@shdfnd@physx@@3T__m128@@B 1002e6a0     BVHStructureBuilder.obj
 0003:000006b0       ?maxV3Error@_VecMathTests@aos@shdfnd@physx@@3T__m128@@B 1002e6b0     RTreeCooking.obj
 0003:000006c0       ?minFError@_VecMathTests@aos@shdfnd@physx@@3T__m128@@B 1002e6c0     RTreeCooking.obj
 0003:000006d0       ?maxV4Error@_VecMathTests@aos@shdfnd@physx@@3T__m128@@B 1002e6d0     RTreeCooking.obj
 0003:000006e0       ?minV4Error@_VecMathTests@aos@shdfnd@physx@@3T__m128@@B 1002e6e0     RTreeCooking.obj
 0003:000006f0       ?minV3Error@_VecMathTests@aos@shdfnd@physx@@3T__m128@@B 1002e6f0     RTreeCooking.obj
 0003:00000700       ?maxFError@_VecMathTests@aos@shdfnd@physx@@3T__m128@@B 1002e700     RTreeCooking.obj
 0003:00000710       ?maxV3Error@_VecMathTests@aos@shdfnd@physx@@3T__m128@@B 1002e710     MeshBuilder.obj
 0003:00000720       ?minFError@_VecMathTests@aos@shdfnd@physx@@3T__m128@@B 1002e720     MeshBuilder.obj
 0003:00000730       ?maxV4Error@_VecMathTests@aos@shdfnd@physx@@3T__m128@@B 1002e730     MeshBuilder.obj
 0003:00000740       ?minV4Error@_VecMathTests@aos@shdfnd@physx@@3T__m128@@B 1002e740     MeshBuilder.obj
 0003:00000750       ?minV3Error@_VecMathTests@aos@shdfnd@physx@@3T__m128@@B 1002e750     MeshBuilder.obj
 0003:00000760       ?maxFError@_VecMathTests@aos@shdfnd@physx@@3T__m128@@B 1002e760     MeshBuilder.obj
 0003:00000770       ?maxV3Error@_VecMathTests@aos@shdfnd@physx@@3T__m128@@B 1002e770     TriangleMeshBuilder.obj
 0003:00000780       ?minFError@_VecMathTests@aos@shdfnd@physx@@3T__m128@@B 1002e780     TriangleMeshBuilder.obj
 0003:00000790       ?maxV4Error@_VecMathTests@aos@shdfnd@physx@@3T__m128@@B 1002e790     TriangleMeshBuilder.obj
 0003:000007a0       ?minV4Error@_VecMathTests@aos@shdfnd@physx@@3T__m128@@B 1002e7a0     TriangleMeshBuilder.obj
 0003:000007b0       ?minV3Error@_VecMathTests@aos@shdfnd@physx@@3T__m128@@B 1002e7b0     TriangleMeshBuilder.obj
 0003:000007c0       ?maxFError@_VecMathTests@aos@shdfnd@physx@@3T__m128@@B 1002e7c0     TriangleMeshBuilder.obj
 0003:000007d0       ?maxV3Error@_VecMathTests@aos@shdfnd@physx@@3T__m128@@B 1002e7d0     BigConvexDataBuilder.obj
 0003:000007e0       ?minFError@_VecMathTests@aos@shdfnd@physx@@3T__m128@@B 1002e7e0     BigConvexDataBuilder.obj
 0003:000007f0       ?maxV4Error@_VecMathTests@aos@shdfnd@physx@@3T__m128@@B 1002e7f0     BigConvexDataBuilder.obj
 0003:00000800       ?minV4Error@_VecMathTests@aos@shdfnd@physx@@3T__m128@@B 1002e800     BigConvexDataBuilder.obj
 0003:00000810       ?minV3Error@_VecMathTests@aos@shdfnd@physx@@3T__m128@@B 1002e810     BigConvexDataBuilder.obj
 0003:00000820       ?maxFError@_VecMathTests@aos@shdfnd@physx@@3T__m128@@B 1002e820     BigConvexDataBuilder.obj
 0003:00000830       ?maxV3Error@_VecMathTests@aos@shdfnd@physx@@3T__m128@@B 1002e830     ConvexHullBuilder.obj
 0003:00000840       ?minFError@_VecMathTests@aos@shdfnd@physx@@3T__m128@@B 1002e840     ConvexHullBuilder.obj
 0003:00000850       ?maxV4Error@_VecMathTests@aos@shdfnd@physx@@3T__m128@@B 1002e850     ConvexHullBuilder.obj
 0003:00000860       ?minV4Error@_VecMathTests@aos@shdfnd@physx@@3T__m128@@B 1002e860     ConvexHullBuilder.obj
 0003:00000870       ?minV3Error@_VecMathTests@aos@shdfnd@physx@@3T__m128@@B 1002e870     ConvexHullBuilder.obj
 0003:00000880       ?maxFError@_VecMathTests@aos@shdfnd@physx@@3T__m128@@B 1002e880     ConvexHullBuilder.obj
 0003:00000890       ?maxV3Error@_VecMathTests@aos@shdfnd@physx@@3T__m128@@B 1002e890     ConvexHullUtils.obj
 0003:000008a0       ?minFError@_VecMathTests@aos@shdfnd@physx@@3T__m128@@B 1002e8a0     ConvexHullUtils.obj
 0003:000008b0       ?maxV4Error@_VecMathTests@aos@shdfnd@physx@@3T__m128@@B 1002e8b0     ConvexHullUtils.obj
 0003:000008c0       ?minV4Error@_VecMathTests@aos@shdfnd@physx@@3T__m128@@B 1002e8c0     ConvexHullUtils.obj
 0003:000008d0       ?minV3Error@_VecMathTests@aos@shdfnd@physx@@3T__m128@@B 1002e8d0     ConvexHullUtils.obj
 0003:000008e0       ?maxFError@_VecMathTests@aos@shdfnd@physx@@3T__m128@@B 1002e8e0     ConvexHullUtils.obj
 0003:000008f0       ?maxV3Error@_VecMathTests@aos@shdfnd@physx@@3T__m128@@B 1002e8f0     ConvexMeshBuilder.obj
 0003:00000900       ?minFError@_VecMathTests@aos@shdfnd@physx@@3T__m128@@B 1002e900     ConvexMeshBuilder.obj
 0003:00000910       ?maxV4Error@_VecMathTests@aos@shdfnd@physx@@3T__m128@@B 1002e910     ConvexMeshBuilder.obj
 0003:00000920       ?minV4Error@_VecMathTests@aos@shdfnd@physx@@3T__m128@@B 1002e920     ConvexMeshBuilder.obj
 0003:00000930       ?minV3Error@_VecMathTests@aos@shdfnd@physx@@3T__m128@@B 1002e930     ConvexMeshBuilder.obj
 0003:00000940       ?maxFError@_VecMathTests@aos@shdfnd@physx@@3T__m128@@B 1002e940     ConvexMeshBuilder.obj
 0003:00000950       ?maxV3Error@_VecMathTests@aos@shdfnd@physx@@3T__m128@@B 1002e950     VolumeIntegration.obj
 0003:00000960       ?minFError@_VecMathTests@aos@shdfnd@physx@@3T__m128@@B 1002e960     VolumeIntegration.obj
 0003:00000970       ?maxV4Error@_VecMathTests@aos@shdfnd@physx@@3T__m128@@B 1002e970     VolumeIntegration.obj
 0003:00000980       ?minV4Error@_VecMathTests@aos@shdfnd@physx@@3T__m128@@B 1002e980     VolumeIntegration.obj
 0003:00000990       ?minV3Error@_VecMathTests@aos@shdfnd@physx@@3T__m128@@B 1002e990     VolumeIntegration.obj
 0003:000009a0       ?maxFError@_VecMathTests@aos@shdfnd@physx@@3T__m128@@B 1002e9a0     VolumeIntegration.obj
 0003:000009b0       ?gCookingDelayLoadHook@@3PBVPxDelayLoadHook@physx@@B 1002e9b0     WindowsCookingDelayLoadHook.obj
 0003:000009e0       ?__proc_attached@@3HA      1002e9e0     MSVCRT:dll_dllmain.obj
 0003:00000a00       ?is_initialized_as_dll@@3_NA 1002ea00     MSVCRT:utility.obj
 0003:00000a01       ?module_local_atexit_table_initialized@@3_NA 1002ea01     MSVCRT:utility.obj
 0003:00000a04       ?module_local_atexit_table@@3U_onexit_table_t@@A 1002ea04     MSVCRT:utility.obj
 0003:00000a10       ?module_local_at_quick_exit_table@@3U_onexit_table_t@@A 1002ea10     MSVCRT:utility.obj
 0003:00000a28       _GS_ExceptionRecord        1002ea28     MSVCRT:gs_report.obj
 0003:00000a78       _GS_ContextRecord          1002ea78     MSVCRT:gs_report.obj
 0004:00000000       _static_const_table        1002f000     MSVCRT:svml_ssinf4_sse2.obj
 0004:00000100       __e02PI                    1002f100     MSVCRT:svml_dtrig.obj
 0004:000002a0       __e04PI                    1002f2a0     MSVCRT:svml_dtrig.obj
 0004:00000430       _2il0floatpacket_2         1002f430     MSVCRT:svml_dtrig.obj
 0004:00000440       _2il0floatpacket_9         1002f440     MSVCRT:svml_dtrig.obj
 0004:00000450       _2il0floatpacket_12        1002f450     MSVCRT:svml_dtrig.obj
 0004:00000460       __dPI02                    1002f460     MSVCRT:svml_dtrig.obj
 0004:00000470       __d02PI                    1002f470     MSVCRT:svml_dtrig.obj
 0004:00000480       __DP4                      1002f480     MSVCRT:svml_dtrig.obj
 0004:000004a0       __dPI04                    1002f4a0     MSVCRT:svml_dtrig.obj
 0004:000004b0       __d04PI                    1002f4b0     MSVCRT:svml_dtrig.obj
 0004:000004c0       __QP4                      1002f4c0     MSVCRT:svml_dtrig.obj
 0005:000000a0       $R000000                   100300a0     PhysXCooking.res
 0005:000003d0       $R000330                   100303d0     PhysXCooking.res
