 PhysXCommon_32

 Timestamp is 5d03fa77 (Fri Jun 14 21:50:15 2019)

 Preferred load address is 10000000

 Start         Length     Name                   Class
 0001:00000000 000044b0H .text$di                CODE
 0001:000044b0 00140293H .text$mn                CODE
 0002:00000000 000000dcH .idata$5                DATA
 0002:000000dc 00000004H .00cfg                  DATA
 0002:000000e0 00000004H .CRT$XCA                DATA
 0002:000000e4 00000a14H .CRT$XCU                DATA
 0002:00000af8 00000004H .CRT$XCZ                DATA
 0002:00000afc 00000004H .CRT$XIA                DATA
 0002:00000b00 00000004H .CRT$XIZ                DATA
 0002:00000b04 00000004H .CRT$XPA                DATA
 0002:00000b08 00000004H .CRT$XPZ                DATA
 0002:00000b0c 00000004H .CRT$XTA                DATA
 0002:00000b10 00000010H .CRT$XTZ                DATA
 0002:00000b14 00000000H .gfids$y                DATA
 0002:00000b20 00003728H .rdata                  DATA
 0002:00004248 00000048H .rdata$r                DATA
 0002:00004290 00000004H .rdata$sxdata           DATA
 0002:00004294 00000378H .rdata$zzzdbg           DATA
 0002:0000460c 00000004H .rtc$IAA                DATA
 0002:00004610 00000004H .rtc$IZZ                DATA
 0002:00004614 00000004H .rtc$TAA                DATA
 0002:00004618 00000008H .rtc$TZZ                DATA
 0002:00004620 0000007cH .xdata$x                DATA
 0002:0000469c 00000020H .didat$2                DATA
 0002:000046bc 00000020H .didat$3                DATA
 0002:000046dc 00000044H .didat$4                DATA
 0002:00004720 000002f4H .didat$6                DATA
 0002:00004a14 0000004cH .didat$7                DATA
 0002:00004a60 00009cc8H .edata                  DATA
 0002:0000e728 00000064H .idata$2                DATA
 0002:0000e78c 00000014H .idata$3                DATA
 0002:0000e7a0 000000dcH .idata$4                DATA
 0002:0000e87c 00000448H .idata$6                DATA
 0003:00000000 00000728H .data                   DATA
 0003:00000728 00000444H .data$r                 DATA
 0003:00000b6c 00000044H .didat$5                DATA
 0003:00000bb0 00002c70H .bss                    DATA
 0004:00000000 000004e0H _RDATA                  DATA
 0005:00000000 000000a0H .rsrc$01                DATA
 0005:000000a0 000004b0H .rsrc$02                DATA

  Address         Publics by Value              Rva+Base       Lib:Object

 0000:00000000       ___hybrid_auxiliary_iat    00000000     <absolute>
 0000:00000000       ___guard_longjmp_count     00000000     <absolute>
 0000:00000000       ___enclave_config          00000000     <absolute>
 0000:00000000       ___dynamic_value_reloc_table 00000000     <absolute>
 0000:00000000       ___hybrid_code_map         00000000     <absolute>
 0000:00000000       ___guard_iat_count         00000000     <absolute>
 0000:00000000       ___guard_iat_table         00000000     <absolute>
 0000:00000000       ___guard_fids_count        00000000     <absolute>
 0000:00000000       ___volatile_metadata       00000000     <absolute>
 0000:00000000       ___guard_longjmp_table     00000000     <absolute>
 0000:00000000       ___hybrid_code_map_count   00000000     <absolute>
 0000:00000000       ___guard_fids_table        00000000     <absolute>
 0000:00000001       ___safe_se_handler_count   00000001     <absolute>
 0000:00000100       ___guard_flags             00000100     <absolute>
 0000:00000000       ___ImageBase               10000000     <linker-defined>
 0001:000044b0       ?PxCreateCollection@@YAPAVPxCollection@physx@@XZ 100054b0 f   CmCollection.obj
 0001:000045b0       ?add@Collection@Cm@physx@@UAEXAAVPxBase@3@_K@Z 100055b0 f   CmCollection.obj
 0001:00004690       ?remove@Collection@Cm@physx@@UAEXAAVPxBase@3@@Z 10005690 f   CmCollection.obj
 0001:000046e0       ?contains@Collection@Cm@physx@@UBE_NAAVPxBase@3@@Z 100056e0 f   CmCollection.obj
 0001:00004700       ?addId@Collection@Cm@physx@@UAEXAAVPxBase@3@_K@Z 10005700 f   CmCollection.obj
 0001:000047a0       ?removeId@Collection@Cm@physx@@UAEX_K@Z 100057a0 f   CmCollection.obj
 0001:00004800       ?find@Collection@Cm@physx@@UBEPAVPxBase@3@_K@Z 10005800 f   CmCollection.obj
 0001:00004820       ?add@Collection@Cm@physx@@UAEXAAVPxCollection@3@@Z 10005820 f   CmCollection.obj
 0001:00004980       ?remove@Collection@Cm@physx@@UAEXAAVPxCollection@3@@Z 10005980 f   CmCollection.obj
 0001:00004b50       ?getNbObjects@Collection@Cm@physx@@UBEIXZ 10005b50 f   CmCollection.obj
 0001:00004b60       ?getObject@Collection@Cm@physx@@UBEAAVPxBase@3@I@Z 10005b60 f   CmCollection.obj
 0001:00004b70       ?getObjects@Collection@Cm@physx@@UBEIPAPAVPxBase@3@II@Z 10005b70 f   CmCollection.obj
 0001:00004bb0       ?getNbIds@Collection@Cm@physx@@UBEIXZ 10005bb0 f   CmCollection.obj
 0001:00004bc0       ?getId@Collection@Cm@physx@@UBE_KABVPxBase@3@@Z 10005bc0 f   CmCollection.obj
 0001:00004c00       ?getIds@Collection@Cm@physx@@UBEIPA_KII@Z 10005c00 f   CmCollection.obj
 0001:00004cc0       ??1PxCollection@physx@@MAE@XZ 10005cc0 f i CmCollection.obj
 0001:00004cd0       ??_GCollection@Cm@physx@@UAEPAXI@Z 10005cd0 f i CmCollection.obj
 0001:00004cd0       ??_ECollection@Cm@physx@@UAEPAXI@Z 10005cd0 f i CmCollection.obj
 0001:00004d40       ??_GPxCollection@physx@@MAEPAXI@Z 10005d40 f i CmCollection.obj
 0001:00004d40       ??_EPxCollection@physx@@MAEPAXI@Z 10005d40 f i CmCollection.obj
 0001:00004d70       ?__empty_global_delete@@YAXPAX@Z 10005d70 f i CmCollection.obj
 0001:00004d80       ?__empty_global_delete@@YAXPAXI@Z 10005d80 f i CmCollection.obj
 0001:00004d90       ?create@?$HashBase@V?$Pair@$$CB_KPAVPxBase@physx@@@shdfnd@physx@@_KU?$Hash@_K@23@UGetKey@?$HashMapBase@_KPAVPxBase@physx@@U?$Hash@_K@shdfnd@2@VNonTrackingAllocator@42@@internal@23@VNonTrackingAllocator@23@$00@internal@shdfnd@physx@@QAEPAV?$Pair@$$CB_KPAVPxBase@physx@@@34@AB_KAA_N@Z 10005d90 f i CmCollection.obj
 0001:00004e70       ?create@?$HashBase@V?$Pair@QAVPxBase@physx@@_K@shdfnd@physx@@PAVPxBase@3@U?$Hash@PAVPxBase@physx@@@23@UGetKey@?$HashMapBase@PAVPxBase@physx@@_KU?$Hash@PAVPxBase@physx@@@shdfnd@2@VNonTrackingAllocator@42@@internal@23@VNonTrackingAllocator@23@$00@internal@shdfnd@physx@@QAEPAV?$Pair@QAVPxBase@physx@@_K@34@ABQAVPxBase@4@AA_N@Z 10005e70 f i CmCollection.obj
 0001:00004f90       ?erase@?$HashBase@V?$Pair@QAVPxBase@physx@@_K@shdfnd@physx@@PAVPxBase@3@U?$Hash@PAVPxBase@physx@@@23@UGetKey@?$HashMapBase@PAVPxBase@physx@@_KU?$Hash@PAVPxBase@physx@@@shdfnd@2@VNonTrackingAllocator@42@@internal@23@VNonTrackingAllocator@23@$00@internal@shdfnd@physx@@QAE_NABQAVPxBase@4@@Z 10005f90 f i CmCollection.obj
 0001:000050c0       ?erase@?$HashMapBase@_KPAVPxBase@physx@@U?$Hash@_K@shdfnd@2@VNonTrackingAllocator@42@@internal@shdfnd@physx@@QAE_NAB_K@Z 100060c0 f i CmCollection.obj
 0001:000051a0       ?find@?$HashMapBase@PAVPxBase@physx@@_KU?$Hash@PAVPxBase@physx@@@shdfnd@2@VNonTrackingAllocator@42@@internal@shdfnd@physx@@QBEPBV?$Pair@QAVPxBase@physx@@_K@34@ABQAVPxBase@4@@Z 100061a0 f i CmCollection.obj
 0001:00005220       ?find@?$HashMapBase@_KPAVPxBase@physx@@U?$Hash@_K@shdfnd@2@VNonTrackingAllocator@42@@internal@shdfnd@physx@@QBEPBV?$Pair@$$CB_KPAVPxBase@physx@@@34@AB_K@Z 10006220 f i CmCollection.obj
 0001:00005290       ?hash@?$HashBase@V?$Pair@$$CB_KPAVPxBase@physx@@@shdfnd@physx@@_KU?$Hash@_K@23@UGetKey@?$HashMapBase@_KPAVPxBase@physx@@U?$Hash@_K@shdfnd@2@VNonTrackingAllocator@42@@internal@23@VNonTrackingAllocator@23@$00@internal@shdfnd@physx@@ABEIAB_KI@Z 10006290 f i CmCollection.obj
 0001:00005320       ?release@Collection@Cm@physx@@UAEXXZ 10006320 f i CmCollection.obj
 0001:00005330       ?reserveInternal@?$HashBase@V?$Pair@$$CB_KPAVPxBase@physx@@@shdfnd@physx@@_KU?$Hash@_K@23@UGetKey@?$HashMapBase@_KPAVPxBase@physx@@U?$Hash@_K@shdfnd@2@VNonTrackingAllocator@42@@internal@23@VNonTrackingAllocator@23@$00@internal@shdfnd@physx@@AAEXI@Z 10006330 f i CmCollection.obj
 0001:00005550       ?reserveInternal@?$HashBase@V?$Pair@QAVPxBase@physx@@_K@shdfnd@physx@@PAVPxBase@3@U?$Hash@PAVPxBase@physx@@@23@UGetKey@?$HashMapBase@PAVPxBase@physx@@_KU?$Hash@PAVPxBase@physx@@@shdfnd@2@VNonTrackingAllocator@42@@internal@23@VNonTrackingAllocator@23@$00@internal@shdfnd@physx@@AAEXI@Z 10006550 f i CmCollection.obj
 0001:000056f0       ?PxTransformFromPlaneEquation@physx@@YA?AVPxTransform@1@ABVPxPlane@1@@Z 100066f0 f   CmMathUtils.obj
 0001:000058c0       ?PxTransformFromSegment@physx@@YA?AVPxTransform@1@ABVPxVec3@1@0PAM@Z 100068c0 f   CmMathUtils.obj
 0001:00005a20       ??0PtrTable@Cm@physx@@QAE@XZ 10006a20 f   CmPtrTable.obj
 0001:00005a30       ??1PtrTable@Cm@physx@@QAE@XZ 10006a30 f   CmPtrTable.obj
 0001:00005a40       ?add@PtrTable@Cm@physx@@QAEXPAXAAVPtrTableStorageManager@23@@Z 10006a40 f   CmPtrTable.obj
 0001:00005b00       ?replaceWithLast@PtrTable@Cm@physx@@QAEXIAAVPtrTableStorageManager@23@@Z 10006b00 f   CmPtrTable.obj
 0001:00005bd0       ?clear@PtrTable@Cm@physx@@QAEXAAVPtrTableStorageManager@23@@Z 10006bd0 f   CmPtrTable.obj
 0001:00005c30       ?find@PtrTable@Cm@physx@@QBEIPBX@Z 10006c30 f   CmPtrTable.obj
 0001:00005c60       ?exportExtraData@PtrTable@Cm@physx@@QAEXAAVPxSerializationContext@3@@Z 10006c60 f   CmPtrTable.obj
 0001:00005c90       ?importExtraData@PtrTable@Cm@physx@@QAEXAAVPxDeserializationContext@3@@Z 10006c90 f   CmPtrTable.obj
 0001:00005cc0       ?getBinaryMetaData@PtrTable@Cm@physx@@SAXAAVPxOutputStream@3@@Z 10006cc0 f   CmPtrTable.obj
 0001:00005ea0       ?realloc@PtrTable@Cm@physx@@AAEXIIAAVPtrTableStorageManager@23@@Z 10006ea0 f   CmPtrTable.obj
 0001:00005f10       ??0PtrTable@Cm@physx@@QAE@W4PxEMPTY@2@@Z 10006f10 f i CmPtrTable.obj
 0001:00005f30       ??4PtrTable@Cm@physx@@QAEAAU012@ABU012@@Z 10006f30 f i CmPtrTable.obj
 0001:00005f50       ?getCount@PtrTable@Cm@physx@@QBEIXZ 10006f50 f i CmPtrTable.obj
 0001:00005f60       ?getPtrs@PtrTable@Cm@physx@@QAEPAPAXXZ 10006f60 f i CmPtrTable.obj
 0001:00005f70       ?getPtrs@PtrTable@Cm@physx@@QBEPBQAXXZ 10006f70 f i CmPtrTable.obj
 0001:00005f80       ??0RadixSort@Cm@physx@@QAE@XZ 10006f80 f   CmRadixSort.obj
 0001:00005fc0       ??1RadixSort@Cm@physx@@UAE@XZ 10006fc0 f   CmRadixSort.obj
 0001:00005fd0       ?Sort@RadixSort@Cm@physx@@QAEAAV123@PBIIW4RadixHint@23@@Z 10006fd0 f   CmRadixSort.obj
 0001:000065c0       ?Sort@RadixSort@Cm@physx@@QAEAAV123@PBMI@Z 100075c0 f   CmRadixSort.obj
 0001:00006ce0       ?SetBuffers@RadixSort@Cm@physx@@QAE_NPAI00PAPAI@Z 10007ce0 f   CmRadixSort.obj
 0001:00006d30       ??_ERadixSort@Cm@physx@@UAEPAXI@Z 10007d30 f i CmRadixSort.obj
 0001:00006da0       ??_GRadixSort@Cm@physx@@UAEPAXI@Z 10007da0 f i CmRadixSort.obj
 0001:00006dd0       ??_I@YGXPAXIIP6EX0@Z@Z     10007dd0 f i CmRadixSort.obj
 0001:00006e10       ?GetNbHits@RadixSort@Cm@physx@@QBEIXZ 10007e10 f i CmRadixSort.obj
 0001:00006e20       ?GetNbTotalCalls@RadixSort@Cm@physx@@QBEIXZ 10007e20 f i CmRadixSort.obj
 0001:00006e30       ?GetRanks@RadixSort@Cm@physx@@QBEPBIXZ 10007e30 f i CmRadixSort.obj
 0001:00006e40       ?GetRecyclable@RadixSort@Cm@physx@@QBEPAIXZ 10007e40 f i CmRadixSort.obj
 0001:00006e50       ?invalidateRanks@RadixSort@Cm@physx@@QAEXXZ 10007e50 f i CmRadixSort.obj
 0001:00006e60       ??0RadixSortBuffered@Cm@physx@@QAE@XZ 10007e60 f   CmRadixSortBuffered.obj
 0001:00006e80       ??1RadixSortBuffered@Cm@physx@@UAE@XZ 10007e80 f   CmRadixSortBuffered.obj
 0001:00006ee0       ?reset@RadixSortBuffered@Cm@physx@@QAEXXZ 10007ee0 f   CmRadixSortBuffered.obj
 0001:00006f30       ?Sort@RadixSortBuffered@Cm@physx@@QAEAAV123@PBIIW4RadixHint@23@@Z 10007f30 f   CmRadixSortBuffered.obj
 0001:00006fb0       ?Sort@RadixSortBuffered@Cm@physx@@QAEAAV123@PBMI@Z 10007fb0 f   CmRadixSortBuffered.obj
 0001:00007020       ?Resize@RadixSortBuffered@Cm@physx@@AAE_NI@Z 10008020 f   CmRadixSortBuffered.obj
 0001:000070d0       ??_ERadixSortBuffered@Cm@physx@@UAEPAXI@Z 100080d0 f i CmRadixSortBuffered.obj
 0001:000071a0       ??_GRadixSortBuffered@Cm@physx@@UAEPAXI@Z 100081a0 f i CmRadixSortBuffered.obj
 0001:000071c0       ?CheckResize@RadixSortBuffered@Cm@physx@@AAEXI@Z 100081c0 f i CmRadixSortBuffered.obj
 0001:000071f0       ??6RenderOutput@Cm@physx@@QAEAAV012@W4Primitive@012@@Z 100081f0 f   CmRenderOutput.obj
 0001:00007210       ??6RenderOutput@Cm@physx@@QAEAAV012@I@Z 10008210 f   CmRenderOutput.obj
 0001:00007220       ??6RenderOutput@Cm@physx@@QAEAAV012@ABVPxMat44@2@@Z 10008220 f   CmRenderOutput.obj
 0001:00007240       ??6RenderOutput@Cm@physx@@QAEAAV012@ABVPxTransform@2@@Z 10008240 f   CmRenderOutput.obj
 0001:000073e0       ??6RenderOutput@Cm@physx@@QAEAAV012@VPxVec3@2@@Z 100083e0 f   CmRenderOutput.obj
 0001:000077d0       ??6RenderOutput@Cm@physx@@QAEAAV012@ABUDebugText@12@@Z 100087d0 f   CmRenderOutput.obj
 0001:000079c0       ?outputCapsule@RenderOutput@Cm@physx@@QAEAAV123@MMABVPxMat44@3@@Z 100089c0 f   CmRenderOutput.obj
 0001:000084a0       ??0DebugText@Cm@physx@@QAA@ABVPxVec3@2@MPBDZZ 100094a0 f   CmRenderOutput.obj
 0001:00008500       ??6Cm@physx@@YAAAVRenderOutput@01@AAV201@ABUDebugBox@01@@Z 10009500 f   CmRenderOutput.obj
 0001:00008a00       ??6Cm@physx@@YAAAVRenderOutput@01@AAV201@ABUDebugArrow@01@@Z 10009a00 f   CmRenderOutput.obj
 0001:00008de0       ??6Cm@physx@@YAAAVRenderOutput@01@AAV201@ABUDebugBasis@01@@Z 10009de0 f   CmRenderOutput.obj
 0001:00008ef0       ??6Cm@physx@@YAAAVRenderOutput@01@AAV201@ABUDebugCircle@01@@Z 10009ef0 f   CmRenderOutput.obj
 0001:00008fc0       ??6Cm@physx@@YAAAVRenderOutput@01@AAV201@ABUDebugArc@01@@Z 10009fc0 f   CmRenderOutput.obj
 0001:000090b0       ??0DebugText@Cm@physx@@QAE@$$QAU012@@Z 1000a0b0 f i CmRenderOutput.obj
 0001:00009100       ??0DebugText@Cm@physx@@QAE@ABU012@@Z 1000a100 f i CmRenderOutput.obj
 0001:00009150       ??0PxDebugLine@physx@@QAE@ABVPxVec3@1@0ABI@Z 1000a150 f i CmRenderOutput.obj
 0001:00009190       ??0PxDebugTriangle@physx@@QAE@ABVPxVec3@1@00ABI@Z 1000a190 f i CmRenderOutput.obj
 0001:000091f0       ??0PxMat44@physx@@QAE@ABV01@@Z 1000a1f0 f i CmRenderOutput.obj
 0001:00009260       ??0RenderOutput@Cm@physx@@QAE@AAVRenderBuffer@12@@Z 1000a260 f i CmRenderOutput.obj
 0001:00009320       ??0RenderOutput@Cm@physx@@QAE@ABV012@@Z 1000a320 f i CmRenderOutput.obj
 0001:00009380       ??4DebugText@Cm@physx@@QAEAAU012@$$QAU012@@Z 1000a380 f i CmRenderOutput.obj
 0001:000093e0       ??4DebugText@Cm@physx@@QAEAAU012@ABU012@@Z 1000a3e0 f i CmRenderOutput.obj
 0001:00009440       ??4PxMat44@physx@@QAEAAV01@ABV01@@Z 1000a440 f i CmRenderOutput.obj
 0001:000094b0       ?allocate@?$Array@DV?$ReflectionAllocator@D@shdfnd@physx@@@shdfnd@physx@@IAEPADI@Z 1000a4b0 f i CmRenderOutput.obj
 0001:00009510       ?allocate@?$Array@UPxDebugLine@physx@@V?$ReflectionAllocator@UPxDebugLine@physx@@@shdfnd@2@@shdfnd@physx@@IAEPAUPxDebugLine@3@I@Z 1000a510 f i CmRenderOutput.obj
 0001:00009580       ?allocate@?$Array@UPxDebugPoint@physx@@V?$ReflectionAllocator@UPxDebugPoint@physx@@@shdfnd@2@@shdfnd@physx@@IAEPAUPxDebugPoint@3@I@Z 1000a580 f i CmRenderOutput.obj
 0001:000095f0       ?allocate@?$Array@UPxDebugText@physx@@V?$ReflectionAllocator@UPxDebugText@physx@@@shdfnd@2@@shdfnd@physx@@IAEPAUPxDebugText@3@I@Z 1000a5f0 f i CmRenderOutput.obj
 0001:00009660       ?allocate@?$Array@UPxDebugTriangle@physx@@V?$ReflectionAllocator@UPxDebugTriangle@physx@@@shdfnd@2@@shdfnd@physx@@IAEPAUPxDebugTriangle@3@I@Z 1000a660 f i CmRenderOutput.obj
 0001:000096d0       ?copy@?$Array@UPxDebugLine@physx@@V?$ReflectionAllocator@UPxDebugLine@physx@@@shdfnd@2@@shdfnd@physx@@KAXPAUPxDebugLine@3@0PBU43@@Z 1000a6d0 f i CmRenderOutput.obj
 0001:00009740       ?copy@?$Array@UPxDebugPoint@physx@@V?$ReflectionAllocator@UPxDebugPoint@physx@@@shdfnd@2@@shdfnd@physx@@KAXPAUPxDebugPoint@3@0PBU43@@Z 1000a740 f i CmRenderOutput.obj
 0001:00009790       ?copy@?$Array@UPxDebugText@physx@@V?$ReflectionAllocator@UPxDebugText@physx@@@shdfnd@2@@shdfnd@physx@@KAXPAUPxDebugText@3@0PBU43@@Z 1000a790 f i CmRenderOutput.obj
 0001:000097f0       ?copy@?$Array@UPxDebugTriangle@physx@@V?$ReflectionAllocator@UPxDebugTriangle@physx@@@shdfnd@2@@shdfnd@physx@@KAXPAUPxDebugTriangle@3@0PBU43@@Z 1000a7f0 f i CmRenderOutput.obj
 0001:00009870       ?growAndPushBack@?$Array@DV?$ReflectionAllocator@D@shdfnd@physx@@@shdfnd@physx@@IAEAADABD@Z 1000a870 f i CmRenderOutput.obj
 0001:00009920       ?growAndPushBack@?$Array@UPxDebugLine@physx@@V?$ReflectionAllocator@UPxDebugLine@physx@@@shdfnd@2@@shdfnd@physx@@IAEAAUPxDebugLine@3@ABU43@@Z 1000a920 f i CmRenderOutput.obj
 0001:000099d0       ?growAndPushBack@?$Array@UPxDebugPoint@physx@@V?$ReflectionAllocator@UPxDebugPoint@physx@@@shdfnd@2@@shdfnd@physx@@IAEAAUPxDebugPoint@3@ABU43@@Z 1000a9d0 f i CmRenderOutput.obj
 0001:00009a60       ?growAndPushBack@?$Array@UPxDebugText@physx@@V?$ReflectionAllocator@UPxDebugText@physx@@@shdfnd@2@@shdfnd@physx@@IAEAAUPxDebugText@3@ABU43@@Z 1000aa60 f i CmRenderOutput.obj
 0001:00009b00       ?growAndPushBack@?$Array@UPxDebugTriangle@physx@@V?$ReflectionAllocator@UPxDebugTriangle@physx@@@shdfnd@2@@shdfnd@physx@@IAEAAUPxDebugTriangle@3@ABU43@@Z 1000ab00 f i CmRenderOutput.obj
 0001:00009bd0       ?outputSegment@RenderOutput@Cm@physx@@QAEXABVPxVec3@3@0@Z 1000abd0 f i CmRenderOutput.obj
 0001:00009c60       ?recreate@?$Array@DV?$ReflectionAllocator@D@shdfnd@physx@@@shdfnd@physx@@IAEXI@Z 1000ac60 f i CmRenderOutput.obj
 0001:00009cf0       ?recreate@?$Array@UPxDebugLine@physx@@V?$ReflectionAllocator@UPxDebugLine@physx@@@shdfnd@2@@shdfnd@physx@@IAEXI@Z 1000acf0 f i CmRenderOutput.obj
 0001:00009d40       ?reserveSegments@RenderOutput@Cm@physx@@QAEPAUPxDebugLine@3@I@Z 1000ad40 f i CmRenderOutput.obj
 0001:00009da0       ?visualizeJointFrames@Cm@physx@@YAXAAVRenderOutput@12@MABVPxTransform@2@1@Z 1000ada0 f   CmVisualization.obj
 0001:00009e60       ?visualizeLinearLimit@Cm@physx@@YAXAAVRenderOutput@12@MABVPxTransform@2@1M_N@Z 1000ae60 f   CmVisualization.obj
 0001:0000a0a0       ?visualizeAngularLimit@Cm@physx@@YAXAAVRenderOutput@12@MABVPxTransform@2@MM_N@Z 1000b0a0 f   CmVisualization.obj
 0001:0000a230       ?visualizeLimitCone@Cm@physx@@YAXAAVRenderOutput@12@MABVPxTransform@2@MM_N@Z 1000b230 f   CmVisualization.obj
 0001:0000a440       ?visualizeDoubleCone@Cm@physx@@YAXAAVRenderOutput@12@MABVPxTransform@2@M_N@Z 1000b440 f   CmVisualization.obj
 0001:0000a670       ??0CmModuleUpdateLoader@Cm@physx@@QAE@PBD@Z 1000b670 f   CmWindowsModuleUpdateLoader.obj
 0001:0000a6a0       ??1CmModuleUpdateLoader@Cm@physx@@QAE@XZ 1000b6a0 f   CmWindowsModuleUpdateLoader.obj
 0001:0000a6c0       ?LoadModule@CmModuleUpdateLoader@Cm@physx@@QAEPAUHINSTANCE__@@PBD0@Z 1000b6c0 f   CmWindowsModuleUpdateLoader.obj
 0001:0000a6f0       ??4CmModuleUpdateLoader@Cm@physx@@QAEAAV012@ABV012@@Z 1000b6f0 f i CmWindowsModuleUpdateLoader.obj
 0001:0000a710       _PxSetPhysXCommonDelayLoadHook 1000b710 f   CmWindowsDelayLoadHook.obj
 0001:0000a720       ?commonDelayHook@@YGP6GHXZIPAUDelayLoadInfo@@@Z 1000b720 f   CmWindowsDelayLoadHook.obj
 0001:0000a7c0       ?computeBounds@Gu@physx@@YAXAAVPxBounds3@2@ABVPxGeometry@2@ABVPxTransform@2@MPIBVCenterExtentsPadded@12@M@Z 1000b7c0 f   GuBounds.obj
 0001:0000aec0       ?computeBoundsWithCCDThreshold@Gu@physx@@YAMAAVVec3p@12@0ABVPxGeometry@2@ABVPxTransform@2@PIBVCenterExtentsPadded@12@@Z 1000bec0 f   GuBounds.obj
 0001:0000b050       ??0ShapeData@Gu@physx@@QAE@ABVPxGeometry@2@ABVPxTransform@2@M@Z 1000c050 f   GuBounds.obj
 0001:0000b590       ??0Box@Gu@physx@@QAE@ABV012@@Z 1000c590 f i GuBounds.obj
 0001:0000b600       ??0Box@Gu@physx@@QAE@ABVPxVec3@2@0ABVPxMat33@2@@Z 1000c600 f i GuBounds.obj
 0001:0000b670       ??0Box@Gu@physx@@QAE@XZ    1000c670 f i GuBounds.obj
 0001:0000b680       ??0ConvexMesh@Gu@physx@@QAE@V?$PxFlags@W4Enum@PxBaseFlag@physx@@G@2@@Z 1000c680 f i GuBounds.obj
 0001:0000b6b0       ??0HeightFieldData@Gu@physx@@QAE@$$QAU012@@Z 1000c6b0 f i GuBounds.obj
 0001:0000b720       ??0HeightFieldData@Gu@physx@@QAE@ABU012@@Z 1000c720 f i GuBounds.obj
 0001:0000b790       ??0HeightFieldData@Gu@physx@@QAE@W4PxEMPTY@2@@Z 1000c790 f i GuBounds.obj
 0001:0000b7a0       ??0HeightFieldData@Gu@physx@@QAE@XZ 1000c7a0 f i GuBounds.obj
 0001:0000b7b0       ??0PxQuat@physx@@QAE@ABVPxMat33@1@@Z 1000c7b0 f i GuBounds.obj
 0001:0000b980       ??0PxVec3@physx@@QAE@XZ    1000c980 f i GuBounds.obj
 0001:0000b990       ??0PxVec4@physx@@QAE@XZ    1000c990 f i GuBounds.obj
 0001:0000b9a0       ??1Box@Gu@physx@@QAE@XZ    1000c9a0 f i GuBounds.obj
 0001:0000b9b0       ??1HeightFieldData@Gu@physx@@QAE@XZ 1000c9b0 f i GuBounds.obj
 0001:0000b9c0       ??1PxBase@physx@@MAE@XZ    1000c9c0 f i GuBounds.obj
 0001:0000b9d0       ??1PxConvexMesh@physx@@MAE@XZ 1000c9d0 f i GuBounds.obj
 0001:0000b9e0       ??1PxHeightField@physx@@MAE@XZ 1000c9e0 f i GuBounds.obj
 0001:0000b9f0       ??1RefCountable@Cm@physx@@UAE@XZ 1000c9f0 f i GuBounds.obj
 0001:0000ba00       ??4Box@Gu@physx@@QAEABV012@ABV012@@Z 1000ca00 f i GuBounds.obj
 0001:0000ba70       ??4HeightFieldData@Gu@physx@@QAEAAU012@$$QAU012@@Z 1000ca70 f i GuBounds.obj
 0001:0000bae0       ??4HeightFieldData@Gu@physx@@QAEAAU012@ABU012@@Z 1000cae0 f i GuBounds.obj
 0001:0000bb50       ??_EConvexMesh@Gu@physx@@UAEPAXI@Z 1000cb50 f i GuBounds.obj
 0001:0000bc03       ??_EConvexMesh@Gu@physx@@W7AEPAXI@Z 1000cc03 f i GuBounds.obj
 0001:0000bc10       ??_EPxConvexMesh@physx@@MAEPAXI@Z 1000cc10 f i GuBounds.obj
 0001:0000bc80       ??_GPxBase@physx@@MAEPAXI@Z 1000cc80 f i GuBounds.obj
 0001:0000bc80       ??_EPxBase@physx@@MAEPAXI@Z 1000cc80 f i GuBounds.obj
 0001:0000bcb0       ??_ERefCountable@Cm@physx@@UAEPAXI@Z 1000ccb0 f i GuBounds.obj
 0001:0000bcb0       ??_GRefCountable@Cm@physx@@UAEPAXI@Z 1000ccb0 f i GuBounds.obj
 0001:0000bce0       ??_H@YGXPAXIIP6EPAX0@Z@Z   1000cce0 f i GuBounds.obj
 0001:0000bd10       ?computeAABBExtent@Box@Gu@physx@@QBE?AVPxVec3@3@XZ 1000cd10 f i GuBounds.obj
 0001:0000bdc0       ?computeBoxPoints@Box@Gu@physx@@QBEXPIAVPxVec3@3@@Z 1000cdc0 f i GuBounds.obj
 0001:0000d090       ?getConcreteTypeName@PxConvexMesh@physx@@UBEPBDXZ 1000e090 f i GuBounds.obj
 0001:0000d0a0       ?getConcreteTypeName@PxHeightField@physx@@UBEPBDXZ 1000e0a0 f i GuBounds.obj
 0001:0000d0b0       ?getConvexEdgeThreshold@HeightField@Gu@physx@@UBEMXZ 1000e0b0 f i GuBounds.obj
 0001:0000d0c0       ?getFlags@HeightField@Gu@physx@@UBE?AV?$PxFlags@W4Enum@PxHeightFieldFlag@physx@@G@3@XZ 1000e0c0 f i GuBounds.obj
 0001:0000d0d0       ?getFormat@HeightField@Gu@physx@@UBE?AW4Enum@PxHeightFieldFormat@3@XZ 1000e0d0 f i GuBounds.obj
 0001:0000d0e0       ?getHeight@HeightField@Gu@physx@@UBEMMM@Z 1000e0e0 f i GuBounds.obj
 0001:0000d140       ?getHeightInternal2@HeightField@Gu@physx@@QBEMIMM@Z 1000e140 f i GuBounds.obj
 0001:0000d290       ?getIndexBuffer@ConvexMesh@Gu@physx@@UBEPBEXZ 1000e290 f i GuBounds.obj
 0001:0000d2d0       ?getNbColumns@HeightField@Gu@physx@@UBEIXZ 1000e2d0 f i GuBounds.obj
 0001:0000d2e0       ?getNbPolygons@ConvexMesh@Gu@physx@@UBEIXZ 1000e2e0 f i GuBounds.obj
 0001:0000d2f0       ?getNbRows@HeightField@Gu@physx@@UBEIXZ 1000e2f0 f i GuBounds.obj
 0001:0000d300       ?getNbVertices@ConvexMesh@Gu@physx@@UBEIXZ 1000e300 f i GuBounds.obj
 0001:0000d310       ?getPaddedBounds@HeightFieldData@Gu@physx@@QBEABVCenterExtentsPadded@23@XZ 1000e310 f i GuBounds.obj
 0001:0000d320       ?getSample@HeightField@Gu@physx@@UBEABUPxHeightFieldSample@3@II@Z 1000e320 f i GuBounds.obj
 0001:0000d340       ?getSampleStride@HeightField@Gu@physx@@UBEIXZ 1000e340 f i GuBounds.obj
 0001:0000d350       ?getTimestamp@HeightField@Gu@physx@@UBEIXZ 1000e350 f i GuBounds.obj
 0001:0000d360       ?getTransform@Box@Gu@physx@@QBE?AVPxTransform@3@XZ 1000e360 f i GuBounds.obj
 0001:0000d3b0       ?getTriangleMaterialIndex@HeightField@Gu@physx@@UBEGI@Z 1000e3b0 f i GuBounds.obj
 0001:0000d3e0       ?getTriangleNormal@HeightField@Gu@physx@@UBE?AVPxVec3@3@I@Z 1000e3e0 f i GuBounds.obj
 0001:0000d4d0       ?getVertices@ConvexMesh@Gu@physx@@UBEPBVPxVec3@3@XZ 1000e4d0 f i GuBounds.obj
 0001:0000d4e0       ?isKindOf@PxBase@physx@@MBE_NPBD@Z 1000e4e0 f i GuBounds.obj
 0001:0000d530       ?isKindOf@PxConvexMesh@physx@@MBE_NPBD@Z 1000e530 f i GuBounds.obj
 0001:0000d5b0       ?isKindOf@PxHeightField@physx@@MBE_NPBD@Z 1000e5b0 f i GuBounds.obj
 0001:0000d630       ?isReleasable@PxBase@physx@@UBE_NXZ 1000e630 f i GuBounds.obj
 0001:0000d640       ?isValid@Box@Gu@physx@@QBE_NXZ 1000e640 f i GuBounds.obj
 0001:0000d660       ?onRefCountZero@RefCountable@Cm@physx@@UAEXXZ 1000e660 f i GuBounds.obj
 0001:0000d670       ?preExportDataReset@ConvexMesh@Gu@physx@@QAEXXZ 1000e670 f i GuBounds.obj
 0001:0000d680       ?preExportDataReset@HeightField@Gu@physx@@QAEXXZ 1000e680 f i GuBounds.obj
 0001:0000d690       ?requiresObjects@ConvexMesh@Gu@physx@@UAEXAAVPxProcessPxBaseCallback@3@@Z 1000e690 f i GuBounds.obj
 0001:0000d6a0       ?rotate@Box@Gu@physx@@QBE?AVPxVec3@3@ABV43@@Z 1000e6a0 f i GuBounds.obj
 0001:0000d730       ?rotateInv@Box@Gu@physx@@QBE?AVPxVec3@3@ABV43@@Z 1000e730 f i GuBounds.obj
 0001:0000d7c0       ?setAxes@Box@Gu@physx@@QAEXABVPxVec3@3@00@Z 1000e7c0 f i GuBounds.obj
 0001:0000d810       ?setEmpty@Box@Gu@physx@@QAEXXZ 1000e810 f i GuBounds.obj
 0001:0000d880       ?transform@Box@Gu@physx@@QBE?AVPxVec3@3@ABV43@@Z 1000e880 f i GuBounds.obj
 0001:0000d920       ?computeOBBPoints@Gu@physx@@YAXPIAVPxVec3@2@ABV32@1111@Z 1000e920 f   GuBox.obj
 0001:0000dc00       ?create@Box@Gu@physx@@QAEXABVCapsule@23@@Z 1000ec00 f   GuBox.obj
 0001:0000de50       ?getBoxEdges@Gu@physx@@YAPBEXZ 1000ee50 f   GuBox.obj
 0001:0000de60       ?computeBoxAroundCapsule@Gu@physx@@YAXABVCapsule@12@AAVBox@12@@Z 1000ee60 f   GuCapsule.obj
 0001:0000dfe0       ?computeBasis@shdfnd@physx@@YAXABVPxVec3@2@0AAV32@11@Z 1000efe0 f i GuCapsule.obj
 0001:0000e190       ?sweepBoxTriangles_Precise@Gu@physx@@YA_NIPBVPxTriangle@2@_NABVPxBoxGeometry@2@ABVPxTransform@2@ABVPxVec3@2@MAAUPxSweepHit@2@PBIMV?$PxFlags@W4Enum@PxHitFlag@physx@@G@2@@Z 1000f190 f   GuCCTSweepTests.obj
 0001:0000e2a0       ?sweepCapsule_BoxGeom_Precise@@YA_NABVPxGeometry@physx@@ABVPxTransform@2@ABVPxCapsuleGeometry@2@1ABVCapsule@Gu@2@ABVPxVec3@2@MAAUPxSweepHit@2@V?$PxFlags@W4Enum@PxHitFlag@physx@@G@2@M@Z 1000f2a0 f   GuCCTSweepTests.obj
 0001:0000e8f0       ?sweepBox_SphereGeom_Precise@@YA_NABVPxGeometry@physx@@ABVPxTransform@2@ABVPxBoxGeometry@2@1ABVBox@Gu@2@ABVPxVec3@2@MAAUPxSweepHit@2@V?$PxFlags@W4Enum@PxHitFlag@physx@@G@2@M@Z 1000f8f0 f   GuCCTSweepTests.obj
 0001:0000eb90       ?sweepBox_CapsuleGeom_Precise@@YA_NABVPxGeometry@physx@@ABVPxTransform@2@ABVPxBoxGeometry@2@1ABVBox@Gu@2@ABVPxVec3@2@MAAUPxSweepHit@2@V?$PxFlags@W4Enum@PxHitFlag@physx@@G@2@M@Z 1000fb90 f   GuCCTSweepTests.obj
 0001:0000ef50       ?sweepBox_BoxGeom_Precise@@YA_NABVPxGeometry@physx@@ABVPxTransform@2@ABVPxBoxGeometry@2@1ABVBox@Gu@2@ABVPxVec3@2@MAAUPxSweepHit@2@V?$PxFlags@W4Enum@PxHitFlag@physx@@G@2@M@Z 1000ff50 f   GuCCTSweepTests.obj
 0001:0000f130       ?sweepBox_HeightFieldGeom_Precise@@YA_NABVPxGeometry@physx@@ABVPxTransform@2@ABVPxBoxGeometry@2@1ABVBox@Gu@2@ABVPxVec3@2@MAAUPxSweepHit@2@V?$PxFlags@W4Enum@PxHitFlag@physx@@G@2@M@Z 10010130 f   GuCCTSweepTests.obj
 0001:0000f340       ??0HeightFieldTraceUtil@Gu@physx@@QAE@ABVPxHeightFieldGeometry@2@@Z 10010340 f i GuCCTSweepTests.obj
 0001:0000f380       ??0HeightFieldUtil@Gu@physx@@QAE@ABVPxHeightFieldGeometry@2@@Z 10010380 f i GuCCTSweepTests.obj
 0001:0000f3c0       ??1?$EntityReport@I@Gu@physx@@UAE@XZ 100103c0 f i GuCCTSweepTests.obj
 0001:0000f3d0       ??4HeightFieldTraceUtil@Gu@physx@@QAEAAV012@$$QAV012@@Z 100103d0 f i GuCCTSweepTests.obj
 0001:0000f3f0       ??4HeightFieldTraceUtil@Gu@physx@@QAEAAV012@ABV012@@Z 100103f0 f i GuCCTSweepTests.obj
 0001:0000f410       ??4HeightFieldUtil@Gu@physx@@QAEAAV012@$$QAV012@@Z 10010410 f i GuCCTSweepTests.obj
 0001:0000f440       ??4HeightFieldUtil@Gu@physx@@QAEAAV012@ABV012@@Z 10010440 f i GuCCTSweepTests.obj
 0001:0000f460       ??_G?$EntityReport@I@Gu@physx@@UAEPAXI@Z 10010460 f i GuCCTSweepTests.obj
 0001:0000f460       ??_E?$EntityReport@I@Gu@physx@@UAEPAXI@Z 10010460 f i GuCCTSweepTests.obj
 0001:0000f4c0       ?ceilUp@HeightFieldTraceUtil@Gu@physx@@SAMM@Z 100104c0 f i GuCCTSweepTests.obj
 0001:0000f500       ?computePointNormal@HeightFieldUtil@Gu@physx@@QBE?AVPxVec3@3@IABV43@ABVPxTransform@3@MMMMAAM@Z 10010500 f i GuCCTSweepTests.obj
 0001:0000f910       ?floorDown@HeightFieldTraceUtil@Gu@physx@@SAMM@Z 10010910 f i GuCCTSweepTests.obj
 0001:0000f980       ?getFeatureIndex@HeightFieldUtil@Gu@physx@@SAII@Z 10010980 f i GuCCTSweepTests.obj
 0001:0000f990       ?getFeatureType@HeightFieldUtil@Gu@physx@@SA?AW4Feature@123@I@Z 10010990 f i GuCCTSweepTests.obj
 0001:0000f9a0       ?getHeightAtShapePoint@HeightFieldUtil@Gu@physx@@QBEMMM@Z 100109a0 f i GuCCTSweepTests.obj
 0001:0000fa10       ?getHeightField@HeightFieldUtil@Gu@physx@@QBEABVHeightField@23@XZ 10010a10 f i GuCCTSweepTests.obj
 0001:0000fa20       ?getHeightFieldGeometry@HeightFieldUtil@Gu@physx@@QBEABVPxHeightFieldGeometry@3@XZ 10010a20 f i GuCCTSweepTests.obj
 0001:0000fa30       ?getNormalAtShapePoint@HeightFieldUtil@Gu@physx@@QBE?AVPxVec3@3@MM@Z 10010a30 f i GuCCTSweepTests.obj
 0001:0000fae0       ?getNormal_2@HeightField@Gu@physx@@QBE?AVPxVec3@3@IMMMMM@Z 10010ae0 f i GuCCTSweepTests.obj
 0001:0000fbd0       ?getOneOverColumnScale@HeightFieldUtil@Gu@physx@@QBEMXZ 10010bd0 f i GuCCTSweepTests.obj
 0001:0000fbe0       ?getOneOverHeightScale@HeightFieldUtil@Gu@physx@@QBEMXZ 10010be0 f i GuCCTSweepTests.obj
 0001:0000fbf0       ?getOneOverRowScale@HeightFieldUtil@Gu@physx@@QBEMXZ 10010bf0 f i GuCCTSweepTests.obj
 0001:0000fc00       ?getVertexNormal@HeightFieldUtil@Gu@physx@@QBE?AVPxVec3@3@I@Z 10010c00 f i GuCCTSweepTests.obj
 0001:0000fc30       ?hf2shapen@HeightFieldUtil@Gu@physx@@QBE?AVPxVec3@3@ABV43@@Z 10010c30 f i GuCCTSweepTests.obj
 0001:0000fc70       ?hf2shapep@HeightFieldUtil@Gu@physx@@QBE?AVPxVec3@3@ABV43@@Z 10010c70 f i GuCCTSweepTests.obj
 0001:0000fcb0       ?hf2worldn@HeightFieldUtil@Gu@physx@@QBE?AVPxVec3@3@ABVPxTransform@3@ABV43@@Z 10010cb0 f i GuCCTSweepTests.obj
 0001:0000fde0       ?hf2worldp@HeightFieldUtil@Gu@physx@@QBE?AVPxVec3@3@ABVPxTransform@3@ABV43@@Z 10010de0 f i GuCCTSweepTests.obj
 0001:0000ff20       ?isCollisionVertex@HeightFieldUtil@Gu@physx@@QBE_NIII@Z 10010f20 f i GuCCTSweepTests.obj
 0001:0000ff40       ?isQueryVertex@HeightFieldUtil@Gu@physx@@QBE_NIII@Z 10010f40 f i GuCCTSweepTests.obj
 0001:0000ffd0       ?isShapePointOnHeightField@HeightFieldUtil@Gu@physx@@QBE_NMM@Z 10010fd0 f i GuCCTSweepTests.obj
 0001:00010030       ?makeFeatureCode@HeightFieldUtil@Gu@physx@@SAIIW4Feature@123@@Z 10011030 f i GuCCTSweepTests.obj
 0001:00010190       ?poseExtent@PxBounds3@physx@@SA?AV12@ABVPxTransform@2@ABVPxVec3@2@@Z 10011190 f i GuCCTSweepTests.obj
 0001:000103b0       ?shape2hfp@HeightFieldUtil@Gu@physx@@QBE?AVPxVec3@3@ABV43@@Z 100113b0 f i GuCCTSweepTests.obj
 0001:000111a0       ?sweep@PxGeometryQuery@physx@@SA_NABVPxVec3@2@MABVPxGeometry@2@ABVPxTransform@2@12AAUPxSweepHit@2@V?$PxFlags@W4Enum@PxHitFlag@physx@@G@2@M@Z 100121a0 f   GuGeometryQuery.obj
 0001:000115d0       ?overlap@PxGeometryQuery@physx@@SA_NABVPxGeometry@2@ABVPxTransform@2@01@Z 100125d0 f   GuGeometryQuery.obj
 0001:00011650       ?raycast@PxGeometryQuery@physx@@SAIABVPxVec3@2@0ABVPxGeometry@2@ABVPxTransform@2@MV?$PxFlags@W4Enum@PxHitFlag@physx@@G@2@IPIAUPxRaycastHit@2@@Z 10012650 f   GuGeometryQuery.obj
 0001:000116c0       ?computePenetration@PxGeometryQuery@physx@@SA_NAAVPxVec3@2@AAMABVPxGeometry@2@ABVPxTransform@2@23@Z 100126c0 f   GuGeometryQuery.obj
 0001:000117c0       ?pointDistance@PxGeometryQuery@physx@@SAMABVPxVec3@2@ABVPxGeometry@2@ABVPxTransform@2@PAV32@@Z 100127c0 f   GuGeometryQuery.obj
 0001:00011ec0       ?getWorldBounds@PxGeometryQuery@physx@@SA?AVPxBounds3@2@ABVPxGeometry@2@ABVPxTransform@2@M@Z 10012ec0 f   GuGeometryQuery.obj
 0001:00011f20       ?isValid@PxGeometryQuery@physx@@SA_NABVPxGeometry@2@@Z 10012f20 f   GuGeometryQuery.obj
 0001:000121f0       ?set@GeometryUnion@Gu@physx@@QAEXABVPxGeometry@3@@Z 100131f0 f   GuGeometryUnion.obj
 0001:000123b0       ??0GeometryUnion@Gu@physx@@QAE@ABVPxGeometry@2@@Z 100133b0 f i GuGeometryUnion.obj
 0001:000123d0       ??0GeometryUnion@Gu@physx@@QAE@W4PxEMPTY@2@@Z 100133d0 f i GuGeometryUnion.obj
 0001:000123e0       ??0GeometryUnion@Gu@physx@@QAE@XZ 100133e0 f i GuGeometryUnion.obj
 0001:000123f0       ??0MaterialIndicesStruct@physx@@QAE@W4PxEMPTY@1@@Z 100133f0 f i GuGeometryUnion.obj
 0001:00012400       ??0MaterialIndicesStruct@physx@@QAE@XZ 10013400 f i GuGeometryUnion.obj
 0001:00012410       ??1MaterialIndicesStruct@physx@@QAE@XZ 10013410 f i GuGeometryUnion.obj
 0001:00012420       ??4GeometryUnion@Gu@physx@@QAEAAV012@$$QAV012@@Z 10013420 f i GuGeometryUnion.obj
 0001:00012450       ??4GeometryUnion@Gu@physx@@QAEAAV012@ABV012@@Z 10013450 f i GuGeometryUnion.obj
 0001:00012480       ??4MaterialIndicesStruct@physx@@QAEAAU01@ABU01@@Z 10013480 f i GuGeometryUnion.obj
 0001:000124a0       ?allocate@MaterialIndicesStruct@physx@@QAEXG@Z 100134a0 f i GuGeometryUnion.obj
 0001:000124f0       ?deallocate@MaterialIndicesStruct@physx@@QAEXXZ 100134f0 f i GuGeometryUnion.obj
 0001:00012520       ?getGeometry@GeometryUnion@Gu@physx@@QBEABVPxGeometry@3@XZ 10013520 f i GuGeometryUnion.obj
 0001:00012530       ?getType@GeometryUnion@Gu@physx@@QBE?AW4Enum@PxGeometryType@3@XZ 10013530 f i GuGeometryUnion.obj
 0001:00012540       ?computeBoxPoints@Gu@physx@@YAXABVPxBounds3@2@PIAVPxVec3@2@@Z 10013540 f   GuInternal.obj
 0001:000125e0       ?computeBoundsAroundVertices@Gu@physx@@YAXAAVPxBounds3@2@IPIBVPxVec3@2@@Z 100135e0 f   GuInternal.obj
 0001:00012680       ?getPlane@Gu@physx@@YA?AVPxPlane@2@ABVPxTransform@2@@Z 10013680 f   GuInternal.obj
 0001:00012720       ?computeSweptBox@Gu@physx@@YAXAAVBox@12@ABVPxVec3@2@1ABVPxMat33@2@1M@Z 10013720 f   GuInternal.obj
 0001:00012c10       ??0GuMeshFactory@physx@@QAE@XZ 10013c10 f   GuMeshFactory.obj
 0001:00012de0       ??1GuMeshFactory@physx@@MAE@XZ 10013de0 f   GuMeshFactory.obj
 0001:00012e80       ?release@GuMeshFactory@physx@@QAEXXZ 10013e80 f   GuMeshFactory.obj
 0001:00012f00       ?addTriangleMesh@GuMeshFactory@physx@@QAEXPAVTriangleMesh@Gu@2@_N@Z 10013f00 f   GuMeshFactory.obj
 0001:00012f60       ?createTriangleMesh@GuMeshFactory@physx@@QAEPAVPxTriangleMesh@2@AAVPxInputStream@2@@Z 10013f60 f   GuMeshFactory.obj
 0001:00012fa0       ?createTriangleMesh@GuMeshFactory@physx@@QAEPAVPxTriangleMesh@2@PAX@Z 10013fa0 f   GuMeshFactory.obj
 0001:00012fb0       ?removeTriangleMesh@GuMeshFactory@physx@@QAE_NAAVPxTriangleMesh@2@@Z 10013fb0 f   GuMeshFactory.obj
 0001:00012ff0       ?getNbTriangleMeshes@GuMeshFactory@physx@@QBEIXZ 10013ff0 f   GuMeshFactory.obj
 0001:00013010       ?getTriangleMeshes@GuMeshFactory@physx@@QBEIPAPAVPxTriangleMesh@2@II@Z 10014010 f   GuMeshFactory.obj
 0001:00013070       ?addConvexMesh@GuMeshFactory@physx@@QAEXPAVConvexMesh@Gu@2@_N@Z 10014070 f   GuMeshFactory.obj
 0001:000130d0       ?createConvexMesh@GuMeshFactory@physx@@QAEPAVPxConvexMesh@2@AAVPxInputStream@2@@Z 100140d0 f   GuMeshFactory.obj
 0001:000131b0       ?createConvexMesh@GuMeshFactory@physx@@QAEPAVPxConvexMesh@2@PAX@Z 100141b0 f   GuMeshFactory.obj
 0001:000131c0       ?removeConvexMesh@GuMeshFactory@physx@@QAE_NAAVPxConvexMesh@2@@Z 100141c0 f   GuMeshFactory.obj
 0001:00013200       ?getNbConvexMeshes@GuMeshFactory@physx@@QBEIXZ 10014200 f   GuMeshFactory.obj
 0001:00013220       ?getConvexMeshes@GuMeshFactory@physx@@QBEIPAPAVPxConvexMesh@2@II@Z 10014220 f   GuMeshFactory.obj
 0001:00013280       ?addHeightField@GuMeshFactory@physx@@QAEXPAVHeightField@Gu@2@_N@Z 10014280 f   GuMeshFactory.obj
 0001:000132e0       ?createHeightField@GuMeshFactory@physx@@QAEPAVPxHeightField@2@PAX@Z 100142e0 f   GuMeshFactory.obj
 0001:000133a0       ?createHeightField@GuMeshFactory@physx@@QAEPAVPxHeightField@2@AAVPxInputStream@2@@Z 100143a0 f   GuMeshFactory.obj
 0001:00013480       ?removeHeightField@GuMeshFactory@physx@@QAE_NAAVPxHeightField@2@@Z 10014480 f   GuMeshFactory.obj
 0001:000134c0       ?getNbHeightFields@GuMeshFactory@physx@@QBEIXZ 100144c0 f   GuMeshFactory.obj
 0001:000134e0       ?getHeightFields@GuMeshFactory@physx@@QBEIPAPAVPxHeightField@2@II@Z 100144e0 f   GuMeshFactory.obj
 0001:00013540       ?addBVHStructure@GuMeshFactory@physx@@QAEXPAVBVHStructure@Gu@2@_N@Z 10014540 f   GuMeshFactory.obj
 0001:000135a0       ?createBVHStructure@GuMeshFactory@physx@@QAEPAVPxBVHStructure@2@AAVPxInputStream@2@@Z 100145a0 f   GuMeshFactory.obj
 0001:00013680       ?createBVHStructure@GuMeshFactory@physx@@QAEPAVPxBVHStructure@2@PAX@Z 10014680 f   GuMeshFactory.obj
 0001:00013690       ?removeBVHStructure@GuMeshFactory@physx@@QAE_NAAVPxBVHStructure@2@@Z 10014690 f   GuMeshFactory.obj
 0001:000136d0       ?getNbBVHStructures@GuMeshFactory@physx@@QBEIXZ 100146d0 f   GuMeshFactory.obj
 0001:00013700       ?getBVHStructures@GuMeshFactory@physx@@QBEIPAPAVPxBVHStructure@2@II@Z 10014700 f   GuMeshFactory.obj
 0001:00013770       ?addFactoryListener@GuMeshFactory@physx@@QAEXAAVGuMeshFactoryListener@2@@Z 10014770 f   GuMeshFactory.obj
 0001:000137d0       ?removeFactoryListener@GuMeshFactory@physx@@QAEXAAVGuMeshFactoryListener@2@@Z 100147d0 f   GuMeshFactory.obj
 0001:00013830       ?notifyFactoryListener@GuMeshFactory@physx@@QAEXPBVPxBase@2@G@Z 10014830 f   GuMeshFactory.obj
 0001:00013870       ?createTriangleMesh@GuMeshFactory@physx@@IAEPAVPxTriangleMesh@2@AAVTriangleMeshData@Gu@2@@Z 10014870 f   GuMeshFactory.obj
 0001:000139a0       ?createConvexMesh@GuMeshFactory@physx@@IAEPAVPxConvexMesh@2@AAUConvexHullData@Gu@2@@Z 100149a0 f   GuMeshFactory.obj
 0001:00013a60       ?createBVHStructure@GuMeshFactory@physx@@IAEPAVPxBVHStructure@2@AAUBVHStructureData@Gu@2@@Z 10014a60 f   GuMeshFactory.obj
 0001:00013b20       ??0TriangleMeshData@Gu@physx@@QAE@XZ 10014b20 f i GuMeshFactory.obj
 0001:00013bc0       ??1BV4TriangleData@Gu@physx@@UAE@XZ 10014bc0 f i GuMeshFactory.obj
 0001:00013bf0       ??1MeshDataBase@Gu@physx@@UAE@XZ 10014bf0 f i GuMeshFactory.obj
 0001:00013c90       ??1RTreeTriangleData@Gu@physx@@UAE@XZ 10014c90 f i GuMeshFactory.obj
 0001:00013ce0       ??1TriangleMeshData@Gu@physx@@UAE@XZ 10014ce0 f i GuMeshFactory.obj
 0001:00013d60       ??_EGuMeshFactory@physx@@MAEPAXI@Z 10014d60 f i GuMeshFactory.obj
 0001:00013e20       ??_EBV4TriangleData@Gu@physx@@UAEPAXI@Z 10014e20 f i GuMeshFactory.obj
 0001:00013e20       ??_GBV4TriangleData@Gu@physx@@UAEPAXI@Z 10014e20 f i GuMeshFactory.obj
 0001:00013e80       ??_GGuMeshFactory@physx@@MAEPAXI@Z 10014e80 f i GuMeshFactory.obj
 0001:00013ec0       ??_EMeshDataBase@Gu@physx@@UAEPAXI@Z 10014ec0 f i GuMeshFactory.obj
 0001:00013ec0       ??_GMeshDataBase@Gu@physx@@UAEPAXI@Z 10014ec0 f i GuMeshFactory.obj
 0001:00013f00       ??_GRTreeTriangleData@Gu@physx@@UAEPAXI@Z 10014f00 f i GuMeshFactory.obj
 0001:00013f00       ??_ERTreeTriangleData@Gu@physx@@UAEPAXI@Z 10014f00 f i GuMeshFactory.obj
 0001:00013f80       ??_ETriangleMeshData@Gu@physx@@UAEPAXI@Z 10014f80 f i GuMeshFactory.obj
 0001:00013f80       ??_GTriangleMeshData@Gu@physx@@UAEPAXI@Z 10014f80 f i GuMeshFactory.obj
 0001:00013fc0       ?__global_array_delete@@YAXPAX@Z 10014fc0 f i GuMeshFactory.obj
 0001:00013fd0       ?__global_array_delete@@YAXPAXI@Z 10014fd0 f i GuMeshFactory.obj
 0001:00013fe0       ?__global_delete@@YAXPAX@Z 10014fe0 f i GuMeshFactory.obj
 0001:00013ff0       ?__global_delete@@YAXPAXI@Z 10014ff0 f i GuMeshFactory.obj
 0001:00014000       ?create@?$HashBase@PAVBVHStructure@Gu@physx@@PAV123@U?$Hash@PAVBVHStructure@Gu@physx@@@shdfnd@3@UGetKey@?$HashSetBase@PAVBVHStructure@Gu@physx@@U?$Hash@PAVBVHStructure@Gu@physx@@@shdfnd@3@VNonTrackingAllocator@53@$00@internal@53@VNonTrackingAllocator@53@$00@internal@shdfnd@physx@@QAEPAPAVBVHStructure@Gu@4@ABQAV564@AA_N@Z 10015000 f i GuMeshFactory.obj
 0001:00014130       ?create@?$HashBase@PAVConvexMesh@Gu@physx@@PAV123@U?$Hash@PAVConvexMesh@Gu@physx@@@shdfnd@3@UGetKey@?$HashSetBase@PAVConvexMesh@Gu@physx@@U?$Hash@PAVConvexMesh@Gu@physx@@@shdfnd@3@VNonTrackingAllocator@53@$00@internal@53@VNonTrackingAllocator@53@$00@internal@shdfnd@physx@@QAEPAPAVConvexMesh@Gu@4@ABQAV564@AA_N@Z 10015130 f i GuMeshFactory.obj
 0001:00014260       ?create@?$HashBase@PAVHeightField@Gu@physx@@PAV123@U?$Hash@PAVHeightField@Gu@physx@@@shdfnd@3@UGetKey@?$HashSetBase@PAVHeightField@Gu@physx@@U?$Hash@PAVHeightField@Gu@physx@@@shdfnd@3@VNonTrackingAllocator@53@$00@internal@53@VNonTrackingAllocator@53@$00@internal@shdfnd@physx@@QAEPAPAVHeightField@Gu@4@ABQAV564@AA_N@Z 10015260 f i GuMeshFactory.obj
 0001:00014390       ?create@?$HashBase@PAVTriangleMesh@Gu@physx@@PAV123@U?$Hash@PAVTriangleMesh@Gu@physx@@@shdfnd@3@UGetKey@?$HashSetBase@PAVTriangleMesh@Gu@physx@@U?$Hash@PAVTriangleMesh@Gu@physx@@@shdfnd@3@VNonTrackingAllocator@53@$00@internal@53@VNonTrackingAllocator@53@$00@internal@shdfnd@physx@@QAEPAPAVTriangleMesh@Gu@4@ABQAV564@AA_N@Z 10015390 f i GuMeshFactory.obj
 0001:000144c0       ?erase@?$HashBase@PAVBVHStructure@Gu@physx@@PAV123@U?$Hash@PAVBVHStructure@Gu@physx@@@shdfnd@3@UGetKey@?$HashSetBase@PAVBVHStructure@Gu@physx@@U?$Hash@PAVBVHStructure@Gu@physx@@@shdfnd@3@VNonTrackingAllocator@53@$00@internal@53@VNonTrackingAllocator@53@$00@internal@shdfnd@physx@@QAE_NABQAVBVHStructure@Gu@4@@Z 100154c0 f i GuMeshFactory.obj
 0001:000145e0       ?erase@?$HashBase@PAVConvexMesh@Gu@physx@@PAV123@U?$Hash@PAVConvexMesh@Gu@physx@@@shdfnd@3@UGetKey@?$HashSetBase@PAVConvexMesh@Gu@physx@@U?$Hash@PAVConvexMesh@Gu@physx@@@shdfnd@3@VNonTrackingAllocator@53@$00@internal@53@VNonTrackingAllocator@53@$00@internal@shdfnd@physx@@QAE_NABQAVConvexMesh@Gu@4@@Z 100155e0 f i GuMeshFactory.obj
 0001:00014700       ?erase@?$HashBase@PAVHeightField@Gu@physx@@PAV123@U?$Hash@PAVHeightField@Gu@physx@@@shdfnd@3@UGetKey@?$HashSetBase@PAVHeightField@Gu@physx@@U?$Hash@PAVHeightField@Gu@physx@@@shdfnd@3@VNonTrackingAllocator@53@$00@internal@53@VNonTrackingAllocator@53@$00@internal@shdfnd@physx@@QAE_NABQAVHeightField@Gu@4@@Z 10015700 f i GuMeshFactory.obj
 0001:00014820       ?erase@?$HashBase@PAVTriangleMesh@Gu@physx@@PAV123@U?$Hash@PAVTriangleMesh@Gu@physx@@@shdfnd@3@UGetKey@?$HashSetBase@PAVTriangleMesh@Gu@physx@@U?$Hash@PAVTriangleMesh@Gu@physx@@@shdfnd@3@VNonTrackingAllocator@53@$00@internal@53@VNonTrackingAllocator@53@$00@internal@shdfnd@physx@@QAE_NABQAVTriangleMesh@Gu@4@@Z 10015820 f i GuMeshFactory.obj
 0001:00014940       ?growAndPushBack@?$Array@PAVGuMeshFactoryListener@physx@@V?$ReflectionAllocator@PAVGuMeshFactoryListener@physx@@@shdfnd@2@@shdfnd@physx@@IAEAAPAVGuMeshFactoryListener@3@ABQAV43@@Z 10015940 f i GuMeshFactory.obj
 0001:000156c0       ?reserveInternal@?$HashBase@PAVBVHStructure@Gu@physx@@PAV123@U?$Hash@PAVBVHStructure@Gu@physx@@@shdfnd@3@UGetKey@?$HashSetBase@PAVBVHStructure@Gu@physx@@U?$Hash@PAVBVHStructure@Gu@physx@@@shdfnd@3@VNonTrackingAllocator@53@$00@internal@53@VNonTrackingAllocator@53@$00@internal@shdfnd@physx@@AAEXI@Z 100166c0 f i GuMeshFactory.obj
 0001:00015860       ?reserveInternal@?$HashBase@PAVConvexMesh@Gu@physx@@PAV123@U?$Hash@PAVConvexMesh@Gu@physx@@@shdfnd@3@UGetKey@?$HashSetBase@PAVConvexMesh@Gu@physx@@U?$Hash@PAVConvexMesh@Gu@physx@@@shdfnd@3@VNonTrackingAllocator@53@$00@internal@53@VNonTrackingAllocator@53@$00@internal@shdfnd@physx@@AAEXI@Z 10016860 f i GuMeshFactory.obj
 0001:00015a00       ?reserveInternal@?$HashBase@PAVHeightField@Gu@physx@@PAV123@U?$Hash@PAVHeightField@Gu@physx@@@shdfnd@3@UGetKey@?$HashSetBase@PAVHeightField@Gu@physx@@U?$Hash@PAVHeightField@Gu@physx@@@shdfnd@3@VNonTrackingAllocator@53@$00@internal@53@VNonTrackingAllocator@53@$00@internal@shdfnd@physx@@AAEXI@Z 10016a00 f i GuMeshFactory.obj
 0001:00015ba0       ?reserveInternal@?$HashBase@PAVTriangleMesh@Gu@physx@@PAV123@U?$Hash@PAVTriangleMesh@Gu@physx@@@shdfnd@3@UGetKey@?$HashSetBase@PAVTriangleMesh@Gu@physx@@U?$Hash@PAVTriangleMesh@Gu@physx@@@shdfnd@3@VNonTrackingAllocator@53@$00@internal@53@VNonTrackingAllocator@53@$00@internal@shdfnd@physx@@AAEXI@Z 10016ba0 f i GuMeshFactory.obj
 0001:00015d50       ?getBinaryMetaData@HeightField@Gu@physx@@SAXAAVPxOutputStream@3@@Z 10016d50 f   GuMetaData.obj
 0001:00016290       ?getBinaryMetaData@BigConvexData@physx@@SAXAAVPxOutputStream@2@@Z 10017290 f   GuMetaData.obj
 0001:00016600       ?getBinaryMetaData@ConvexMesh@Gu@physx@@SAXAAVPxOutputStream@3@@Z 10017600 f   GuMetaData.obj
 0001:00016e40       ?getBinaryMetaData@RTree@Gu@physx@@SAXAAVPxOutputStream@3@@Z 10017e40 f   GuMetaData.obj
 0001:00017240       ?getBinaryMetaData@SourceMesh@Gu@physx@@SAXAAVPxOutputStream@3@@Z 10018240 f   GuMetaData.obj
 0001:00017470       ?getBinaryMetaData@BV4Tree@Gu@physx@@SAXAAVPxOutputStream@3@@Z 10018470 f   GuMetaData.obj
 0001:000178c0       ?getBinaryMetaData@TriangleMesh@Gu@physx@@SAXAAVPxOutputStream@3@@Z 100188c0 f   GuMetaData.obj
 0001:00018270       ?getBinaryMetaData@BV4TriangleMesh@Gu@physx@@SAXAAVPxOutputStream@3@@Z 10019270 f   GuMetaData.obj
 0001:000185e0       ?getBinaryMetaData@RTreeTriangleMesh@Gu@physx@@SAXAAVPxOutputStream@3@@Z 100195e0 f   GuMetaData.obj
 0001:000186e0       ?getBinaryMetaData@MaterialIndicesStruct@physx@@SAXAAVPxOutputStream@2@@Z 100196e0 f   GuMetaData.obj
 0001:00018870       ?getBinaryMetaData@GeometryUnion@Gu@physx@@SAXAAVPxOutputStream@3@@Z 10019870 f   GuMetaData.obj
 0001:00019160       ??0BigConvexData@physx@@QAE@W4PxEMPTY@1@@Z 1001a160 f i GuMetaData.obj
 0001:00019170       ??4BigConvexData@physx@@QAEAAV01@ABV01@@Z 1001a170 f i GuMetaData.obj
 0001:00019190       ?GetAdjacentVerts@BigConvexData@physx@@QBEPBEXZ 1001a190 f i GuMetaData.obj
 0001:000191a0       ?GetNbNeighbors@BigConvexData@physx@@QBEGI@Z 1001a1a0 f i GuMetaData.obj
 0001:000191b0       ?GetNbSamples@BigConvexData@physx@@QBEIXZ 1001a1b0 f i GuMetaData.obj
 0001:000191c0       ?GetNbVerts@BigConvexData@physx@@QBEIXZ 1001a1c0 f i GuMetaData.obj
 0001:000191d0       ?GetNeighbors@BigConvexData@physx@@QBEPBEI@Z 1001a1d0 f i GuMetaData.obj
 0001:000191f0       ?GetOffset@BigConvexData@physx@@QBEGI@Z 1001a1f0 f i GuMetaData.obj
 0001:00019200       ?GetSubdiv@BigConvexData@physx@@QBEIXZ 1001a200 f i GuMetaData.obj
 0001:00019210       ?GetValencies@BigConvexData@physx@@QBEPBUValency@Gu@2@XZ 1001a210 f i GuMetaData.obj
 0001:00019220       ?GetValency@BigConvexData@physx@@QBEGI@Z 1001a220 f i GuMetaData.obj
 0001:0001aa00       ?doSupport@?$SupportLocalImpl@VConvexHullV@Gu@physx@@@Gu@physx@@UBE?AT__m128@@ABT4@@Z 1001ba00 f i GuMTD.obj
 0001:0001aab0       ?doSupport@?$SupportLocalImpl@VConvexHullV@Gu@physx@@@Gu@physx@@UBEXABT__m128@@AAT4@1@Z 1001bab0 f i GuMTD.obj
 0001:0001ade0       ?populateVerts@?$SupportLocalImpl@VConvexHullV@Gu@physx@@@Gu@physx@@UBEXPBEIPBVPxVec3@3@PAT__m128@@@Z 1001bde0 f i GuMTD.obj
 0001:0001ae50       ??_E?$SupportLocalImpl@VConvexHullV@Gu@physx@@@Gu@physx@@UAEPAXI@Z 1001be50 f i GuMTD.obj
 0001:0001ae50       ??_G?$SupportLocalImpl@VConvexHullV@Gu@physx@@@Gu@physx@@UAEPAXI@Z 1001be50 f i GuMTD.obj
 0001:0001ae80       ?doSupport@?$SupportLocalImpl@VConvexHullNoScaleV@Gu@physx@@@Gu@physx@@UBE?AT__m128@@ABT4@@Z 1001be80 f i GuMTD.obj
 0001:0001aeb0       ?doSupport@?$SupportLocalImpl@VConvexHullNoScaleV@Gu@physx@@@Gu@physx@@UBEXABT__m128@@AAT4@1@Z 1001beb0 f i GuMTD.obj
 0001:0001b000       ?populateVerts@?$SupportLocalImpl@VConvexHullNoScaleV@Gu@physx@@@Gu@physx@@UBEXPBEIPBVPxVec3@3@PAT__m128@@@Z 1001c000 f i GuMTD.obj
 0001:0001b040       ??_G?$SupportLocalImpl@VConvexHullNoScaleV@Gu@physx@@@Gu@physx@@UAEPAXI@Z 1001c040 f i GuMTD.obj
 0001:0001b040       ??_E?$SupportLocalImpl@VConvexHullNoScaleV@Gu@physx@@@Gu@physx@@UAEPAXI@Z 1001c040 f i GuMTD.obj
 0001:0001b070       ?doSupport@?$SupportLocalImpl@VBoxV@Gu@physx@@@Gu@physx@@UBE?AT__m128@@ABT4@@Z 1001c070 f i GuMTD.obj
 0001:0001b0a0       ?doSupport@?$SupportLocalImpl@VBoxV@Gu@physx@@@Gu@physx@@UBEXABT__m128@@AAT4@1@Z 1001c0a0 f i GuMTD.obj
 0001:0001b100       ?populateVerts@?$SupportLocalImpl@VBoxV@Gu@physx@@@Gu@physx@@UBEXPBEIPBVPxVec3@3@PAT__m128@@@Z 1001c100 f i GuMTD.obj
 0001:0001b140       ??_E?$SupportLocalImpl@VBoxV@Gu@physx@@@Gu@physx@@UAEPAXI@Z 1001c140 f i GuMTD.obj
 0001:0001b140       ??_G?$SupportLocalImpl@VBoxV@Gu@physx@@@Gu@physx@@UAEPAXI@Z 1001c140 f i GuMTD.obj
 0001:0001b170       ??_ESupportLocal@Gu@physx@@UAEPAXI@Z 1001c170 f i GuMTD.obj
 0001:0001b170       ??_GSupportLocal@Gu@physx@@UAEPAXI@Z 1001c170 f i GuMTD.obj
 0001:0001b1a0       ?pointConvexDistance@@YA_NAAVPxVec3@physx@@0AAMABV12@PBVConvexMesh@Gu@2@ABVPxMeshScale@2@ABVPxTransform@2@@Z 1001c1a0 f   GuMTD.obj
 0001:0001d8a0       ??$gjk@U?$LocalConvex@VCapsuleV@Gu@physx@@@Gu@physx@@U?$LocalConvex@VConvexHullV@Gu@physx@@@23@@Gu@physx@@YA?AW4GjkStatus@01@ABU?$LocalConvex@VCapsuleV@Gu@physx@@@01@ABU?$LocalConvex@VConvexHullV@Gu@physx@@@01@ABT__m128@@2AAT5@333@Z 1001e8a0 f i GuMTD.obj
 0001:0001e820       ??0ContactPoint@Gu@physx@@QAE@XZ 1001f820 f i GuMTD.obj
 0001:0001e830       ??0HullPolygonData@Gu@physx@@QAE@ABU012@@Z 1001f830 f i GuMTD.obj
 0001:0001e870       ??0MeshPersistentContact@Gu@physx@@QAE@XZ 1001f870 f i GuMTD.obj
 0001:0001e880       ??0MultiplePersistentContactManifold@Gu@physx@@QAE@XZ 1001f880 f i GuMTD.obj
 0001:0001e900       ??0PersistentContact@Gu@physx@@QAE@XZ 1001f900 f i GuMTD.obj
 0001:0001e910       ??0PolygonalBox@Gu@physx@@QAE@ABV012@@Z 1001f910 f i GuMTD.obj
 0001:0001eb90       ??0PxVec3@physx@@QAE@ABV01@@Z 1001fb90 f i GuMTD.obj
 0001:0001ebb0       ??0SeparatingAxes@Gu@physx@@QAE@$$QAV012@@Z 1001fbb0 f i GuMTD.obj
 0001:0001ec70       ??0SeparatingAxes@Gu@physx@@QAE@ABV012@@Z 1001fc70 f i GuMTD.obj
 0001:0001ed30       ??0SeparatingAxes@Gu@physx@@QAE@XZ 1001fd30 f i GuMTD.obj
 0001:0001ed40       ??0SinglePersistentContactManifold@Gu@physx@@QAE@XZ 1001fd40 f i GuMTD.obj
 0001:0001ed50       ??1GjkConvexBase@Gu@physx@@UAE@XZ 1001fd50 f i GuMTD.obj
 0001:0001ed60       ??1SupportLocal@Gu@physx@@UAE@XZ 1001fd60 f i GuMTD.obj
 0001:0001ed70       ??4MultiplePersistentContactManifold@Gu@physx@@QAEAAV012@$$QAV012@@Z 1001fd70 f i GuMTD.obj
 0001:0001ee60       ??4MultiplePersistentContactManifold@Gu@physx@@QAEAAV012@ABV012@@Z 1001fe60 f i GuMTD.obj
 0001:0001ee80       ??4SeparatingAxes@Gu@physx@@QAEAAV012@$$QAV012@@Z 1001fe80 f i GuMTD.obj
 0001:0001ef50       ??4SeparatingAxes@Gu@physx@@QAEAAV012@ABV012@@Z 1001ff50 f i GuMTD.obj
 0001:0001f020       ??_E?$LocalConvex@VCapsuleV@Gu@physx@@@Gu@physx@@UAEPAXI@Z 10020020 f i GuMTD.obj
 0001:0001f020       ??_G?$LocalConvex@VCapsuleV@Gu@physx@@@Gu@physx@@UAEPAXI@Z 10020020 f i GuMTD.obj
 0001:0001f050       ??_G?$LocalConvex@VConvexHullV@Gu@physx@@@Gu@physx@@UAEPAXI@Z 10020050 f i GuMTD.obj
 0001:0001f050       ??_E?$LocalConvex@VConvexHullV@Gu@physx@@@Gu@physx@@UAEPAXI@Z 10020050 f i GuMTD.obj
 0001:0001f080       ??_EGjkConvex@Gu@physx@@UAEPAXI@Z 10020080 f i GuMTD.obj
 0001:0001f080       ??_GGjkConvex@Gu@physx@@UAEPAXI@Z 10020080 f i GuMTD.obj
 0001:0001f0b0       ??_EGjkConvexBase@Gu@physx@@UAEPAXI@Z 100200b0 f i GuMTD.obj
 0001:0001f0b0       ??_GGjkConvexBase@Gu@physx@@UAEPAXI@Z 100200b0 f i GuMTD.obj
 0001:0001f0e0       ??__G@YGXPAX0IIP6EPAX00@Z@Z 100200e0 f i GuMTD.obj
 0001:0001f700       ?clearManifold@MultiplePersistentContactManifold@Gu@physx@@QAEXXZ 10020700 f i GuMTD.obj
 0001:000235b0       ?getAxes@SeparatingAxes@Gu@physx@@QBEPBVPxVec3@3@XZ 100245b0 f i GuMTD.obj
 0001:000235c0       ?getCenter@?$LocalConvex@VCapsuleV@Gu@physx@@@Gu@physx@@UBE?AT__m128@@XZ 100245c0 f i GuMTD.obj
 0001:000235d0       ?getCenter@?$LocalConvex@VConvexHullV@Gu@physx@@@Gu@physx@@UBE?AT__m128@@XZ 100245d0 f i GuMTD.obj
 0001:000235e0       ?getEmptyManifold@MultiplePersistentContactManifold@Gu@physx@@QAEPAVSinglePersistentContactManifold@23@XZ 100245e0 f i GuMTD.obj
 0001:00023600       ?getManifold@MultiplePersistentContactManifold@Gu@physx@@QAEPAVSinglePersistentContactManifold@23@I@Z 10024600 f i GuMTD.obj
 0001:00023620       ?getNumAxes@SeparatingAxes@Gu@physx@@QBEIXZ 10024620 f i GuMTD.obj
 0001:00023630       ?getSweepMargin@?$LocalConvex@VCapsuleV@Gu@physx@@@Gu@physx@@UBE?AT__m128@@XZ 10024630 f i GuMTD.obj
 0001:00023640       ?getSweepMargin@?$LocalConvex@VConvexHullV@Gu@physx@@@Gu@physx@@UBE?AT__m128@@XZ 10024640 f i GuMTD.obj
 0001:00023660       ?getSweepMargin@GjkConvex@Gu@physx@@UBE?AT__m128@@XZ 10024660 f i GuMTD.obj
 0001:00023670       ?hillClimbing@ConvexHullV@Gu@physx@@QBEIABT__m128@@@Z 10024670 f i GuMTD.obj
 0001:00023930       ?initialize@MultiplePersistentContactManifold@Gu@physx@@QAEXXZ 10024930 f i GuMTD.obj
 0001:000239a0       ?invalidate@MultiplePersistentContactManifold@Gu@physx@@QAEIABVPsTransformV@aos@shdfnd@3@ABT__m128@@1@Z 100249a0 f i GuMTD.obj
 0001:00023a30       ?invalidate@MultiplePersistentContactManifold@Gu@physx@@QAEIABVPsTransformV@aos@shdfnd@3@ABT__m128@@@Z 10024a30 f i GuMTD.obj
 0001:00023ac0       ?maxTransformPositionDelta@MultiplePersistentContactManifold@Gu@physx@@QAE?AT__m128@@ABT4@@Z 10024ac0 f i GuMTD.obj
 0001:00023b00       ?maxTransformQuatDelta@MultiplePersistentContactManifold@Gu@physx@@QAE?AT__m128@@ABT4@@Z 10024b00 f i GuMTD.obj
 0001:00023d20       ?reduceManifoldContactsInDifferentPatches@MultiplePersistentContactManifold@Gu@physx@@QAEIPAPAUPCMContactPatch@23@IPAVMeshPersistentContact@23@IABT__m128@@@Z 10024d20 f i GuMTD.obj
 0001:00023e80       ?refineContactPatchConnective@MultiplePersistentContactManifold@Gu@physx@@QAEXPAPAUPCMContactPatch@23@IPAVMeshPersistentContact@23@ABT__m128@@@Z 10024e80 f i GuMTD.obj
 0001:00023f40       ?refreshManifold@MultiplePersistentContactManifold@Gu@physx@@QAEXABVPsMatTransformV@aos@shdfnd@3@ABT__m128@@1@Z 10024f40 f i GuMTD.obj
 0001:00024020       ?reset@SeparatingAxes@Gu@physx@@QAEXXZ 10025020 f i GuMTD.obj
 0001:00024030       ?setRelativeTransform@MultiplePersistentContactManifold@Gu@physx@@QAEXABVPsTransformV@aos@shdfnd@3@@Z 10025030 f i GuMTD.obj
 0001:00024050       ?support@?$LocalConvex@VCapsuleV@Gu@physx@@@Gu@physx@@UBE?AT__m128@@ABT4@@Z 10025050 f i GuMTD.obj
 0001:000240b0       ?support@?$LocalConvex@VCapsuleV@Gu@physx@@@Gu@physx@@UBE?AT__m128@@ABT4@AAH@Z 100250b0 f i GuMTD.obj
 0001:00024130       ?support@?$LocalConvex@VConvexHullV@Gu@physx@@@Gu@physx@@UBE?AT__m128@@ABT4@@Z 10025130 f i GuMTD.obj
 0001:000241e0       ?support@?$LocalConvex@VConvexHullV@Gu@physx@@@Gu@physx@@UBE?AT__m128@@ABT4@AAH@Z 100251e0 f i GuMTD.obj
 0001:00024290       ?support@GjkConvex@Gu@physx@@UBE?AT__m128@@ABT4@@Z 10025290 f i GuMTD.obj
 0001:000242b0       ?support@GjkConvex@Gu@physx@@UBE?AT__m128@@ABT4@AAH@Z 100252b0 f i GuMTD.obj
 0001:000242d0       ?supportPoint@?$LocalConvex@VCapsuleV@Gu@physx@@@Gu@physx@@UBE?AT__m128@@H@Z 100252d0 f i GuMTD.obj
 0001:000242f0       ?supportPoint@?$LocalConvex@VConvexHullV@Gu@physx@@@Gu@physx@@UBE?AT__m128@@H@Z 100252f0 f i GuMTD.obj
 0001:00024340       ?supportPoint@GjkConvex@Gu@physx@@UBE?AT__m128@@H@Z 10025340 f i GuMTD.obj
 0001:00024360       ?supportVertexIndex@ConvexHullV@Gu@physx@@QBEIABT__m128@@@Z 10025360 f i GuMTD.obj
 0001:00024410       ?toBuffer@MultiplePersistentContactManifold@Gu@physx@@QAEXPIAE@Z 10025410 f i GuMTD.obj
 0001:000244f0       ?supportPoint@?$RelativeConvex@VBoxV@Gu@physx@@@Gu@physx@@UBE?AT__m128@@H@Z 100254f0 f i GuOverlapTests.obj
 0001:00024550       ?support@?$RelativeConvex@VBoxV@Gu@physx@@@Gu@physx@@UBE?AT__m128@@ABT4@@Z 10025550 f i GuOverlapTests.obj
 0001:000245d0       ?support@?$RelativeConvex@VBoxV@Gu@physx@@@Gu@physx@@UBE?AT__m128@@ABT4@AAH@Z 100255d0 f i GuOverlapTests.obj
 0001:00024660       ?getCenter@?$RelativeConvex@VBoxV@Gu@physx@@@Gu@physx@@UBE?AT__m128@@XZ 10025660 f i GuOverlapTests.obj
 0001:000246a0       ?getSweepMargin@?$RelativeConvex@VBoxV@Gu@physx@@@Gu@physx@@UBE?AT__m128@@XZ 100256a0 f i GuOverlapTests.obj
 0001:000246c0       ??_G?$RelativeConvex@VBoxV@Gu@physx@@@Gu@physx@@UAEPAXI@Z 100256c0 f i GuOverlapTests.obj
 0001:000246c0       ??_E?$RelativeConvex@VBoxV@Gu@physx@@@Gu@physx@@UAEPAXI@Z 100256c0 f i GuOverlapTests.obj
 0001:000246f0       ?getOverlapFuncTable@Gu@physx@@YAPAY06Q6A_NABVPxGeometry@2@ABVPxTransform@2@01PAUTriggerCache@12@@ZXZ 100256f0 f   GuOverlapTests.obj
 0001:00024700       ?registerHeightFields@Gu@physx@@YAXXZ 10025700 f   GuOverlapTests.obj
 0001:00026d20       ?supportPoint@?$RelativeConvex@VConvexHullV@Gu@physx@@@Gu@physx@@UBE?AT__m128@@H@Z 10027d20 f i GuOverlapTests.obj
 0001:00026da0       ?support@?$RelativeConvex@VConvexHullV@Gu@physx@@@Gu@physx@@UBE?AT__m128@@ABT4@@Z 10027da0 f i GuOverlapTests.obj
 0001:00026ea0       ?support@?$RelativeConvex@VConvexHullV@Gu@physx@@@Gu@physx@@UBE?AT__m128@@ABT4@AAH@Z 10027ea0 f i GuOverlapTests.obj
 0001:00026fa0       ?getCenter@?$RelativeConvex@VConvexHullV@Gu@physx@@@Gu@physx@@UBE?AT__m128@@XZ 10027fa0 f i GuOverlapTests.obj
 0001:00026fe0       ?getSweepMargin@?$RelativeConvex@VConvexHullV@Gu@physx@@@Gu@physx@@UBE?AT__m128@@XZ 10027fe0 f i GuOverlapTests.obj
 0001:00027000       ??_G?$RelativeConvex@VConvexHullV@Gu@physx@@@Gu@physx@@UAEPAXI@Z 10028000 f i GuOverlapTests.obj
 0001:00027000       ??_E?$RelativeConvex@VConvexHullV@Gu@physx@@@Gu@physx@@UAEPAXI@Z 10028000 f i GuOverlapTests.obj
 0001:00027030       ??$gjk@U?$RelativeConvex@VBoxV@Gu@physx@@@Gu@physx@@U?$LocalConvex@VConvexHullV@Gu@physx@@@23@@Gu@physx@@YA?AW4GjkStatus@01@ABU?$RelativeConvex@VBoxV@Gu@physx@@@01@ABU?$LocalConvex@VConvexHullV@Gu@physx@@@01@ABT__m128@@2AAT5@333@Z 10028030 f i GuOverlapTests.obj
 0001:00027ff0       ??$gjk@U?$RelativeConvex@VConvexHullV@Gu@physx@@@Gu@physx@@U?$LocalConvex@VConvexHullV@Gu@physx@@@23@@Gu@physx@@YA?AW4GjkStatus@01@ABU?$RelativeConvex@VConvexHullV@Gu@physx@@@01@ABU?$LocalConvex@VConvexHullV@Gu@physx@@@01@ABT__m128@@2AAT5@333@Z 10028ff0 f i GuOverlapTests.obj
 0001:000290e0       ?ComputeCubemapNearestOffset@physx@@YAIABVPxVec3@1@I@Z 1002a0e0 f i GuOverlapTests.obj
 0001:0002b020       ?getRaycastFuncTable@Gu@physx@@YAAAY06Q6AIABVPxGeometry@2@ABVPxTransform@2@ABVPxVec3@2@2MV?$PxFlags@W4Enum@PxHitFlag@physx@@G@2@IPIAUPxRaycastHit@2@@ZXZ 1002c020 f   GuRaycastTests.obj
 0001:0002b030       ?raycast_box@@YAIABVPxGeometry@physx@@ABVPxTransform@2@ABVPxVec3@2@2MV?$PxFlags@W4Enum@PxHitFlag@physx@@G@2@IPIAUPxRaycastHit@2@@Z 1002c030 f   GuRaycastTests.obj
 0001:0002b670       ?raycast_sphere@@YAIABVPxGeometry@physx@@ABVPxTransform@2@ABVPxVec3@2@2MV?$PxFlags@W4Enum@PxHitFlag@physx@@G@2@IPIAUPxRaycastHit@2@@Z 1002c670 f   GuRaycastTests.obj
 0001:0002b7e0       ?raycast_capsule@@YAIABVPxGeometry@physx@@ABVPxTransform@2@ABVPxVec3@2@2MV?$PxFlags@W4Enum@PxHitFlag@physx@@G@2@IPIAUPxRaycastHit@2@@Z 1002c7e0 f   GuRaycastTests.obj
 0001:0002bcf0       ?raycast_plane@@YAIABVPxGeometry@physx@@ABVPxTransform@2@ABVPxVec3@2@2MV?$PxFlags@W4Enum@PxHitFlag@physx@@G@2@IPIAUPxRaycastHit@2@@Z 1002ccf0 f   GuRaycastTests.obj
 0001:0002be30       ?raycast_convexMesh@@YAIABVPxGeometry@physx@@ABVPxTransform@2@ABVPxVec3@2@2MV?$PxFlags@W4Enum@PxHitFlag@physx@@G@2@IPIAUPxRaycastHit@2@@Z 1002ce30 f   GuRaycastTests.obj
 0001:0002cb30       ?raycast_triangleMesh@@YAIABVPxGeometry@physx@@ABVPxTransform@2@ABVPxVec3@2@2MV?$PxFlags@W4Enum@PxHitFlag@physx@@G@2@IPIAUPxRaycastHit@2@@Z 1002db30 f   GuRaycastTests.obj
 0001:0002cb80       ?raycast_heightField@@YAIABVPxGeometry@physx@@ABVPxTransform@2@ABVPxVec3@2@2MV?$PxFlags@W4Enum@PxHitFlag@physx@@G@2@IPIAUPxRaycastHit@2@@Z 1002db80 f   GuRaycastTests.obj
 0001:0002d390       ?registerHeightFields_Raycasts@@YAXXZ 1002e390 f   GuRaycastTests.obj
 0001:0002eaf0       ??Dphysx@@YA?AVMatrix34@Cm@0@ABVPxMeshScale@0@ABVPxTransform@0@@Z 1002faf0 f i GuRaycastTests.obj
 0001:0002f720       ?readChunk@physx@@YAXAAC000AAVPxInputStream@1@@Z 10030720 f   GuSerialize.obj
 0001:0002f760       ?readWord@physx@@YAG_NAAVPxInputStream@1@@Z 10030760 f   GuSerialize.obj
 0001:0002f790       ?readDword@physx@@YAI_NAAVPxInputStream@1@@Z 10030790 f   GuSerialize.obj
 0001:0002f7d0       ?readFloat@physx@@YAM_NAAVPxInputStream@1@@Z 100307d0 f   GuSerialize.obj
 0001:0002f810       ?writeWord@physx@@YAXG_NAAVPxOutputStream@1@@Z 10030810 f   GuSerialize.obj
 0001:0002f840       ?writeDword@physx@@YAXI_NAAVPxOutputStream@1@@Z 10030840 f   GuSerialize.obj
 0001:0002f880       ?writeFloat@physx@@YAXM_NAAVPxOutputStream@1@@Z 10030880 f   GuSerialize.obj
 0001:0002f8c0       ?readFloatBuffer@physx@@YA_NPAMI_NAAVPxInputStream@1@@Z 100308c0 f   GuSerialize.obj
 0001:0002f920       ?writeFloatBuffer@physx@@YAXPBMI_NAAVPxOutputStream@1@@Z 10030920 f   GuSerialize.obj
 0001:0002f9a0       ?writeWordBuffer@physx@@YAXPBGI_NAAVPxOutputStream@1@@Z 100309a0 f   GuSerialize.obj
 0001:0002fa10       ?readWordBuffer@physx@@YAXPAGI_NAAVPxInputStream@1@@Z 10030a10 f   GuSerialize.obj
 0001:0002fa50       ?writeHeader@physx@@YA_NCCCCI_NAAVPxOutputStream@1@@Z 10030a50 f   GuSerialize.obj
 0001:0002fb40       ?readHeader@physx@@YA_NCCCCAAIAA_NAAVPxInputStream@1@@Z 10030b40 f   GuSerialize.obj
 0001:0002fc30       ?computeMaxIndex@physx@@YAIPBII@Z 10030c30 f   GuSerialize.obj
 0001:0002fc60       ?computeMaxIndex@physx@@YAGPBGI@Z 10030c60 f   GuSerialize.obj
 0001:0002fca0       ?storeIndices@physx@@YAXIIPBIAAVPxOutputStream@1@_N@Z 10030ca0 f   GuSerialize.obj
 0001:0002fd70       ?readIndices@physx@@YAXIIPAIAAVPxInputStream@1@_N@Z 10030d70 f   GuSerialize.obj
 0001:0002fe30       ?WriteHeader@Gu@physx@@YA_NEEEEI_NAAVPxOutputStream@2@@Z 10030e30 f   GuSerialize.obj
 0001:0002ff20       ?ReadHeader@Gu@physx@@YA_NEEEEAAIAA_NAAVPxInputStream@2@@Z 10030f20 f   GuSerialize.obj
 0001:00030020       ?StoreIndices@Gu@physx@@YAXIIPBIAAVPxOutputStream@2@_N@Z 10031020 f   GuSerialize.obj
 0001:00030120       ?ReadIndices@Gu@physx@@YAXIIPAIAAVPxInputStream@2@_N@Z 10031120 f   GuSerialize.obj
 0001:000302d0       ?StoreIndices@Gu@physx@@YAXGIPBGAAVPxOutputStream@2@_N@Z 100312d0 f   GuSerialize.obj
 0001:00030360       ?ReadIndices@Gu@physx@@YAXGIPAGAAVPxInputStream@2@_N@Z 10031360 f   GuSerialize.obj
 0001:00030460       ?computeCapsule_TriangleMeshMTD@Gu@physx@@YA_NABVPxTriangleMeshGeometry@2@ABVPxTransform@2@AAVCapsuleV@12@M_NAAUPxSweepHit@2@@Z 10031460 f   GuSweepMTD.obj
 0001:00030ba0       ?computeCapsule_HeightFieldMTD@Gu@physx@@YA_NABVPxHeightFieldGeometry@2@ABVPxTransform@2@AAVCapsuleV@12@M_NIAAUPxSweepHit@2@@Z 10031ba0 f   GuSweepMTD.obj
 0001:00031220       ?computeBox_TriangleMeshMTD@Gu@physx@@YA_NABVPxTriangleMeshGeometry@2@ABVPxTransform@2@ABVBox@12@1M_NAAUPxSweepHit@2@@Z 10032220 f   GuSweepMTD.obj
 0001:00031e70       ?computeBox_HeightFieldMTD@Gu@physx@@YA_NABVPxHeightFieldGeometry@2@ABVPxTransform@2@ABVBox@12@1M_NIAAUPxSweepHit@2@@Z 10032e70 f   GuSweepMTD.obj
 0001:00032e50       ?computeConvex_TriangleMeshMTD@Gu@physx@@YA_NABVPxTriangleMeshGeometry@2@ABVPxTransform@2@ABVPxConvexMeshGeometry@2@1M_NAAUPxSweepHit@2@@Z 10033e50 f   GuSweepMTD.obj
 0001:00034290       ?computeConvex_HeightFieldMTD@Gu@physx@@YA_NABVPxHeightFieldGeometry@2@ABVPxTransform@2@ABVPxConvexMeshGeometry@2@1M_NIAAUPxSweepHit@2@@Z 10035290 f   GuSweepMTD.obj
 0001:00035860       ?computeSphere_SphereMTD@Gu@physx@@YA_NABVSphere@12@0AAUPxSweepHit@2@@Z 10036860 f   GuSweepMTD.obj
 0001:00035950       ?computeSphere_CapsuleMTD@Gu@physx@@YA_NABVSphere@12@ABVCapsule@12@AAUPxSweepHit@2@@Z 10036950 f   GuSweepMTD.obj
 0001:00035ae0       ?computeCapsule_CapsuleMTD@Gu@physx@@YA_NABVCapsule@12@0AAUPxSweepHit@2@@Z 10036ae0 f   GuSweepMTD.obj
 0001:00035ce0       ?computePlane_CapsuleMTD@Gu@physx@@YA_NABVPxPlane@2@ABVCapsule@12@AAUPxSweepHit@2@@Z 10036ce0 f   GuSweepMTD.obj
 0001:00035de0       ?computePlane_BoxMTD@Gu@physx@@YA_NABVPxPlane@2@ABVBox@12@AAUPxSweepHit@2@@Z 10036de0 f   GuSweepMTD.obj
 0001:00036030       ?computePlane_ConvexMTD@Gu@physx@@YA_NABVPxPlane@2@ABVPxConvexMeshGeometry@2@ABVPxTransform@2@AAUPxSweepHit@2@@Z 10037030 f   GuSweepMTD.obj
 0001:00036460       ??0FastVertex2ShapeScaling@Cm@physx@@QAE@XZ 10037460 f i GuSweepMTD.obj
 0001:000364f0       ??0MTDTriangle@@QAE@XZ     100374f0 f i GuSweepMTD.obj
 0001:00036500       ??1?$MeshHitCallback@UPxRaycastHit@physx@@@Gu@physx@@UAE@XZ 10037500 f i GuSweepMTD.obj
 0001:00036510       ??1MTDTriangle@@QAE@XZ     10037510 f i GuSweepMTD.obj
 0001:00036520       ??Dphysx@@YA?AVMatrix34@Cm@0@ABVPxTransform@0@ABVPxMeshScale@0@@Z 10037520 f i GuSweepMTD.obj
 0001:00036c00       ??_E?$MeshHitCallback@UPxRaycastHit@physx@@@Gu@physx@@UAEPAXI@Z 10037c00 f i GuSweepMTD.obj
 0001:00036c00       ??_G?$MeshHitCallback@UPxRaycastHit@physx@@@Gu@physx@@UAEPAXI@Z 10037c00 f i GuSweepMTD.obj
 0001:00036c30       ??_EMeshMTDGenerationCallback@@UAEPAXI@Z 10037c30 f i GuSweepMTD.obj
 0001:00036c30       ??_GMeshMTDGenerationCallback@@UAEPAXI@Z 10037c30 f i GuSweepMTD.obj
 0001:00036c60       ??_EMidPhaseQueryLocalReport@@UAEPAXI@Z 10037c60 f i GuSweepMTD.obj
 0001:00036c60       ??_GMidPhaseQueryLocalReport@@UAEPAXI@Z 10037c60 f i GuSweepMTD.obj
 0001:00036c90       ?allocate@?$ReflectionAllocator@I@shdfnd@physx@@QAEPAXIPBDH@Z 10037c90 f i GuSweepMTD.obj
 0001:00036ff0       ?getInverse@PxMat33@physx@@QBE?BV12@XZ 10037ff0 f i GuSweepMTD.obj
 0001:000372e0       ?growAndPushBack@?$Array@IV?$ReflectionAllocator@I@shdfnd@physx@@@shdfnd@physx@@IAEAAIABI@Z 100382e0 f i GuSweepMTD.obj
 0001:000373a0       ?init@FastVertex2ShapeScaling@Cm@physx@@QAEXABVPxVec3@3@ABVPxQuat@3@@Z 100383a0 f i GuSweepMTD.obj
 0001:00037820       ?onEvent@MidPhaseQueryLocalReport@@UAE_NIPAI@Z 10038820 f i GuSweepMTD.obj
 0001:00037870       ?processHit@MeshMTDGenerationCallback@@UAE_NABUPxRaycastHit@physx@@ABVPxVec3@3@11AAMPBI@Z 10038870 f i GuSweepMTD.obj
 0001:000378b0       ?recreate@?$Array@IV?$ReflectionAllocator@I@shdfnd@physx@@@shdfnd@physx@@IAEXI@Z 100388b0 f i GuSweepMTD.obj
 0001:00037980       ?sweepCapsuleTriangles@Gu@physx@@YA_NIPBVPxTriangle@2@_NABVPxCapsuleGeometry@2@ABVPxTransform@2@ABVPxVec3@2@MAAUPxSweepHit@2@PBIMV?$PxFlags@W4Enum@PxHitFlag@physx@@G@2@@Z 10038980 f   GuSweepSharedTests.obj
 0001:00037b10       ?sweepCapsule_SphereGeom@@YA_NABVPxGeometry@physx@@ABVPxTransform@2@ABVPxCapsuleGeometry@2@1ABVCapsule@Gu@2@ABVPxVec3@2@MAAUPxSweepHit@2@V?$PxFlags@W4Enum@PxHitFlag@physx@@G@2@M@Z 10038b10 f   GuSweepSharedTests.obj
 0001:00037ca0       ?sweepCapsule_PlaneGeom@@YA_NABVPxGeometry@physx@@ABVPxTransform@2@ABVPxCapsuleGeometry@2@1ABVCapsule@Gu@2@ABVPxVec3@2@MAAUPxSweepHit@2@V?$PxFlags@W4Enum@PxHitFlag@physx@@G@2@M@Z 10038ca0 f   GuSweepSharedTests.obj
 0001:00037f50       ?sweepCapsule_CapsuleGeom@@YA_NABVPxGeometry@physx@@ABVPxTransform@2@ABVPxCapsuleGeometry@2@1ABVCapsule@Gu@2@ABVPxVec3@2@MAAUPxSweepHit@2@V?$PxFlags@W4Enum@PxHitFlag@physx@@G@2@M@Z 10038f50 f   GuSweepSharedTests.obj
 0001:00038100       ?sweepCapsule_ConvexGeom@@YA_NABVPxGeometry@physx@@ABVPxTransform@2@ABVPxCapsuleGeometry@2@1ABVCapsule@Gu@2@ABVPxVec3@2@MAAUPxSweepHit@2@V?$PxFlags@W4Enum@PxHitFlag@physx@@G@2@M@Z 10039100 f   GuSweepSharedTests.obj
 0001:00038e60       ?sweepBox_PlaneGeom@@YA_NABVPxGeometry@physx@@ABVPxTransform@2@ABVPxBoxGeometry@2@1ABVBox@Gu@2@ABVPxVec3@2@MAAUPxSweepHit@2@V?$PxFlags@W4Enum@PxHitFlag@physx@@G@2@M@Z 10039e60 f   GuSweepSharedTests.obj
 0001:00039230       ?sweepBox_ConvexGeom@@YA_NABVPxGeometry@physx@@ABVPxTransform@2@ABVPxBoxGeometry@2@1ABVBox@Gu@2@ABVPxVec3@2@MAAUPxSweepHit@2@V?$PxFlags@W4Enum@PxHitFlag@physx@@G@2@M@Z 1003a230 f   GuSweepSharedTests.obj
 0001:00039f70       ?sweepConvex_SphereGeom@@YA_NABVPxGeometry@physx@@ABVPxTransform@2@ABVPxConvexMeshGeometry@2@1ABVPxVec3@2@MAAUPxSweepHit@2@V?$PxFlags@W4Enum@PxHitFlag@physx@@G@2@M@Z 1003af70 f   GuSweepSharedTests.obj
 0001:0003ab70       ?sweepConvex_PlaneGeom@@YA_NABVPxGeometry@physx@@ABVPxTransform@2@ABVPxConvexMeshGeometry@2@1ABVPxVec3@2@MAAUPxSweepHit@2@V?$PxFlags@W4Enum@PxHitFlag@physx@@G@2@M@Z 1003bb70 f   GuSweepSharedTests.obj
 0001:0003afd0       ?sweepConvex_CapsuleGeom@@YA_NABVPxGeometry@physx@@ABVPxTransform@2@ABVPxConvexMeshGeometry@2@1ABVPxVec3@2@MAAUPxSweepHit@2@V?$PxFlags@W4Enum@PxHitFlag@physx@@G@2@M@Z 1003bfd0 f   GuSweepSharedTests.obj
 0001:0003b1c0       ?sweepConvex_BoxGeom@@YA_NABVPxGeometry@physx@@ABVPxTransform@2@ABVPxConvexMeshGeometry@2@1ABVPxVec3@2@MAAUPxSweepHit@2@V?$PxFlags@W4Enum@PxHitFlag@physx@@G@2@M@Z 1003c1c0 f   GuSweepSharedTests.obj
 0001:0003b3a0       ?sweepConvex_ConvexGeom@@YA_NABVPxGeometry@physx@@ABVPxTransform@2@ABVPxConvexMeshGeometry@2@1ABVPxVec3@2@MAAUPxSweepHit@2@V?$PxFlags@W4Enum@PxHitFlag@physx@@G@2@M@Z 1003c3a0 f   GuSweepSharedTests.obj
 0001:0003c4d0       ??$gjkPenetration@U?$LocalConvex@VCapsuleV@Gu@physx@@@Gu@physx@@U?$LocalConvex@VConvexHullV@Gu@physx@@@23@@Gu@physx@@YA?AW4GjkStatus@01@ABU?$LocalConvex@VCapsuleV@Gu@physx@@@01@ABU?$LocalConvex@VConvexHullV@Gu@physx@@@01@ABT__m128@@2_NPIAE4AAEAAUGjkOutput@01@@Z 1003d4d0 f i GuSweepSharedTests.obj
 0001:0003de20       ??$gjkPenetration@U?$RelativeConvex@VBoxV@Gu@physx@@@Gu@physx@@U?$LocalConvex@VConvexHullV@Gu@physx@@@23@@Gu@physx@@YA?AW4GjkStatus@01@ABU?$RelativeConvex@VBoxV@Gu@physx@@@01@ABU?$LocalConvex@VConvexHullV@Gu@physx@@@01@ABT__m128@@2_NPIAE4AAEAAUGjkOutput@01@@Z 1003ee20 f i GuSweepSharedTests.obj
 0001:0003f7a0       ??$gjkPenetration@U?$RelativeConvex@VConvexHullV@Gu@physx@@@Gu@physx@@U?$LocalConvex@VConvexHullV@Gu@physx@@@23@@Gu@physx@@YA?AW4GjkStatus@01@ABU?$RelativeConvex@VConvexHullV@Gu@physx@@@01@ABU?$LocalConvex@VConvexHullV@Gu@physx@@@01@ABT__m128@@2_NPIAE4AAEAAUGjkOutput@01@@Z 100407a0 f i GuSweepSharedTests.obj
 0001:00041130       ??$gjkRaycast@U?$LocalConvex@VCapsuleV@Gu@physx@@@Gu@physx@@U?$LocalConvex@VConvexHullV@Gu@physx@@@23@@Gu@physx@@YA_NABU?$LocalConvex@VCapsuleV@Gu@physx@@@01@ABU?$LocalConvex@VConvexHullV@Gu@physx@@@01@ABT__m128@@222AAT4@33M@Z 10042130 f i GuSweepSharedTests.obj
 0001:00041fd0       ??$gjkRaycast@U?$RelativeConvex@VBoxV@Gu@physx@@@Gu@physx@@U?$LocalConvex@VConvexHullV@Gu@physx@@@23@@Gu@physx@@YA_NABU?$RelativeConvex@VBoxV@Gu@physx@@@01@ABU?$LocalConvex@VConvexHullV@Gu@physx@@@01@ABT__m128@@222AAT4@33M@Z 10042fd0 f i GuSweepSharedTests.obj
 0001:00042e80       ??$gjkRaycast@U?$RelativeConvex@VConvexHullV@Gu@physx@@@Gu@physx@@U?$LocalConvex@VConvexHullV@Gu@physx@@@23@@Gu@physx@@YA_NABU?$RelativeConvex@VConvexHullV@Gu@physx@@@01@ABU?$LocalConvex@VConvexHullV@Gu@physx@@@01@ABT__m128@@222AAT4@33M@Z 10043e80 f i GuSweepSharedTests.obj
 0001:00043d90       ??$gjkRaycastPenetration@U?$LocalConvex@VCapsuleV@Gu@physx@@@Gu@physx@@U?$LocalConvex@VConvexHullV@Gu@physx@@@23@@Gu@physx@@YA_NABU?$LocalConvex@VCapsuleV@Gu@physx@@@01@ABU?$LocalConvex@VConvexHullV@Gu@physx@@@01@ABT__m128@@222AAT4@33M_N@Z 10044d90 f i GuSweepSharedTests.obj
 0001:00043f90       ??$gjkRaycastPenetration@U?$RelativeConvex@VBoxV@Gu@physx@@@Gu@physx@@U?$LocalConvex@VConvexHullV@Gu@physx@@@23@@Gu@physx@@YA_NABU?$RelativeConvex@VBoxV@Gu@physx@@@01@ABU?$LocalConvex@VConvexHullV@Gu@physx@@@01@ABT__m128@@222AAT4@33M_N@Z 10044f90 f i GuSweepSharedTests.obj
 0001:000441a0       ??$gjkRaycastPenetration@U?$RelativeConvex@VConvexHullV@Gu@physx@@@Gu@physx@@U?$LocalConvex@VConvexHullV@Gu@physx@@@23@@Gu@physx@@YA_NABU?$RelativeConvex@VConvexHullV@Gu@physx@@@01@ABU?$LocalConvex@VConvexHullV@Gu@physx@@@01@ABT__m128@@222AAT4@33M_N@Z 100451a0 f i GuSweepSharedTests.obj
 0001:000443b0       ??0?$RelativeConvex@VBoxV@Gu@physx@@@Gu@physx@@QAE@ABVBoxV@12@ABVPsMatTransformV@aos@shdfnd@2@@Z 100453b0 f i GuSweepSharedTests.obj
 0001:00044430       ??0?$RelativeConvex@VConvexHullV@Gu@physx@@@Gu@physx@@QAE@ABVConvexHullV@12@ABVPsMatTransformV@aos@shdfnd@2@@Z 10045430 f i GuSweepSharedTests.obj
 0001:000448e0       ?getSweepFuncTable@Gu@physx@@YAABUGeomSweepFuncs@12@XZ 100458e0 f   GuSweepTests.obj
 0001:000448f0       ?sweepBoxTriangles@Gu@physx@@YA_NIPBVPxTriangle@2@_NABVPxBoxGeometry@2@ABVPxTransform@2@ABVPxVec3@2@MAAUPxSweepHit@2@PBIMV?$PxFlags@W4Enum@PxHitFlag@physx@@G@2@@Z 100458f0 f   GuSweepTests.obj
 0001:00045410       ?sweepCapsule_BoxGeom@@YA_NABVPxGeometry@physx@@ABVPxTransform@2@ABVPxCapsuleGeometry@2@1ABVCapsule@Gu@2@ABVPxVec3@2@MAAUPxSweepHit@2@V?$PxFlags@W4Enum@PxHitFlag@physx@@G@2@M@Z 10046410 f   GuSweepTests.obj
 0001:00045cd0       ?sweepBox_SphereGeom@@YA_NABVPxGeometry@physx@@ABVPxTransform@2@ABVPxBoxGeometry@2@1ABVBox@Gu@2@ABVPxVec3@2@MAAUPxSweepHit@2@V?$PxFlags@W4Enum@PxHitFlag@physx@@G@2@M@Z 10046cd0 f   GuSweepTests.obj
 0001:000463b0       ?sweepBox_CapsuleGeom@@YA_NABVPxGeometry@physx@@ABVPxTransform@2@ABVPxBoxGeometry@2@1ABVBox@Gu@2@ABVPxVec3@2@MAAUPxSweepHit@2@V?$PxFlags@W4Enum@PxHitFlag@physx@@G@2@M@Z 100473b0 f   GuSweepTests.obj
 0001:00046c00       ?sweepBox_BoxGeom@@YA_NABVPxGeometry@physx@@ABVPxTransform@2@ABVPxBoxGeometry@2@1ABVBox@Gu@2@ABVPxVec3@2@MAAUPxSweepHit@2@V?$PxFlags@W4Enum@PxHitFlag@physx@@G@2@M@Z 10047c00 f   GuSweepTests.obj
 0001:00047500       ?registerHeightFields_Sweeps@@YAXXZ 10048500 f   GuSweepTests.obj
 0001:00047540       ??$gjkPenetration@U?$LocalConvex@VCapsuleV@Gu@physx@@@Gu@physx@@U?$LocalConvex@VBoxV@Gu@physx@@@23@@Gu@physx@@YA?AW4GjkStatus@01@ABU?$LocalConvex@VCapsuleV@Gu@physx@@@01@ABU?$LocalConvex@VBoxV@Gu@physx@@@01@ABT__m128@@2_NPIAE4AAEAAUGjkOutput@01@@Z 10048540 f i GuSweepTests.obj
 0001:00048d90       ??$gjkPenetration@U?$LocalConvex@VTriangleV@Gu@physx@@@Gu@physx@@U?$LocalConvex@VBoxV@Gu@physx@@@23@@Gu@physx@@YA?AW4GjkStatus@01@ABU?$LocalConvex@VTriangleV@Gu@physx@@@01@ABU?$LocalConvex@VBoxV@Gu@physx@@@01@ABT__m128@@2_NPIAE4AAEAAUGjkOutput@01@@Z 10049d90 f i GuSweepTests.obj
 0001:0004a6b0       ??$gjkPenetration@U?$RelativeConvex@VBoxV@Gu@physx@@@Gu@physx@@U?$LocalConvex@VBoxV@Gu@physx@@@23@@Gu@physx@@YA?AW4GjkStatus@01@ABU?$RelativeConvex@VBoxV@Gu@physx@@@01@ABU?$LocalConvex@VBoxV@Gu@physx@@@01@ABT__m128@@2_NPIAE4AAEAAUGjkOutput@01@@Z 1004b6b0 f i GuSweepTests.obj
 0001:0004bf80       ??$gjkRaycast@U?$LocalConvex@VCapsuleV@Gu@physx@@@Gu@physx@@U?$LocalConvex@VBoxV@Gu@physx@@@23@@Gu@physx@@YA_NABU?$LocalConvex@VCapsuleV@Gu@physx@@@01@ABU?$LocalConvex@VBoxV@Gu@physx@@@01@ABT__m128@@222AAT4@33M@Z 1004cf80 f i GuSweepTests.obj
 0001:0004ccf0       ??$gjkRaycast@U?$LocalConvex@VTriangleV@Gu@physx@@@Gu@physx@@U?$LocalConvex@VBoxV@Gu@physx@@@23@@Gu@physx@@YA_NABU?$LocalConvex@VTriangleV@Gu@physx@@@01@ABU?$LocalConvex@VBoxV@Gu@physx@@@01@ABT__m128@@222AAT4@33M@Z 1004dcf0 f i GuSweepTests.obj
 0001:0004dad0       ??$gjkRaycast@U?$RelativeConvex@VBoxV@Gu@physx@@@Gu@physx@@U?$LocalConvex@VBoxV@Gu@physx@@@23@@Gu@physx@@YA_NABU?$RelativeConvex@VBoxV@Gu@physx@@@01@ABU?$LocalConvex@VBoxV@Gu@physx@@@01@ABT__m128@@222AAT4@33M@Z 1004ead0 f i GuSweepTests.obj
 0001:0004e8c0       ??$gjkRaycastPenetration@U?$LocalConvex@VCapsuleV@Gu@physx@@@Gu@physx@@U?$LocalConvex@VBoxV@Gu@physx@@@23@@Gu@physx@@YA_NABU?$LocalConvex@VCapsuleV@Gu@physx@@@01@ABU?$LocalConvex@VBoxV@Gu@physx@@@01@ABT__m128@@222AAT4@33M_N@Z 1004f8c0 f i GuSweepTests.obj
 0001:0004eac0       ??$gjkRaycastPenetration@U?$LocalConvex@VTriangleV@Gu@physx@@@Gu@physx@@U?$LocalConvex@VBoxV@Gu@physx@@@23@@Gu@physx@@YA_NABU?$LocalConvex@VTriangleV@Gu@physx@@@01@ABU?$LocalConvex@VBoxV@Gu@physx@@@01@ABT__m128@@222AAT4@33M_N@Z 1004fac0 f i GuSweepTests.obj
 0001:0004ecc0       ??$gjkRaycastPenetration@U?$RelativeConvex@VBoxV@Gu@physx@@@Gu@physx@@U?$LocalConvex@VBoxV@Gu@physx@@@23@@Gu@physx@@YA_NABU?$RelativeConvex@VBoxV@Gu@physx@@@01@ABU?$LocalConvex@VBoxV@Gu@physx@@@01@ABT__m128@@222AAT4@33M_N@Z 1004fcc0 f i GuSweepTests.obj
 0001:0004eed0       ??_E?$LocalConvex@VBoxV@Gu@physx@@@Gu@physx@@UAEPAXI@Z 1004fed0 f i GuSweepTests.obj
 0001:0004eed0       ??_G?$LocalConvex@VBoxV@Gu@physx@@@Gu@physx@@UAEPAXI@Z 1004fed0 f i GuSweepTests.obj
 0001:0004ef00       ??_G?$LocalConvex@VTriangleV@Gu@physx@@@Gu@physx@@UAEPAXI@Z 1004ff00 f i GuSweepTests.obj
 0001:0004ef00       ??_E?$LocalConvex@VTriangleV@Gu@physx@@@Gu@physx@@UAEPAXI@Z 1004ff00 f i GuSweepTests.obj
 0001:0004ef30       ?getCenter@?$LocalConvex@VBoxV@Gu@physx@@@Gu@physx@@UBE?AT__m128@@XZ 1004ff30 f i GuSweepTests.obj
 0001:0004ef40       ?getCenter@?$LocalConvex@VTriangleV@Gu@physx@@@Gu@physx@@UBE?AT__m128@@XZ 1004ff40 f i GuSweepTests.obj
 0001:0004ef50       ?getSweepMargin@?$LocalConvex@VBoxV@Gu@physx@@@Gu@physx@@UBE?AT__m128@@XZ 1004ff50 f i GuSweepTests.obj
 0001:0004ef70       ?getSweepMargin@?$LocalConvex@VTriangleV@Gu@physx@@@Gu@physx@@UBE?AT__m128@@XZ 1004ff70 f i GuSweepTests.obj
 0001:0004ef90       ?support@?$LocalConvex@VBoxV@Gu@physx@@@Gu@physx@@UBE?AT__m128@@ABT4@@Z 1004ff90 f i GuSweepTests.obj
 0001:0004efc0       ?support@?$LocalConvex@VBoxV@Gu@physx@@@Gu@physx@@UBE?AT__m128@@ABT4@AAH@Z 1004ffc0 f i GuSweepTests.obj
 0001:0004f000       ?support@?$LocalConvex@VTriangleV@Gu@physx@@@Gu@physx@@UBE?AT__m128@@ABT4@@Z 10050000 f i GuSweepTests.obj
 0001:0004f0a0       ?support@?$LocalConvex@VTriangleV@Gu@physx@@@Gu@physx@@UBE?AT__m128@@ABT4@AAH@Z 100500a0 f i GuSweepTests.obj
 0001:0004f190       ?supportPoint@?$LocalConvex@VBoxV@Gu@physx@@@Gu@physx@@UBE?AT__m128@@H@Z 10050190 f i GuSweepTests.obj
 0001:0004f1d0       ?supportPoint@?$LocalConvex@VTriangleV@Gu@physx@@@Gu@physx@@UBE?AT__m128@@H@Z 100501d0 f i GuSweepTests.obj
 0001:0004f1f0       ?subdivide@AABBTreeBuildNode@Gu@physx@@QAEXABVAABBTreeBuildParams@23@AAUBuildStats@23@AAVNodeAllocator@23@QAI@Z 100501f0 f   GuAABBTreeBuild.obj
 0001:0004f410       ?_buildHierarchy@AABBTreeBuildNode@Gu@physx@@QAEXAAVAABBTreeBuildParams@23@AAUBuildStats@23@AAVNodeAllocator@23@QAI@Z 10050410 f   GuAABBTreeBuild.obj
 0001:0004f470       ??0NodeAllocator@Gu@physx@@QAE@XZ 10050470 f   GuAABBTreeBuild.obj
 0001:0004f4a0       ??1NodeAllocator@Gu@physx@@QAE@XZ 100504a0 f   GuAABBTreeBuild.obj
 0001:0004f4d0       ?release@NodeAllocator@Gu@physx@@QAEXXZ 100504d0 f   GuAABBTreeBuild.obj
 0001:0004f550       ?init@NodeAllocator@Gu@physx@@QAEXII@Z 10050550 f   GuAABBTreeBuild.obj
 0001:0004f670       ?getBiNode@NodeAllocator@Gu@physx@@QAEPAVAABBTreeBuildNode@23@XZ 10050670 f   GuAABBTreeBuild.obj
 0001:0004f780       ?initAABBTreeBuild@Gu@physx@@YA_NAAVAABBTreeBuildParams@12@AAVNodeAllocator@12@AAUBuildStats@12@AAPAI@Z 10050780 f   GuAABBTreeBuild.obj
 0001:0004f940       ?buildAABBTree@Gu@physx@@YA_NAAVAABBTreeBuildParams@12@AAVNodeAllocator@12@AAUBuildStats@12@AAPAI@Z 10050940 f   GuAABBTreeBuild.obj
 0001:0004f9c0       ??$copy@V?$ReflectionAllocator@USlab@NodeAllocator@Gu@physx@@@shdfnd@physx@@@?$Array@USlab@NodeAllocator@Gu@physx@@V?$ReflectionAllocator@USlab@NodeAllocator@Gu@physx@@@shdfnd@4@@shdfnd@physx@@IAEXABV012@@Z 100509c0 f i GuAABBTreeBuild.obj
 0001:0004fa30       ??0AABBTreeBuildNode@Gu@physx@@QAE@ABV012@@Z 10050a30 f i GuAABBTreeBuild.obj
 0001:0004fa70       ??0AABBTreeBuildNode@Gu@physx@@QAE@XZ 10050a70 f i GuAABBTreeBuild.obj
 0001:0004fa80       ??0AABBTreeBuildParams@Gu@physx@@QAE@IIPBVPxBounds3@2@@Z 10050a80 f i GuAABBTreeBuild.obj
 0001:0004faa0       ??0BuildStats@Gu@physx@@QAE@XZ 10050aa0 f i GuAABBTreeBuild.obj
 0001:0004fab0       ??0NodeAllocator@Gu@physx@@QAE@ABV012@@Z 10050ab0 f i GuAABBTreeBuild.obj
 0001:0004fae0       ??1AABBTreeBuildNode@Gu@physx@@QAE@XZ 10050ae0 f i GuAABBTreeBuild.obj
 0001:0004faf0       ??1AABBTreeBuildParams@Gu@physx@@QAE@XZ 10050af0 f i GuAABBTreeBuild.obj
 0001:0004fb30       ??4AABBTreeBuildNode@Gu@physx@@QAEAAV012@ABV012@@Z 10050b30 f i GuAABBTreeBuild.obj
 0001:0004fb70       ??4AABBTreeBuildParams@Gu@physx@@QAEAAV012@ABV012@@Z 10050b70 f i GuAABBTreeBuild.obj
 0001:0004fb80       ??4BuildStats@Gu@physx@@QAEAAU012@$$QAU012@@Z 10050b80 f i GuAABBTreeBuild.obj
 0001:0004fba0       ??4BuildStats@Gu@physx@@QAEAAU012@ABU012@@Z 10050ba0 f i GuAABBTreeBuild.obj
 0001:0004fbc0       ??4NodeAllocator@Gu@physx@@QAEAAV012@ABV012@@Z 10050bc0 f i GuAABBTreeBuild.obj
 0001:0004fc50       ??_EAABBTreeBuildNode@Gu@physx@@QAEPAXI@Z 10050c50 f i GuAABBTreeBuild.obj
 0001:0004fcc0       ??_FAABBTreeBuildParams@Gu@physx@@QAEXXZ 10050cc0 f i GuAABBTreeBuild.obj
 0001:0004fce0       ?allocate@?$Array@USlab@NodeAllocator@Gu@physx@@V?$ReflectionAllocator@USlab@NodeAllocator@Gu@physx@@@shdfnd@4@@shdfnd@physx@@IAEPAUSlab@NodeAllocator@Gu@3@I@Z 10050ce0 f i GuAABBTreeBuild.obj
 0001:0004fd50       ?getAABB@AABBTreeBuildNode@Gu@physx@@QBEABVPxBounds3@3@XZ 10050d50 f i GuAABBTreeBuild.obj
 0001:0004fd60       ?getCount@BuildStats@Gu@physx@@QBEIXZ 10050d60 f i GuAABBTreeBuild.obj
[...]
 0003:00002ae0       ?minFError@_VecMathTests@aos@shdfnd@physx@@3T__m128@@B 10157ae0     GuPCMContactConvexConvex.obj
 0003:00002af0       ?maxV4Error@_VecMathTests@aos@shdfnd@physx@@3T__m128@@B 10157af0     GuPCMContactConvexConvex.obj
 0003:00002b00       ?minV4Error@_VecMathTests@aos@shdfnd@physx@@3T__m128@@B 10157b00     GuPCMContactConvexConvex.obj
 0003:00002b10       ?minV3Error@_VecMathTests@aos@shdfnd@physx@@3T__m128@@B 10157b10     GuPCMContactConvexConvex.obj
 0003:00002b20       ?maxFError@_VecMathTests@aos@shdfnd@physx@@3T__m128@@B 10157b20     GuPCMContactConvexConvex.obj
 0003:00002b30       ?maxV3Error@_VecMathTests@aos@shdfnd@physx@@3T__m128@@B 10157b30     GuPCMContactConvexHeightField.obj
 0003:00002b40       ?minFError@_VecMathTests@aos@shdfnd@physx@@3T__m128@@B 10157b40     GuPCMContactConvexHeightField.obj
 0003:00002b50       ?maxV4Error@_VecMathTests@aos@shdfnd@physx@@3T__m128@@B 10157b50     GuPCMContactConvexHeightField.obj
 0003:00002b60       ?minV4Error@_VecMathTests@aos@shdfnd@physx@@3T__m128@@B 10157b60     GuPCMContactConvexHeightField.obj
 0003:00002b70       ?minV3Error@_VecMathTests@aos@shdfnd@physx@@3T__m128@@B 10157b70     GuPCMContactConvexHeightField.obj
 0003:00002b80       ?maxFError@_VecMathTests@aos@shdfnd@physx@@3T__m128@@B 10157b80     GuPCMContactConvexHeightField.obj
 0003:00002b90       ?maxV3Error@_VecMathTests@aos@shdfnd@physx@@3T__m128@@B 10157b90     GuPCMContactConvexMesh.obj
 0003:00002ba0       ?minFError@_VecMathTests@aos@shdfnd@physx@@3T__m128@@B 10157ba0     GuPCMContactConvexMesh.obj
 0003:00002bb0       ?maxV4Error@_VecMathTests@aos@shdfnd@physx@@3T__m128@@B 10157bb0     GuPCMContactConvexMesh.obj
 0003:00002bc0       ?minV4Error@_VecMathTests@aos@shdfnd@physx@@3T__m128@@B 10157bc0     GuPCMContactConvexMesh.obj
 0003:00002bd0       ?minV3Error@_VecMathTests@aos@shdfnd@physx@@3T__m128@@B 10157bd0     GuPCMContactConvexMesh.obj
 0003:00002be0       ?maxFError@_VecMathTests@aos@shdfnd@physx@@3T__m128@@B 10157be0     GuPCMContactConvexMesh.obj
 0003:00002bf0       ?maxV3Error@_VecMathTests@aos@shdfnd@physx@@3T__m128@@B 10157bf0     GuPCMContactGenBoxConvex.obj
 0003:00002c00       ?minFError@_VecMathTests@aos@shdfnd@physx@@3T__m128@@B 10157c00     GuPCMContactGenBoxConvex.obj
 0003:00002c10       ?maxV4Error@_VecMathTests@aos@shdfnd@physx@@3T__m128@@B 10157c10     GuPCMContactGenBoxConvex.obj
 0003:00002c20       ?minV4Error@_VecMathTests@aos@shdfnd@physx@@3T__m128@@B 10157c20     GuPCMContactGenBoxConvex.obj
 0003:00002c30       ?minV3Error@_VecMathTests@aos@shdfnd@physx@@3T__m128@@B 10157c30     GuPCMContactGenBoxConvex.obj
 0003:00002c40       ?maxFError@_VecMathTests@aos@shdfnd@physx@@3T__m128@@B 10157c40     GuPCMContactGenBoxConvex.obj
 0003:00002c50       ?maxV3Error@_VecMathTests@aos@shdfnd@physx@@3T__m128@@B 10157c50     GuPCMContactGenSphereCapsule.obj
 0003:00002c60       ?minFError@_VecMathTests@aos@shdfnd@physx@@3T__m128@@B 10157c60     GuPCMContactGenSphereCapsule.obj
 0003:00002c70       ?maxV4Error@_VecMathTests@aos@shdfnd@physx@@3T__m128@@B 10157c70     GuPCMContactGenSphereCapsule.obj
 0003:00002c80       ?minV4Error@_VecMathTests@aos@shdfnd@physx@@3T__m128@@B 10157c80     GuPCMContactGenSphereCapsule.obj
 0003:00002c90       ?minV3Error@_VecMathTests@aos@shdfnd@physx@@3T__m128@@B 10157c90     GuPCMContactGenSphereCapsule.obj
 0003:00002ca0       ?maxFError@_VecMathTests@aos@shdfnd@physx@@3T__m128@@B 10157ca0     GuPCMContactGenSphereCapsule.obj
 0003:00002cb0       ?maxV3Error@_VecMathTests@aos@shdfnd@physx@@3T__m128@@B 10157cb0     GuPCMContactPlaneBox.obj
 0003:00002cc0       ?minFError@_VecMathTests@aos@shdfnd@physx@@3T__m128@@B 10157cc0     GuPCMContactPlaneBox.obj
 0003:00002cd0       ?maxV4Error@_VecMathTests@aos@shdfnd@physx@@3T__m128@@B 10157cd0     GuPCMContactPlaneBox.obj
 0003:00002ce0       ?minV4Error@_VecMathTests@aos@shdfnd@physx@@3T__m128@@B 10157ce0     GuPCMContactPlaneBox.obj
 0003:00002cf0       ?minV3Error@_VecMathTests@aos@shdfnd@physx@@3T__m128@@B 10157cf0     GuPCMContactPlaneBox.obj
 0003:00002d00       ?maxFError@_VecMathTests@aos@shdfnd@physx@@3T__m128@@B 10157d00     GuPCMContactPlaneBox.obj
 0003:00002d10       ?maxV3Error@_VecMathTests@aos@shdfnd@physx@@3T__m128@@B 10157d10     GuPCMContactPlaneCapsule.obj
 0003:00002d20       ?minFError@_VecMathTests@aos@shdfnd@physx@@3T__m128@@B 10157d20     GuPCMContactPlaneCapsule.obj
 0003:00002d30       ?maxV4Error@_VecMathTests@aos@shdfnd@physx@@3T__m128@@B 10157d30     GuPCMContactPlaneCapsule.obj
 0003:00002d40       ?minV4Error@_VecMathTests@aos@shdfnd@physx@@3T__m128@@B 10157d40     GuPCMContactPlaneCapsule.obj
 0003:00002d50       ?minV3Error@_VecMathTests@aos@shdfnd@physx@@3T__m128@@B 10157d50     GuPCMContactPlaneCapsule.obj
 0003:00002d60       ?maxFError@_VecMathTests@aos@shdfnd@physx@@3T__m128@@B 10157d60     GuPCMContactPlaneCapsule.obj
 0003:00002d70       ?maxV3Error@_VecMathTests@aos@shdfnd@physx@@3T__m128@@B 10157d70     GuPCMContactPlaneConvex.obj
 0003:00002d80       ?minFError@_VecMathTests@aos@shdfnd@physx@@3T__m128@@B 10157d80     GuPCMContactPlaneConvex.obj
 0003:00002d90       ?maxV4Error@_VecMathTests@aos@shdfnd@physx@@3T__m128@@B 10157d90     GuPCMContactPlaneConvex.obj
 0003:00002da0       ?minV4Error@_VecMathTests@aos@shdfnd@physx@@3T__m128@@B 10157da0     GuPCMContactPlaneConvex.obj
 0003:00002db0       ?minV3Error@_VecMathTests@aos@shdfnd@physx@@3T__m128@@B 10157db0     GuPCMContactPlaneConvex.obj
 0003:00002dc0       ?maxFError@_VecMathTests@aos@shdfnd@physx@@3T__m128@@B 10157dc0     GuPCMContactPlaneConvex.obj
 0003:00002dd0       ?maxV3Error@_VecMathTests@aos@shdfnd@physx@@3T__m128@@B 10157dd0     GuPCMContactSphereBox.obj
 0003:00002de0       ?minFError@_VecMathTests@aos@shdfnd@physx@@3T__m128@@B 10157de0     GuPCMContactSphereBox.obj
 0003:00002df0       ?maxV4Error@_VecMathTests@aos@shdfnd@physx@@3T__m128@@B 10157df0     GuPCMContactSphereBox.obj
 0003:00002e00       ?minV4Error@_VecMathTests@aos@shdfnd@physx@@3T__m128@@B 10157e00     GuPCMContactSphereBox.obj
 0003:00002e10       ?minV3Error@_VecMathTests@aos@shdfnd@physx@@3T__m128@@B 10157e10     GuPCMContactSphereBox.obj
 0003:00002e20       ?maxFError@_VecMathTests@aos@shdfnd@physx@@3T__m128@@B 10157e20     GuPCMContactSphereBox.obj
 0003:00002e30       ?maxV3Error@_VecMathTests@aos@shdfnd@physx@@3T__m128@@B 10157e30     GuPCMContactSphereCapsule.obj
 0003:00002e40       ?minFError@_VecMathTests@aos@shdfnd@physx@@3T__m128@@B 10157e40     GuPCMContactSphereCapsule.obj
 0003:00002e50       ?maxV4Error@_VecMathTests@aos@shdfnd@physx@@3T__m128@@B 10157e50     GuPCMContactSphereCapsule.obj
 0003:00002e60       ?minV4Error@_VecMathTests@aos@shdfnd@physx@@3T__m128@@B 10157e60     GuPCMContactSphereCapsule.obj
 0003:00002e70       ?minV3Error@_VecMathTests@aos@shdfnd@physx@@3T__m128@@B 10157e70     GuPCMContactSphereCapsule.obj
 0003:00002e80       ?maxFError@_VecMathTests@aos@shdfnd@physx@@3T__m128@@B 10157e80     GuPCMContactSphereCapsule.obj
 0003:00002e90       ?maxV3Error@_VecMathTests@aos@shdfnd@physx@@3T__m128@@B 10157e90     GuPCMContactSphereConvex.obj
 0003:00002ea0       ?minFError@_VecMathTests@aos@shdfnd@physx@@3T__m128@@B 10157ea0     GuPCMContactSphereConvex.obj
 0003:00002eb0       ?maxV4Error@_VecMathTests@aos@shdfnd@physx@@3T__m128@@B 10157eb0     GuPCMContactSphereConvex.obj
 0003:00002ec0       ?minV4Error@_VecMathTests@aos@shdfnd@physx@@3T__m128@@B 10157ec0     GuPCMContactSphereConvex.obj
 0003:00002ed0       ?minV3Error@_VecMathTests@aos@shdfnd@physx@@3T__m128@@B 10157ed0     GuPCMContactSphereConvex.obj
 0003:00002ee0       ?maxFError@_VecMathTests@aos@shdfnd@physx@@3T__m128@@B 10157ee0     GuPCMContactSphereConvex.obj
 0003:00002ef0       ?maxV3Error@_VecMathTests@aos@shdfnd@physx@@3T__m128@@B 10157ef0     GuPCMContactSphereHeightField.obj
 0003:00002f00       ?minFError@_VecMathTests@aos@shdfnd@physx@@3T__m128@@B 10157f00     GuPCMContactSphereHeightField.obj
 0003:00002f10       ?maxV4Error@_VecMathTests@aos@shdfnd@physx@@3T__m128@@B 10157f10     GuPCMContactSphereHeightField.obj
 0003:00002f20       ?minV4Error@_VecMathTests@aos@shdfnd@physx@@3T__m128@@B 10157f20     GuPCMContactSphereHeightField.obj
 0003:00002f30       ?minV3Error@_VecMathTests@aos@shdfnd@physx@@3T__m128@@B 10157f30     GuPCMContactSphereHeightField.obj
 0003:00002f40       ?maxFError@_VecMathTests@aos@shdfnd@physx@@3T__m128@@B 10157f40     GuPCMContactSphereHeightField.obj
 0003:00002f50       ?maxV3Error@_VecMathTests@aos@shdfnd@physx@@3T__m128@@B 10157f50     GuPCMContactSphereMesh.obj
 0003:00002f60       ?minFError@_VecMathTests@aos@shdfnd@physx@@3T__m128@@B 10157f60     GuPCMContactSphereMesh.obj
 0003:00002f70       ?maxV4Error@_VecMathTests@aos@shdfnd@physx@@3T__m128@@B 10157f70     GuPCMContactSphereMesh.obj
 0003:00002f80       ?minV4Error@_VecMathTests@aos@shdfnd@physx@@3T__m128@@B 10157f80     GuPCMContactSphereMesh.obj
 0003:00002f90       ?minV3Error@_VecMathTests@aos@shdfnd@physx@@3T__m128@@B 10157f90     GuPCMContactSphereMesh.obj
 0003:00002fa0       ?maxFError@_VecMathTests@aos@shdfnd@physx@@3T__m128@@B 10157fa0     GuPCMContactSphereMesh.obj
 0003:00002fb0       ?maxV3Error@_VecMathTests@aos@shdfnd@physx@@3T__m128@@B 10157fb0     GuPCMContactSpherePlane.obj
 0003:00002fc0       ?minFError@_VecMathTests@aos@shdfnd@physx@@3T__m128@@B 10157fc0     GuPCMContactSpherePlane.obj
 0003:00002fd0       ?maxV4Error@_VecMathTests@aos@shdfnd@physx@@3T__m128@@B 10157fd0     GuPCMContactSpherePlane.obj
 0003:00002fe0       ?minV4Error@_VecMathTests@aos@shdfnd@physx@@3T__m128@@B 10157fe0     GuPCMContactSpherePlane.obj
 0003:00002ff0       ?minV3Error@_VecMathTests@aos@shdfnd@physx@@3T__m128@@B 10157ff0     GuPCMContactSpherePlane.obj
 0003:00003000       ?maxFError@_VecMathTests@aos@shdfnd@physx@@3T__m128@@B 10158000     GuPCMContactSpherePlane.obj
 0003:00003010       ?maxV3Error@_VecMathTests@aos@shdfnd@physx@@3T__m128@@B 10158010     GuPCMContactSphereSphere.obj
 0003:00003020       ?minFError@_VecMathTests@aos@shdfnd@physx@@3T__m128@@B 10158020     GuPCMContactSphereSphere.obj
 0003:00003030       ?maxV4Error@_VecMathTests@aos@shdfnd@physx@@3T__m128@@B 10158030     GuPCMContactSphereSphere.obj
 0003:00003040       ?minV4Error@_VecMathTests@aos@shdfnd@physx@@3T__m128@@B 10158040     GuPCMContactSphereSphere.obj
 0003:00003050       ?minV3Error@_VecMathTests@aos@shdfnd@physx@@3T__m128@@B 10158050     GuPCMContactSphereSphere.obj
 0003:00003060       ?maxFError@_VecMathTests@aos@shdfnd@physx@@3T__m128@@B 10158060     GuPCMContactSphereSphere.obj
 0003:00003070       ?maxV3Error@_VecMathTests@aos@shdfnd@physx@@3T__m128@@B 10158070     GuPCMShapeConvex.obj
 0003:00003080       ?minFError@_VecMathTests@aos@shdfnd@physx@@3T__m128@@B 10158080     GuPCMShapeConvex.obj
 0003:00003090       ?maxV4Error@_VecMathTests@aos@shdfnd@physx@@3T__m128@@B 10158090     GuPCMShapeConvex.obj
 0003:000030a0       ?minV4Error@_VecMathTests@aos@shdfnd@physx@@3T__m128@@B 101580a0     GuPCMShapeConvex.obj
 0003:000030b0       ?minV3Error@_VecMathTests@aos@shdfnd@physx@@3T__m128@@B 101580b0     GuPCMShapeConvex.obj
 0003:000030c0       ?maxFError@_VecMathTests@aos@shdfnd@physx@@3T__m128@@B 101580c0     GuPCMShapeConvex.obj
 0003:000030d0       ?maxV3Error@_VecMathTests@aos@shdfnd@physx@@3T__m128@@B 101580d0     GuPCMTriangleContactGen.obj
 0003:000030e0       ?minFError@_VecMathTests@aos@shdfnd@physx@@3T__m128@@B 101580e0     GuPCMTriangleContactGen.obj
 0003:000030f0       ?maxV4Error@_VecMathTests@aos@shdfnd@physx@@3T__m128@@B 101580f0     GuPCMTriangleContactGen.obj
 0003:00003100       ?minV4Error@_VecMathTests@aos@shdfnd@physx@@3T__m128@@B 10158100     GuPCMTriangleContactGen.obj
 0003:00003110       ?minV3Error@_VecMathTests@aos@shdfnd@physx@@3T__m128@@B 10158110     GuPCMTriangleContactGen.obj
 0003:00003120       ?maxFError@_VecMathTests@aos@shdfnd@physx@@3T__m128@@B 10158120     GuPCMTriangleContactGen.obj
 0003:00003130       ?maxV3Error@_VecMathTests@aos@shdfnd@physx@@3T__m128@@B 10158130     GuPersistentContactManifold.obj
 0003:00003140       ?minFError@_VecMathTests@aos@shdfnd@physx@@3T__m128@@B 10158140     GuPersistentContactManifold.obj
 0003:00003150       ?maxV4Error@_VecMathTests@aos@shdfnd@physx@@3T__m128@@B 10158150     GuPersistentContactManifold.obj
 0003:00003160       ?minV4Error@_VecMathTests@aos@shdfnd@physx@@3T__m128@@B 10158160     GuPersistentContactManifold.obj
 0003:00003170       ?minV3Error@_VecMathTests@aos@shdfnd@physx@@3T__m128@@B 10158170     GuPersistentContactManifold.obj
 0003:00003180       ?maxFError@_VecMathTests@aos@shdfnd@physx@@3T__m128@@B 10158180     GuPersistentContactManifold.obj
 0003:00003190       ?maxV3Error@_VecMathTests@aos@shdfnd@physx@@3T__m128@@B 10158190     GuSweepBoxBox.obj
 0003:000031a0       ?minFError@_VecMathTests@aos@shdfnd@physx@@3T__m128@@B 101581a0     GuSweepBoxBox.obj
 0003:000031b0       ?maxV4Error@_VecMathTests@aos@shdfnd@physx@@3T__m128@@B 101581b0     GuSweepBoxBox.obj
 0003:000031c0       ?minV4Error@_VecMathTests@aos@shdfnd@physx@@3T__m128@@B 101581c0     GuSweepBoxBox.obj
 0003:000031d0       ?minV3Error@_VecMathTests@aos@shdfnd@physx@@3T__m128@@B 101581d0     GuSweepBoxBox.obj
 0003:000031e0       ?maxFError@_VecMathTests@aos@shdfnd@physx@@3T__m128@@B 101581e0     GuSweepBoxBox.obj
 0003:000031f0       ?maxV3Error@_VecMathTests@aos@shdfnd@physx@@3T__m128@@B 101581f0     GuSweepBoxSphere.obj
 0003:00003200       ?minFError@_VecMathTests@aos@shdfnd@physx@@3T__m128@@B 10158200     GuSweepBoxSphere.obj
 0003:00003210       ?maxV4Error@_VecMathTests@aos@shdfnd@physx@@3T__m128@@B 10158210     GuSweepBoxSphere.obj
 0003:00003220       ?minV4Error@_VecMathTests@aos@shdfnd@physx@@3T__m128@@B 10158220     GuSweepBoxSphere.obj
 0003:00003230       ?minV3Error@_VecMathTests@aos@shdfnd@physx@@3T__m128@@B 10158230     GuSweepBoxSphere.obj
 0003:00003240       ?maxFError@_VecMathTests@aos@shdfnd@physx@@3T__m128@@B 10158240     GuSweepBoxSphere.obj
 0003:00003250       ?maxV3Error@_VecMathTests@aos@shdfnd@physx@@3T__m128@@B 10158250     GuSweepBoxTriangle_FeatureBased.obj
 0003:00003260       ?minFError@_VecMathTests@aos@shdfnd@physx@@3T__m128@@B 10158260     GuSweepBoxTriangle_FeatureBased.obj
 0003:00003270       ?maxV4Error@_VecMathTests@aos@shdfnd@physx@@3T__m128@@B 10158270     GuSweepBoxTriangle_FeatureBased.obj
 0003:00003280       ?minV4Error@_VecMathTests@aos@shdfnd@physx@@3T__m128@@B 10158280     GuSweepBoxTriangle_FeatureBased.obj
 0003:00003290       ?minV3Error@_VecMathTests@aos@shdfnd@physx@@3T__m128@@B 10158290     GuSweepBoxTriangle_FeatureBased.obj
 0003:000032a0       ?maxFError@_VecMathTests@aos@shdfnd@physx@@3T__m128@@B 101582a0     GuSweepBoxTriangle_FeatureBased.obj
 0003:000032b0       ?maxV3Error@_VecMathTests@aos@shdfnd@physx@@3T__m128@@B 101582b0     GuSweepBoxTriangle_SAT.obj
 0003:000032c0       ?minFError@_VecMathTests@aos@shdfnd@physx@@3T__m128@@B 101582c0     GuSweepBoxTriangle_SAT.obj
 0003:000032d0       ?maxV4Error@_VecMathTests@aos@shdfnd@physx@@3T__m128@@B 101582d0     GuSweepBoxTriangle_SAT.obj
 0003:000032e0       ?minV4Error@_VecMathTests@aos@shdfnd@physx@@3T__m128@@B 101582e0     GuSweepBoxTriangle_SAT.obj
 0003:000032f0       ?minV3Error@_VecMathTests@aos@shdfnd@physx@@3T__m128@@B 101582f0     GuSweepBoxTriangle_SAT.obj
 0003:00003300       ?maxFError@_VecMathTests@aos@shdfnd@physx@@3T__m128@@B 10158300     GuSweepBoxTriangle_SAT.obj
 0003:00003310       ?maxV3Error@_VecMathTests@aos@shdfnd@physx@@3T__m128@@B 10158310     GuSweepCapsuleBox.obj
 0003:00003320       ?minFError@_VecMathTests@aos@shdfnd@physx@@3T__m128@@B 10158320     GuSweepCapsuleBox.obj
 0003:00003330       ?maxV4Error@_VecMathTests@aos@shdfnd@physx@@3T__m128@@B 10158330     GuSweepCapsuleBox.obj
 0003:00003340       ?minV4Error@_VecMathTests@aos@shdfnd@physx@@3T__m128@@B 10158340     GuSweepCapsuleBox.obj
 0003:00003350       ?minV3Error@_VecMathTests@aos@shdfnd@physx@@3T__m128@@B 10158350     GuSweepCapsuleBox.obj
 0003:00003360       ?maxFError@_VecMathTests@aos@shdfnd@physx@@3T__m128@@B 10158360     GuSweepCapsuleBox.obj
 0003:00003370       ?maxV3Error@_VecMathTests@aos@shdfnd@physx@@3T__m128@@B 10158370     GuSweepCapsuleTriangle.obj
 0003:00003380       ?minFError@_VecMathTests@aos@shdfnd@physx@@3T__m128@@B 10158380     GuSweepCapsuleTriangle.obj
 0003:00003390       ?maxV4Error@_VecMathTests@aos@shdfnd@physx@@3T__m128@@B 10158390     GuSweepCapsuleTriangle.obj
 0003:000033a0       ?minV4Error@_VecMathTests@aos@shdfnd@physx@@3T__m128@@B 101583a0     GuSweepCapsuleTriangle.obj
 0003:000033b0       ?minV3Error@_VecMathTests@aos@shdfnd@physx@@3T__m128@@B 101583b0     GuSweepCapsuleTriangle.obj
 0003:000033c0       ?maxFError@_VecMathTests@aos@shdfnd@physx@@3T__m128@@B 101583c0     GuSweepCapsuleTriangle.obj
 0003:000033d0       ?maxV3Error@_VecMathTests@aos@shdfnd@physx@@3T__m128@@B 101583d0     GuSweepSphereTriangle.obj
 0003:000033e0       ?minFError@_VecMathTests@aos@shdfnd@physx@@3T__m128@@B 101583e0     GuSweepSphereTriangle.obj
 0003:000033f0       ?maxV4Error@_VecMathTests@aos@shdfnd@physx@@3T__m128@@B 101583f0     GuSweepSphereTriangle.obj
 0003:00003400       ?minV4Error@_VecMathTests@aos@shdfnd@physx@@3T__m128@@B 10158400     GuSweepSphereTriangle.obj
 0003:00003410       ?minV3Error@_VecMathTests@aos@shdfnd@physx@@3T__m128@@B 10158410     GuSweepSphereTriangle.obj
 0003:00003420       ?maxFError@_VecMathTests@aos@shdfnd@physx@@3T__m128@@B 10158420     GuSweepSphereTriangle.obj
 0003:00003430       ?maxV3Error@_VecMathTests@aos@shdfnd@physx@@3T__m128@@B 10158430     GuSweepTriangleUtils.obj
 0003:00003440       ?minFError@_VecMathTests@aos@shdfnd@physx@@3T__m128@@B 10158440     GuSweepTriangleUtils.obj
 0003:00003450       ?maxV4Error@_VecMathTests@aos@shdfnd@physx@@3T__m128@@B 10158450     GuSweepTriangleUtils.obj
 0003:00003460       ?minV4Error@_VecMathTests@aos@shdfnd@physx@@3T__m128@@B 10158460     GuSweepTriangleUtils.obj
 0003:00003470       ?minV3Error@_VecMathTests@aos@shdfnd@physx@@3T__m128@@B 10158470     GuSweepTriangleUtils.obj
 0003:00003480       ?maxFError@_VecMathTests@aos@shdfnd@physx@@3T__m128@@B 10158480     GuSweepTriangleUtils.obj
 0003:000034b8       ?__proc_attached@@3HA      101584b8     MSVCRT:dll_dllmain.obj
 0003:000034d8       ?is_initialized_as_dll@@3_NA 101584d8     MSVCRT:utility.obj
 0003:000034d9       ?module_local_atexit_table_initialized@@3_NA 101584d9     MSVCRT:utility.obj
 0003:000034dc       ?module_local_atexit_table@@3U_onexit_table_t@@A 101584dc     MSVCRT:utility.obj
 0003:000034e8       ?module_local_at_quick_exit_table@@3U_onexit_table_t@@A 101584e8     MSVCRT:utility.obj
 0003:00003500       _GS_ExceptionRecord        10158500     MSVCRT:gs_report.obj
 0003:00003550       _GS_ContextRecord          10158550     MSVCRT:gs_report.obj
 0004:00000000       _static_const_table        10159000     MSVCRT:svml_ssinf4_sse2.obj
 0004:00000100       __e02PI                    10159100     MSVCRT:svml_dtrig.obj
 0004:000002a0       __e04PI                    101592a0     MSVCRT:svml_dtrig.obj
 0004:00000430       _2il0floatpacket_2         10159430     MSVCRT:svml_dtrig.obj
 0004:00000440       _2il0floatpacket_9         10159440     MSVCRT:svml_dtrig.obj
 0004:00000450       _2il0floatpacket_12        10159450     MSVCRT:svml_dtrig.obj
 0004:00000460       __dPI02                    10159460     MSVCRT:svml_dtrig.obj
 0004:00000470       __d02PI                    10159470     MSVCRT:svml_dtrig.obj
 0004:00000480       __DP4                      10159480     MSVCRT:svml_dtrig.obj
 0004:000004a0       __dPI04                    101594a0     MSVCRT:svml_dtrig.obj
 0004:000004b0       __d04PI                    101594b0     MSVCRT:svml_dtrig.obj
 0004:000004c0       __QP4                      101594c0     MSVCRT:svml_dtrig.obj
 0005:000000a0       $R000000                   1015a0a0     PhysXCommon.res
 0005:000003d0       $R000330                   1015a3d0     PhysXCommon.res
