 PhysXCooking_32

 Timestamp is 5d03fa0f (Fri Jun 14 21:48:31 2019)

 Preferred load address is 10000000

 Start         Length     Name                   Class
 0001:00000000 00001320H .text$di                CODE
 0001:00001320 0003be47H .text$mn                CODE
 0002:00000000 00000128H .idata$5                DATA
 0002:00000128 00000004H .00cfg                  DATA
 0002:0000012c 00000004H .CRT$XCA                DATA
 0002:00000130 000000f8H .CRT$XCU                DATA
 0002:00000228 00000004H .CRT$XCZ                DATA
 0002:0000022c 00000004H .CRT$XIA                DATA
 0002:00000230 00000004H .CRT$XIZ                DATA
 0002:00000234 00000004H .CRT$XPA                DATA
 0002:00000238 00000004H .CRT$XPZ                DATA
 0002:0000023c 00000004H .CRT$XTA                DATA
 0002:00000240 00000010H .CRT$XTZ                DATA
 0002:00000244 00000000H .gfids$y                DATA
 0002:00000250 00004574H .rdata                  DATA
 0002:000047c4 0000004cH .rdata$r                DATA
 0002:00004810 00000008H .rdata$sxdata           DATA
 0002:00004818 00000390H .rdata$zzzdbg           DATA
 0002:00004ba8 00000004H .rtc$IAA                DATA
 0002:00004bac 00000050H .rtc$IMZ                DATA
 0002:00004bfc 00000004H .rtc$IZZ                DATA
 0002:00004c00 00000004H .rtc$TAA                DATA
 0002:00004c04 00000050H .rtc$TMZ                DATA
 0002:00004c54 00000004H .rtc$TZZ                DATA
 0002:00004c58 0000009cH .xdata$x                DATA
 0002:00004cf4 00000040H .didat$2                DATA
 0002:00004d34 00000020H .didat$3                DATA
 0002:00004d54 00000110H .didat$4                DATA
 0002:00004e64 00000cfcH .didat$6                DATA
 0002:00005b60 00000110H .didat$7                DATA
 0002:00005c70 00001cb8H .edata                  DATA
 0002:00007928 0000003cH .idata$2                DATA
 0002:00007964 00000014H .idata$3                DATA
 0002:00007978 00000128H .idata$4                DATA
 0002:00007aa0 00000514H .idata$6                DATA
 0003:00000000 00000038H .data                   DATA
 0003:00000038 00000254H .data$r                 DATA
 0003:0000028c 00000114H .didat$5                DATA
 0003:000003a0 00000920H .bss                    DATA
 0004:00000000 000000a0H .rsrc$01                DATA
 0004:000000a0 000004b0H .rsrc$02                DATA

  Address         Publics by Value              Rva+Base       Lib:Object

 0000:00000000       ___dynamic_value_reloc_table 00000000     <absolute>
 0000:00000000       ___guard_longjmp_count     00000000     <absolute>
 0000:00000000       ___guard_iat_table         00000000     <absolute>
 0000:00000000       ___hybrid_auxiliary_iat    00000000     <absolute>
 0000:00000000       ___enclave_config          00000000     <absolute>
 0000:00000000       ___guard_fids_count        00000000     <absolute>
 0000:00000000       ___hybrid_code_map_count   00000000     <absolute>
 0000:00000000       ___guard_iat_count         00000000     <absolute>
 0000:00000000       ___volatile_metadata       00000000     <absolute>
 0000:00000000       ___guard_fids_table        00000000     <absolute>
 0000:00000000       ___hybrid_code_map         00000000     <absolute>
 0000:00000000       ___guard_longjmp_table     00000000     <absolute>
 0000:00000002       ___safe_se_handler_count   00000002     <absolute>
 0000:00000100       ___guard_flags             00000100     <absolute>
 0000:00000000       ___ImageBase               10000000     <linker-defined>
 0001:00001320       ?ComputeNbBoundaryEdges@AdjTriangle@physx@@QBEIXZ 10002320 f   Adjacencies.obj
 0001:000013b0       ?ComputeNbNeighbors@AdjTriangle@physx@@QBEIXZ 100023b0 f   Adjacencies.obj
 0001:00001440       ?HasNeighbor@AdjTriangle@physx@@QBE_NIPAI@Z 10002440 f   Adjacencies.obj
 0001:00001530       ?Flip@AdjTriangle@physx@@QAEXXZ 10002530 f   Adjacencies.obj
 0001:00001560       ??0Adjacencies@physx@@QAE@XZ 10002560 f   Adjacencies.obj
 0001:00001590       ??1Adjacencies@physx@@QAE@XZ 10002590 f   Adjacencies.obj
 0001:000015e0       ?Load@Adjacencies@physx@@QAE_NAAVPxInputStream@2@@Z 100025e0 f   Adjacencies.obj
 0001:000016e0       ?ComputeNbBoundaryEdges@Adjacencies@physx@@QBEIXZ 100026e0 f   Adjacencies.obj
 0001:00001740       ?GetBoundaryVertices@Adjacencies@physx@@QBE_NIPA_NPBU?$TriangleT@I@Gu@2@@Z 10002740 f   Adjacencies.obj
 0001:00001950       ?MakeLastRef@Adjacencies@physx@@QAE_NAAVAdjTriangle@2@IPAU?$TriangleT@I@Gu@2@@Z 10002950 f   Adjacencies.obj
 0001:00001bd0       ?AssignNewEdgeCode@Adjacencies@physx@@AAEXIE@Z 10002bd0 f   Adjacencies.obj
 0001:00001c50       ??0AdjacenciesBuilder@physx@@QAE@XZ 10002c50 f   Adjacencies.obj
 0001:00001c70       ??1AdjacenciesBuilder@physx@@QAE@XZ 10002c70 f   Adjacencies.obj
 0001:00001c90       ?Init@AdjacenciesBuilder@physx@@QAE_NABUADJACENCIESCREATE@2@@Z 10002c90 f   Adjacencies.obj
 0001:00002960       ??$?_UI@@YAPAXIV?$ReflectionAllocator@I@shdfnd@physx@@PBDH@Z 10003960 f i Adjacencies.obj
 0001:00002980       ??$?_UV?$ReflectionAllocator@VAdjEdge@@@shdfnd@physx@@@UserAllocated@shdfnd@physx@@SAPAXIV?$ReflectionAllocator@VAdjEdge@@@12@PBDH@Z 10003980 f i Adjacencies.obj
 0001:000029a0       ??$?_UV?$ReflectionAllocator@VAdjTriangle@physx@@@shdfnd@physx@@@UserAllocated@shdfnd@physx@@SAPAXIV?$ReflectionAllocator@VAdjTriangle@physx@@@12@PBDH@Z 100039a0 f i Adjacencies.obj
 0001:000029c0       ??$swap@I@shdfnd@physx@@YAXAAI0@Z 100039c0 f i Adjacencies.obj
 0001:000029f0       ??0?$ReflectionAllocator@I@shdfnd@physx@@QAE@PBD@Z 100039f0 f i Adjacencies.obj
 0001:00002a00       ??0?$ReflectionAllocator@VAdjEdge@@@shdfnd@physx@@QAE@PBD@Z 10003a00 f i Adjacencies.obj
 0001:00002a10       ??0?$ReflectionAllocator@VAdjTriangle@physx@@@shdfnd@physx@@QAE@PBD@Z 10003a10 f i Adjacencies.obj
 0001:00002a20       ??0?$TriangleT@I@Gu@physx@@QAE@XZ 10003a20 f i Adjacencies.obj
 0001:00002a30       ??0AdjEdge@@QAE@XZ         10003a30 f i Adjacencies.obj
 0001:00002a40       ??0AdjTriangle@physx@@QAE@XZ 10003a40 f i Adjacencies.obj
 0001:00002a50       ??0Allocator@shdfnd@physx@@QAE@PBD@Z 10003a50 f i Adjacencies.obj
 0001:00002a60       ??0EDGELISTCREATE@Gu@physx@@QAE@XZ 10003a60 f i Adjacencies.obj
 0001:00002ac0       ??0NonTrackingAllocator@shdfnd@physx@@QAE@PBD@Z 10003ac0 f i Adjacencies.obj
 0001:00002ad0       ??0PxFoundation@physx@@QAE@ABV01@@Z 10003ad0 f i Adjacencies.obj
 0001:00002af0       ??0PxFoundation@physx@@QAE@XZ 10003af0 f i Adjacencies.obj
 0001:00002b10       ??1AdjEdge@@QAE@XZ         10003b10 f i Adjacencies.obj
 0001:00002b20       ??1AdjTriangle@physx@@QAE@XZ 10003b20 f i Adjacencies.obj
 0001:00002b30       ??1PxFoundation@physx@@MAE@XZ 10003b30 f i Adjacencies.obj
 0001:00002b50       ??3UserAllocated@shdfnd@physx@@SAXPAX@Z 10003b50 f i Adjacencies.obj
 0001:00002b70       ??4Allocator@shdfnd@physx@@QAEAAV012@$$QAV012@@Z 10003b70 f i Adjacencies.obj
 0001:00002b80       ??4Allocator@shdfnd@physx@@QAEAAV012@ABV012@@Z 10003b80 f i Adjacencies.obj
 0001:00002b90       ??4MutexImpl@shdfnd@physx@@QAEAAV012@ABV012@@Z 10003b90 f i Adjacencies.obj
 0001:00002ba0       ??4PxFoundation@physx@@QAEAAV01@ABV01@@Z 10003ba0 f i Adjacencies.obj
 0001:00002bb0       ??_EAdjEdge@@QAEPAXI@Z     10003bb0 f i Adjacencies.obj
 0001:00002c60       ??_EAdjTriangle@physx@@QAEPAXI@Z 10003c60 f i Adjacencies.obj
 0001:00002d10       ??_EPxFoundation@physx@@MAEPAXI@Z 10003d10 f i Adjacencies.obj
 0001:00002d90       ??_FAllocator@shdfnd@physx@@QAEXXZ 10003d90 f i Adjacencies.obj
 0001:00002db0       ??_FNamedAllocator@shdfnd@physx@@QAEXXZ 10003db0 f i Adjacencies.obj
 0001:00002dd0       ??_GPxFoundation@physx@@MAEPAXI@Z 10003dd0 f i Adjacencies.obj
 0001:00002e00       ??_H@YGXPAXIIP6EPAX0@Z@Z   10003e00 f i Adjacencies.obj
 0001:00002e50       ??_I@YGXPAXIIP6EX0@Z@Z     10003e50 f i Adjacencies.obj
 0001:00002eb0       ??_VUserAllocated@shdfnd@physx@@SAXPAX@Z 10003eb0 f i Adjacencies.obj
 0001:00002ed0       ?GetNbHits@RadixSort@Cm@physx@@QBEIXZ 10003ed0 f i Adjacencies.obj
 0001:00002ef0       ?GetNbTotalCalls@RadixSort@Cm@physx@@QBEIXZ 10003ef0 f i Adjacencies.obj
 0001:00002f10       ?GetRanks@RadixSort@Cm@physx@@QBEPBIXZ 10003f10 f i Adjacencies.obj
 0001:00002f30       ?GetRecyclable@RadixSort@Cm@physx@@QBEPAIXZ 10003f30 f i Adjacencies.obj
 0001:00002f50       ?HasActiveEdge01@AdjTriangle@physx@@QBEHXZ 10003f50 f i Adjacencies.obj
 0001:00002f70       ?HasActiveEdge01@EdgeTriangleAC@Gu@physx@@SAHABUEdgeTriangleData@23@@Z 10003f70 f i Adjacencies.obj
 0001:00002f90       ?HasActiveEdge12@AdjTriangle@physx@@QBEHXZ 10003f90 f i Adjacencies.obj
 0001:00002fb0       ?HasActiveEdge12@EdgeTriangleAC@Gu@physx@@SAHABUEdgeTriangleData@23@@Z 10003fb0 f i Adjacencies.obj
 0001:00002fd0       ?HasActiveEdge20@AdjTriangle@physx@@QBEHXZ 10003fd0 f i Adjacencies.obj
 0001:00002ff0       ?HasActiveEdge20@EdgeTriangleAC@Gu@physx@@SAHABUEdgeTriangleData@23@@Z 10003ff0 f i Adjacencies.obj
 0001:00003010       ?PxMemZero@physx@@YAPAXPAXI@Z 10004010 f i Adjacencies.obj
 0001:00003030       ?__empty_global_delete@@YAXPAX@Z 10004030 f i Adjacencies.obj
 0001:00003040       ?__empty_global_delete@@YAXPAXI@Z 10004040 f i Adjacencies.obj
 0001:00003050       ?allocate@?$ReflectionAllocator@I@shdfnd@physx@@QAEPAXIPBDH@Z 10004050 f i Adjacencies.obj
 0001:000030a0       ?allocate@?$ReflectionAllocator@VAdjEdge@@@shdfnd@physx@@QAEPAXIPBDH@Z 100040a0 f i Adjacencies.obj
 0001:000030f0       ?allocate@?$ReflectionAllocator@VAdjTriangle@physx@@@shdfnd@physx@@QAEPAXIPBDH@Z 100040f0 f i Adjacencies.obj
 0001:00003140       ?deallocate@NonTrackingAllocator@shdfnd@physx@@QAEXPAX@Z 10004140 f i Adjacencies.obj
 0001:00003170       ?findEdge@?$TriangleT@I@Gu@physx@@QBEEII@Z 10004170 f i Adjacencies.obj
 0001:00003290       ?getAllocator@Foundation@shdfnd@physx@@QAEAAVPxAllocatorCallback@3@XZ 10004290 f i Adjacencies.obj
 0001:000032b0       ?getAllocatorCallback@Foundation@shdfnd@physx@@UAEAAVPxAllocatorCallback@3@XZ 100042b0 f i Adjacencies.obj
 0001:000032d0       ?getEdgeTriangle@EdgeList@Gu@physx@@QBEABUEdgeTriangleData@23@I@Z 100042d0 f i Adjacencies.obj
 0001:000032f0       ?getErrorCallback@Foundation@shdfnd@physx@@UAEAAVPxErrorCallback@3@XZ 100042f0 f i Adjacencies.obj
 0001:00003310       ?getErrorLevel@Foundation@shdfnd@physx@@UBE?AW4Enum@PxErrorCode@3@XZ 10004310 f i Adjacencies.obj
 0001:00003330       ?getFoundation@shdfnd@physx@@YAAAVFoundation@12@XZ 10004330 f i Adjacencies.obj
 0001:00003340       ?getInternalErrorCallback@Foundation@shdfnd@physx@@QAEAAVPxErrorCallback@3@XZ 10004340 f i Adjacencies.obj
 0001:00003360       ?getName@?$ReflectionAllocator@I@shdfnd@physx@@CAPBDXZ 10004360 f i Adjacencies.obj
 0001:000033a0       ?getName@?$ReflectionAllocator@VAdjEdge@@@shdfnd@physx@@CAPBDXZ 100043a0 f i Adjacencies.obj
 0001:000033e0       ?getName@?$ReflectionAllocator@VAdjTriangle@physx@@@shdfnd@physx@@CAPBDXZ 100043e0 f i Adjacencies.obj
 0001:00003420       ?getNamedAllocMap@Foundation@shdfnd@physx@@QAEAAV?$HashMap@PBVNamedAllocator@shdfnd@physx@@PBDU?$Hash@PBVNamedAllocator@shdfnd@physx@@@23@VNonTrackingAllocator@23@@23@XZ 10004420 f i Adjacencies.obj
 0001:00003440       ?getNamedAllocMutex@Foundation@shdfnd@physx@@QAEAAV?$MutexT@VAllocator@shdfnd@physx@@@23@XZ 10004440 f i Adjacencies.obj
 0001:00003460       ?getReportAllocationNames@Foundation@shdfnd@physx@@UBE_NXZ 10004460 f i Adjacencies.obj
 0001:00003480       ?getTempAllocFreeTable@Foundation@shdfnd@physx@@QAEAAV?$Array@PATTempAllocatorChunk@shdfnd@physx@@VAllocator@23@@23@XZ 10004480 f i Adjacencies.obj
 0001:000034a0       ?getTempAllocMutex@Foundation@shdfnd@physx@@QAEAAV?$MutexT@VAllocator@shdfnd@physx@@@23@XZ 100044a0 f i Adjacencies.obj
 0001:000034c0       ?invalidateRanks@RadixSort@Cm@physx@@QAEXXZ 100044c0 f i Adjacencies.obj
 0001:000034e0       ?memZero@intrinsics@physx@@YAPAXPAXI@Z 100044e0 f i Adjacencies.obj
 0001:00003500       ?name@type_info@@QBEPBDXZ  10004500 f i Adjacencies.obj
 0001:00003520       ?setErrorLevel@Foundation@shdfnd@physx@@UAEXW4Enum@PxErrorCode@3@@Z 10004520 f i Adjacencies.obj
 0001:00003540       ?setReportAllocationNames@Foundation@shdfnd@physx@@UAEX_N@Z 10004540 f i Adjacencies.obj
 0001:00003560       _PxCreateCooking           10004560 f   Cooking.obj
 0001:00003610       ?release@Cooking@physx@@UAEXXZ 10004610 f   Cooking.obj
 0001:00003650       ?setParams@Cooking@physx@@UAEXABUPxCookingParams@2@@Z 10004650 f   Cooking.obj
 0001:00003670       ?getParams@Cooking@physx@@UBEABUPxCookingParams@2@XZ 10004670 f   Cooking.obj
 0001:00003690       ?platformMismatch@Cooking@physx@@UBE_NXZ 10004690 f   Cooking.obj
 0001:000036d0       ?cookTriangleMesh@Cooking@physx@@UBE_NABVPxTriangleMeshDesc@2@AAVPxOutputStream@2@PAW4Enum@PxTriangleMeshCookingResult@2@@Z 100046d0 f   Cooking.obj
 0001:00003790       ?createTriangleMesh@Cooking@physx@@UBEPAVPxTriangleMesh@2@ABVPxTriangleMeshDesc@2@AAVPxPhysicsInsertionCallback@2@PAW4Enum@PxTriangleMeshCookingResult@2@@Z 10004790 f   Cooking.obj
 0001:00003850       ?validateTriangleMesh@Cooking@physx@@UBE_NABVPxTriangleMeshDesc@2@@Z 10004850 f   Cooking.obj
 0001:000038f0       ?cookConvexMesh@Cooking@physx@@UBE_NABVPxConvexMeshDesc@2@AAVPxOutputStream@2@PAW4Enum@PxConvexMeshCookingResult@2@@Z 100048f0 f   Cooking.obj
 0001:00003b30       ?createConvexMesh@Cooking@physx@@UBEPAVPxConvexMesh@2@ABVPxConvexMeshDesc@2@AAVPxPhysicsInsertionCallback@2@PAW4Enum@PxConvexMeshCookingResult@2@@Z 10004b30 f   Cooking.obj
 0001:00003e20       ?validateConvexMesh@Cooking@physx@@UBE_NABVPxConvexMeshDesc@2@@Z 10004e20 f   Cooking.obj
 0001:00003e70       ?computeHullPolygons@Cooking@physx@@UBE_NABVPxSimpleTriangleMesh@2@AAVPxAllocatorCallback@2@AAIAAPAVPxVec3@2@2AAPAI2AAPAUPxHullPolygon@2@@Z 10004e70 f   Cooking.obj
 0001:00004030       ?cookHeightField@Cooking@physx@@UBE_NABVPxHeightFieldDesc@2@AAVPxOutputStream@2@@Z 10005030 f   Cooking.obj
 0001:00004150       ?createHeightField@Cooking@physx@@UBEPAVPxHeightField@2@ABVPxHeightFieldDesc@2@AAVPxPhysicsInsertionCallback@2@@Z 10005150 f   Cooking.obj
 0001:00004340       ?cookBVHStructure@Cooking@physx@@UBE_NABVPxBVHStructureDesc@2@AAVPxOutputStream@2@@Z 10005340 f   Cooking.obj
 0001:00004400       ?createBVHStructure@Cooking@physx@@UBEPAVPxBVHStructure@2@ABVPxBVHStructureDesc@2@AAVPxPhysicsInsertionCallback@2@@Z 10005400 f   Cooking.obj
 0001:000044d0       ?cookConvexMeshInternal@Cooking@physx@@ABE_NABVPxConvexMeshDesc@2@AAVConvexMeshBuilder@2@PAVConvexHullLib@2@PAW4Enum@PxConvexMeshCookingResult@2@@Z 100054d0 f   Cooking.obj
 0001:00004700       ?cookTriangleMesh@Cooking@physx@@ABE_NAAVTriangleMeshBuilder@2@ABVPxTriangleMeshDesc@2@AAVPxOutputStream@2@PAW4Enum@PxTriangleMeshCookingResult@2@@Z 10005700 f   Cooking.obj
 0001:00004790       ?createTriangleMesh@Cooking@physx@@ABEPAVPxTriangleMesh@2@AAVTriangleMeshBuilder@2@ABVPxTriangleMeshDesc@2@AAVPxPhysicsInsertionCallback@2@PAW4Enum@PxTriangleMeshCookingResult@2@@Z 10005790 f   Cooking.obj
 0001:000048f0       ??$?2V?$ReflectionAllocator@VCooking@physx@@@shdfnd@physx@@@UserAllocated@shdfnd@physx@@SAPAXIV?$ReflectionAllocator@VCooking@physx@@@12@PBDH@Z 100058f0 f i Cooking.obj
 0001:00004910       ??$?2V?$ReflectionAllocator@VQuickHullConvexHullLib@physx@@@shdfnd@physx@@@UserAllocated@shdfnd@physx@@SAPAXIV?$ReflectionAllocator@VQuickHullConvexHullLib@physx@@@12@PBDH@Z 10005910 f i Cooking.obj
 0001:00004930       ??$PX_UNUSED@VPxFoundation@physx@@@@YAXABVPxFoundation@physx@@@Z 10005930 f i Cooking.obj
 0001:00004940       ??$PX_UNUSED@W4PxIDENTITY@physx@@@@YAXABW4PxIDENTITY@physx@@@Z 10005940 f i Cooking.obj
 0001:00004950       ??$PxMax@I@physx@@YAIII@Z  10005950 f i Cooking.obj
 0001:00004980       ??$PxMin@G@physx@@YAGGG@Z  10005980 f i Cooking.obj
 0001:000049b0       ??0?$PxBitAndDataT@G$0IAAA@@physx@@QAE@W4PxEMPTY@1@@Z 100059b0 f i Cooking.obj
 0001:000049c0       ??0?$PxBitAndDataT@G$0IAAA@@physx@@QAE@XZ 100059c0 f i Cooking.obj
 0001:000049e0       ??0?$PxBitAndDataT@I$0IAAAAAAA@@physx@@QAE@I_N@Z 100059e0 f i Cooking.obj
 0001:00004a20       ??0?$PxBitAndDataT@I$0IAAAAAAA@@physx@@QAE@W4PxEMPTY@1@@Z 10005a20 f i Cooking.obj
 0001:00004a30       ??0?$PxFlags@W4Enum@PxBaseFlag@physx@@G@physx@@QAE@ABV01@@Z 10005a30 f i Cooking.obj
 0001:00004a50       ??0?$PxFlags@W4Enum@PxConvexFlag@physx@@G@physx@@QAE@ABV01@@Z 10005a50 f i Cooking.obj
 0001:00004a70       ??0?$PxFlags@W4Enum@PxConvexFlag@physx@@G@physx@@QAE@W4Enum@PxConvexFlag@1@@Z 10005a70 f i Cooking.obj
 0001:00004a90       ??0?$PxFlags@W4Enum@PxConvexFlag@physx@@G@physx@@QAE@XZ 10005a90 f i Cooking.obj
 0001:00004ab0       ??0?$PxFlags@W4Enum@PxHeightFieldFlag@physx@@G@physx@@QAE@ABV01@@Z 10005ab0 f i Cooking.obj
 0001:00004ad0       ??0?$PxFlags@W4Enum@PxHeightFieldFlag@physx@@G@physx@@QAE@W4PxEMPTY@1@@Z 10005ad0 f i Cooking.obj
 0001:00004ae0       ??0?$PxFlags@W4Enum@PxHeightFieldFlag@physx@@G@physx@@QAE@XZ 10005ae0 f i Cooking.obj
 0001:00004b00       ??0?$PxFlags@W4Enum@PxMeshFlag@physx@@G@physx@@QAE@ABV01@@Z 10005b00 f i Cooking.obj
 0001:00004b20       ??0?$PxFlags@W4Enum@PxMeshPreprocessingFlag@physx@@I@physx@@QAE@ABV01@@Z 10005b20 f i Cooking.obj
 0001:00004b40       ??0?$ReflectionAllocator@VCooking@physx@@@shdfnd@physx@@QAE@PBD@Z 10005b40 f i Cooking.obj
 0001:00004b50       ??0?$ReflectionAllocator@VHeightField@Gu@physx@@@shdfnd@physx@@QAE@PBD@Z 10005b50 f i Cooking.obj
 0001:00004b60       ??0?$ReflectionAllocator@VQuickHullConvexHullLib@physx@@@shdfnd@physx@@QAE@PBD@Z 10005b60 f i Cooking.obj
 0001:00004b70       ??0CenterExtents@Gu@physx@@QAE@ABV012@@Z 10005b70 f i Cooking.obj
 0001:00004ba0       ??0CenterExtents@Gu@physx@@QAE@XZ 10005ba0 f i Cooking.obj
 0001:00004bd0       ??0ConvexHullData@Gu@physx@@QAE@W4PxEMPTY@2@@Z 10005bd0 f i Cooking.obj
 0001:00004c00       ??0ConvexHullData@Gu@physx@@QAE@XZ 10005c00 f i Cooking.obj
 0001:00004c30       ??0ConvexMesh@Gu@physx@@QAE@V?$PxFlags@W4Enum@PxBaseFlag@physx@@G@2@@Z 10005c30 f i Cooking.obj
 0001:00004cb0       ??0Cooking@physx@@QAE@ABUPxCookingParams@1@@Z 10005cb0 f i Cooking.obj
 0001:00004ce0       ??0DebugText@Cm@physx@@QAE@$$QAU012@@Z 10005ce0 f i Cooking.obj
 0001:00004d30       ??0DebugText@Cm@physx@@QAE@ABU012@@Z 10005d30 f i Cooking.obj
 0001:00004d80       ??0HeightFieldData@Gu@physx@@QAE@$$QAU012@@Z 10005d80 f i Cooking.obj
 0001:00004e10       ??0HeightFieldData@Gu@physx@@QAE@ABU012@@Z 10005e10 f i Cooking.obj
 0001:00004ea0       ??0HeightFieldData@Gu@physx@@QAE@W4PxEMPTY@2@@Z 10005ea0 f i Cooking.obj
 0001:00004ed0       ??0HeightFieldData@Gu@physx@@QAE@XZ 10005ed0 f i Cooking.obj
 0001:00004f00       ??0PxBase@physx@@IAE@V?$PxFlags@W4Enum@PxBaseFlag@physx@@G@1@@Z 10005f00 f i Cooking.obj
 0001:00004f30       ??0PxConvexMesh@physx@@IAE@V?$PxFlags@W4Enum@PxBaseFlag@physx@@G@1@@Z 10005f30 f i Cooking.obj
 0001:00004f60       ??0PxConvexMeshDesc@physx@@QAE@ABV01@@Z 10005f60 f i Cooking.obj
 0001:00004ff0       ??0PxCooking@physx@@QAE@XZ 10005ff0 f i Cooking.obj
 0001:00005010       ??0PxCookingParams@physx@@QAE@ABU01@@Z 10006010 f i Cooking.obj
 0001:000050c0       ??0PxDebugLine@physx@@QAE@ABU01@@Z 100060c0 f i Cooking.obj
 0001:00005110       ??0PxMat33@physx@@QAE@XZ   10006110 f i Cooking.obj
 0001:00005140       ??0PxMat44@physx@@QAE@ABV01@@Z 10006140 f i Cooking.obj
 0001:000051a0       ??0PxMat44@physx@@QAE@W4PxIDENTITY@1@@Z 100061a0 f i Cooking.obj
 0001:00005290       ??0PxVec3@physx@@QAE@ABV01@@Z 10006290 f i Cooking.obj
 0001:000052d0       ??0PxVec3@physx@@QAE@M@Z   100062d0 f i Cooking.obj
 0001:00005310       ??0PxVec3@physx@@QAE@MMM@Z 10006310 f i Cooking.obj
 0001:00005350       ??0PxVec3@physx@@QAE@XZ    10006350 f i Cooking.obj
 0001:00005360       ??0PxVec4@physx@@QAE@ABV01@@Z 10006360 f i Cooking.obj
 0001:000053a0       ??0PxVec4@physx@@QAE@MMMM@Z 100063a0 f i Cooking.obj
 0001:000053f0       ??0RefCountable@Cm@physx@@QAE@W4PxEMPTY@2@@Z 100063f0 f i Cooking.obj
 0001:00005450       ??0RenderOutput@Cm@physx@@QAE@AAVRenderBuffer@12@@Z 10006450 f i Cooking.obj
 0001:000054c0       ??0RenderOutput@Cm@physx@@QAE@ABV012@@Z 100064c0 f i Cooking.obj
 0001:00005540       ??1CenterExtents@Gu@physx@@QAE@XZ 10006540 f i Cooking.obj
 0001:00005550       ??1ConvexHullData@Gu@physx@@QAE@XZ 10006550 f i Cooking.obj
 0001:00005570       ??1Cooking@physx@@UAE@XZ   10006570 f i Cooking.obj
 0001:00005590       ??1HeightFieldData@Gu@physx@@QAE@XZ 10006590 f i Cooking.obj
 0001:000055b0       ??1PxBase@physx@@MAE@XZ    100065b0 f i Cooking.obj
 0001:000055d0       ??1PxConvexMesh@physx@@MAE@XZ 100065d0 f i Cooking.obj
 0001:000055f0       ??1PxCooking@physx@@MAE@XZ 100065f0 f i Cooking.obj
 0001:00005610       ??1PxHeightField@physx@@MAE@XZ 10006610 f i Cooking.obj
 0001:00005630       ??1RefCountable@Cm@physx@@UAE@XZ 10006630 f i Cooking.obj
 0001:00005650       ??2@YAPAXIPAX@Z            10006650 f i Cooking.obj
 0001:00005660       ??2UserAllocated@shdfnd@physx@@SAPAXIPAX@Z 10006660 f i Cooking.obj
 0001:00005670       ??4?$PxFlags@W4Enum@PxHeightFieldFlag@physx@@G@physx@@QAEAAV01@ABV01@@Z 10006670 f i Cooking.obj
 0001:00005690       ??4?$PxFlags@W4Enum@PxMeshPreprocessingFlag@physx@@I@physx@@QAEAAV01@ABV01@@Z 10006690 f i Cooking.obj
 0001:000056b0       ??4CenterExtents@Gu@physx@@QAEAAV012@ABV012@@Z 100066b0 f i Cooking.obj
 0001:000056e0       ??4DebugText@Cm@physx@@QAEAAU012@$$QAU012@@Z 100066e0 f i Cooking.obj
 0001:00005750       ??4DebugText@Cm@physx@@QAEAAU012@ABU012@@Z 10006750 f i Cooking.obj
 0001:000057c0       ??4FPUGuard@shdfnd@physx@@QAEAAV012@ABV012@@Z 100067c0 f i Cooking.obj
 0001:000057f0       ??4HeightFieldData@Gu@physx@@QAEAAU012@$$QAU012@@Z 100067f0 f i Cooking.obj
 0001:00005880       ??4HeightFieldData@Gu@physx@@QAEAAU012@ABU012@@Z 10006880 f i Cooking.obj
 0001:00005910       ??4PxCookingParams@physx@@QAEAAU01@ABU01@@Z 10006910 f i Cooking.obj
 0001:000059c0       ??4PxMat33@physx@@QAEAAV01@ABV01@@Z 100069c0 f i Cooking.obj
 0001:00005a00       ??4PxVec3@physx@@QAEAAV01@ABV01@@Z 10006a00 f i Cooking.obj
 0001:00005a40       ??9?$PxFlags@W4Enum@PxHeightFieldFlag@physx@@G@physx@@QBE_NABV01@@Z 10006a40 f i Cooking.obj
 0001:00005a80       ??B?$PxBitAndDataT@E$0IA@@physx@@QBEEXZ 10006a80 f i Cooking.obj
 0001:00005aa0       ??B?$PxBitAndDataT@G$0IAAA@@physx@@QBEGXZ 10006aa0 f i Cooking.obj
 0001:00005ac0       ??B?$PxFlags@W4Enum@PxBaseFlag@physx@@G@physx@@QBE_NXZ 10006ac0 f i Cooking.obj
 0001:00005af0       ??B?$PxFlags@W4Enum@PxConvexFlag@physx@@G@physx@@QBE_NXZ 10006af0 f i Cooking.obj
 0001:00005b20       ??B?$PxFlags@W4Enum@PxMeshFlag@physx@@G@physx@@QBE_NXZ 10006b20 f i Cooking.obj
 0001:00005b50       ??B?$PxFlags@W4Enum@PxMeshPreprocessingFlag@physx@@I@physx@@QBE_NXZ 10006b50 f i Cooking.obj
 0001:00005b80       ??I?$PxFlags@W4Enum@PxBaseFlag@physx@@G@physx@@QBE?AV01@W4Enum@PxBaseFlag@1@@Z 10006b80 f i Cooking.obj
 0001:00005bc0       ??I?$PxFlags@W4Enum@PxConvexFlag@physx@@G@physx@@QBE?AV01@W4Enum@PxConvexFlag@1@@Z 10006bc0 f i Cooking.obj
 0001:00005c00       ??I?$PxFlags@W4Enum@PxHeightFieldFlag@physx@@G@physx@@QBE?AV01@W4Enum@PxHeightFieldFlag@1@@Z 10006c00 f i Cooking.obj
 0001:00005c40       ??I?$PxFlags@W4Enum@PxMeshFlag@physx@@G@physx@@QBE?AV01@W4Enum@PxMeshFlag@1@@Z 10006c40 f i Cooking.obj
 0001:00005c80       ??I?$PxFlags@W4Enum@PxMeshPreprocessingFlag@physx@@I@physx@@QBE?AV01@W4Enum@PxMeshPreprocessingFlag@1@@Z 10006c80 f i Cooking.obj
 0001:00005cc0       ??S?$PxFlags@W4Enum@PxConvexFlag@physx@@G@physx@@QBE?AV01@XZ 10006cc0 f i Cooking.obj
 0001:00005d00       ??Sphysx@@YA?AV?$PxFlags@W4Enum@PxConvexFlag@physx@@G@0@W4Enum@PxConvexFlag@0@@Z 10006d00 f i Cooking.obj
 0001:00005d30       ??_4?$PxFlags@W4Enum@PxConvexFlag@physx@@G@physx@@QAEAAV01@ABV01@@Z 10006d30 f i Cooking.obj
 0001:00005d60       ??_EConvexMesh@Gu@physx@@UAEPAXI@Z 10006d60 f i Cooking.obj
 0001:00005e13       ??_EConvexMesh@Gu@physx@@W7AEPAXI@Z 10006e13 f i Cooking.obj
 0001:00005e20       ??_EPxConvexMesh@physx@@MAEPAXI@Z 10006e20 f i Cooking.obj
 0001:00005ea0       ??_EPxHeightField@physx@@MAEPAXI@Z 10006ea0 f i Cooking.obj
 0001:00005f20       ??_GCooking@physx@@UAEPAXI@Z 10006f20 f i Cooking.obj
 0001:00005f20       ??_ECooking@physx@@UAEPAXI@Z 10006f20 f i Cooking.obj
 0001:00005f70       ??_EPxBase@physx@@MAEPAXI@Z 10006f70 f i Cooking.obj
 0001:00005f70       ??_GPxBase@physx@@MAEPAXI@Z 10006f70 f i Cooking.obj
 0001:00005fa0       ??_EPxCooking@physx@@MAEPAXI@Z 10006fa0 f i Cooking.obj
 0001:00005fa0       ??_GPxCooking@physx@@MAEPAXI@Z 10006fa0 f i Cooking.obj
 0001:00005fd0       ??_GRefCountable@Cm@physx@@UAEPAXI@Z 10006fd0 f i Cooking.obj
 0001:00005fd0       ??_ERefCountable@Cm@physx@@UAEPAXI@Z 10006fd0 f i Cooking.obj
 0001:00006000       ?FLoad@aos@shdfnd@physx@@YA?AT__m128@@M@Z 10007000 f i Cooking.obj
 0001:00006040       ?PxMemCopy@physx@@YAPAXPAXPBXI@Z 10007040 f i Cooking.obj
 0001:00006060       ?V3Load@aos@shdfnd@physx@@YA?AT__m128@@M@Z 10007060 f i Cooking.obj
 0001:000060b0       ?V4Load@aos@shdfnd@physx@@YA?AT__m128@@M@Z 100070b0 f i Cooking.obj
 0001:000060f0       ?allocate@?$Array@UPxDebugLine@physx@@VNamedAllocator@shdfnd@2@@shdfnd@physx@@IAEPAUPxDebugLine@3@I@Z 100070f0 f i Cooking.obj
 0001:00006160       ?allocate@?$ReflectionAllocator@VCooking@physx@@@shdfnd@physx@@QAEPAXIPBDH@Z 10007160 f i Cooking.obj
 0001:000061b0       ?allocate@?$ReflectionAllocator@VHeightField@Gu@physx@@@shdfnd@physx@@QAEPAXIPBDH@Z 100071b0 f i Cooking.obj
 0001:00006200       ?allocate@?$ReflectionAllocator@VQuickHullConvexHullLib@physx@@@shdfnd@physx@@QAEPAXIPBDH@Z 10007200 f i Cooking.obj
 0001:00006250       ?capacity@?$Array@UPxDebugLine@physx@@VNamedAllocator@shdfnd@2@@shdfnd@physx@@QBEIXZ 10007250 f i Cooking.obj
 0001:00006270       ?copy@?$Array@UPxDebugLine@physx@@VNamedAllocator@shdfnd@2@@shdfnd@physx@@KAXPAUPxDebugLine@3@0PBU43@@Z 10007270 f i Cooking.obj
 0001:000062c0       ?deallocate@?$Array@UPxDebugLine@physx@@VNamedAllocator@shdfnd@2@@shdfnd@physx@@IAEXPAX@Z 100072c0 f i Cooking.obj
 0001:000062e0       ?destroy@?$Array@UPxDebugLine@physx@@VNamedAllocator@shdfnd@2@@shdfnd@physx@@KAXPAUPxDebugLine@3@0@Z 100072e0 f i Cooking.obj
 0001:00006300       ?end@?$Array@UPxDebugLine@physx@@VNamedAllocator@shdfnd@2@@shdfnd@physx@@QAEPAUPxDebugLine@3@XZ 10007300 f i Cooking.obj
 0001:00006320       ?forceSize_Unsafe@?$Array@UPxDebugLine@physx@@VNamedAllocator@shdfnd@2@@shdfnd@physx@@QAEXI@Z 10007320 f i Cooking.obj
 0001:00006380       ?fsel@intrinsics@physx@@YAMMMM@Z 10007380 f i Cooking.obj
 0001:000063b0       ?gatherStrided@Cooking@physx@@SAXPBXPAXIII@Z 100073b0 f i Cooking.obj
 0001:00006410       ?getBigConvexData@ConvexMeshBuilder@physx@@QBEPAVBigConvexData@2@XZ 10007410 f i Cooking.obj
 0001:00006430       ?getConcreteTypeName@PxConvexMesh@physx@@UBEPBDXZ 10007430 f i Cooking.obj
 0001:00006440       ?getConcreteTypeName@PxHeightField@physx@@UBEPBDXZ 10007440 f i Cooking.obj
 0001:00006450       ?getConvexEdgeThreshold@HeightField@Gu@physx@@UBEMXZ 10007450 f i Cooking.obj
 0001:00006470       ?getFlags@HeightField@Gu@physx@@UBE?AV?$PxFlags@W4Enum@PxHeightFieldFlag@physx@@G@3@XZ 10007470 f i Cooking.obj
 0001:00006490       ?getFormat@HeightField@Gu@physx@@UBE?AW4Enum@PxHeightFieldFormat@3@XZ 10007490 f i Cooking.obj
 0001:000064b0       ?getHeight@HeightField@Gu@physx@@QBEMI@Z 100074b0 f i Cooking.obj
 0001:000064e0       ?getHeight@HeightField@Gu@physx@@UBEMMM@Z 100074e0 f i Cooking.obj
 0001:00006510       ?getHeightInternal2@HeightField@Gu@physx@@QBEMIMM@Z 10007510 f i Cooking.obj
 0001:000066e0       ?getHeightInternal@HeightField@Gu@physx@@QBEMMM@Z 100076e0 f i Cooking.obj
 0001:00006740       ?getHullVertices@ConvexHullData@Gu@physx@@QBEPBVPxVec3@3@XZ 10007740 f i Cooking.obj
 0001:00006770       ?getIndexBuffer@ConvexMesh@Gu@physx@@UBEPBEXZ 10007770 f i Cooking.obj
 0001:00006790       ?getInertia@ConvexMeshBuilder@physx@@QBEABVPxMat33@2@XZ 10007790 f i Cooking.obj
 0001:000067b0       ?getMass@ConvexMeshBuilder@physx@@QBEMXZ 100077b0 f i Cooking.obj
 0001:000067d0       ?getMaterialIndex0@HeightField@Gu@physx@@QBEGI@Z 100077d0 f i Cooking.obj
 0001:00006800       ?getMaterialIndex1@HeightField@Gu@physx@@QBEGI@Z 10007800 f i Cooking.obj
 0001:00006830       ?getMeshData@TriangleMeshBuilder@physx@@QAEAAVTriangleMeshData@Gu@2@XZ 10007830 f i Cooking.obj
 0001:00006850       ?getName@?$ReflectionAllocator@VCooking@physx@@@shdfnd@physx@@CAPBDXZ 10007850 f i Cooking.obj
 0001:00006890       ?getName@?$ReflectionAllocator@VHeightField@Gu@physx@@@shdfnd@physx@@CAPBDXZ 10007890 f i Cooking.obj
 0001:000068d0       ?getName@?$ReflectionAllocator@VQuickHullConvexHullLib@physx@@@shdfnd@physx@@CAPBDXZ 100078d0 f i Cooking.obj
 0001:00006910       ?getNbColumns@HeightField@Gu@physx@@UBEIXZ 10007910 f i Cooking.obj
 0001:00006930       ?getNbColumnsFast@HeightField@Gu@physx@@QBEIXZ 10007930 f i Cooking.obj
 0001:00006950       ?getNbPolygons@ConvexMesh@Gu@physx@@UBEIXZ 10007950 f i Cooking.obj
 0001:00006970       ?getNbRows@HeightField@Gu@physx@@UBEIXZ 10007970 f i Cooking.obj
 0001:00006990       ?getNbVertices@ConvexMesh@Gu@physx@@UBEIXZ 10007990 f i Cooking.obj
 0001:000069b0       ?getPaddedBounds@HeightFieldData@Gu@physx@@QBEABVCenterExtentsPadded@23@XZ 100079b0 f i Cooking.obj
 0001:000069c0       ?getSample@HeightField@Gu@physx@@QBEABUPxHeightFieldSample@3@I@Z 100079c0 f i Cooking.obj
 0001:00006a30       ?getSample@HeightField@Gu@physx@@UBEABUPxHeightFieldSample@3@II@Z 10007a30 f i Cooking.obj
 0001:00006a60       ?getSampleStride@HeightField@Gu@physx@@UBEIXZ 10007a60 f i Cooking.obj
 0001:00006a70       ?getTimestamp@HeightField@Gu@physx@@UBEIXZ 10007a70 f i Cooking.obj
 0001:00006a90       ?getTriangleMaterial@HeightField@Gu@physx@@QBEGI@Z 10007a90 f i Cooking.obj
 0001:00006ae0       ?getTriangleMaterialIndex@HeightField@Gu@physx@@UBEGI@Z 10007ae0 f i Cooking.obj
 0001:00006b00       ?getTriangleNormal@HeightField@Gu@physx@@UBE?AVPxVec3@3@I@Z 10007b00 f i Cooking.obj
 0001:00006b20       ?getTriangleNormalInternal@HeightField@Gu@physx@@QBE?AVPxVec3@3@I@Z 10007b20 f i Cooking.obj
 0001:00006d10       ?getTriangleVertexIndices@HeightField@Gu@physx@@QBEXIAAI00@Z 10007d10 f i Cooking.obj
 0001:00006e00       ?getType@PxMidphaseDesc@physx@@QBE?AW4Enum@PxMeshMidPhase@2@XZ 10007e00 f i Cooking.obj
 0001:00006e20       ?getVertexData8@ConvexHullData@Gu@physx@@QBEPBEXZ 10007e20 f i Cooking.obj
 0001:00006eb0       ?getVertices@ConvexMesh@Gu@physx@@UBEPBVPxVec3@3@XZ 10007eb0 f i Cooking.obj
 0001:00006ed0       ?grow@?$Array@UPxDebugLine@physx@@VNamedAllocator@shdfnd@2@@shdfnd@physx@@IAEXI@Z 10007ed0 f i Cooking.obj
 0001:00006f30       ?isBitSet@?$PxBitAndDataT@E$0IA@@physx@@QBEEXZ 10007f30 f i Cooking.obj
 0001:00006f50       ?isBitSet@?$PxBitAndDataT@G$0IAAA@@physx@@QBEGXZ 10007f50 f i Cooking.obj
 0001:00006f70       ?isFirstTriangle@HeightField@Gu@physx@@QBE_NI@Z 10007f70 f i Cooking.obj
 0001:00006fa0       ?isInUserMemory@?$Array@UPxDebugLine@physx@@VNamedAllocator@shdfnd@2@@shdfnd@physx@@QBEIXZ 10007fa0 f i Cooking.obj
 0001:00006fc0       ?isKindOf@PxBase@physx@@MBE_NPBD@Z 10007fc0 f i Cooking.obj
 0001:00007000       ?isKindOf@PxConvexMesh@physx@@MBE_NPBD@Z 10008000 f i Cooking.obj
 0001:00007050       ?isKindOf@PxHeightField@physx@@MBE_NPBD@Z 10008050 f i Cooking.obj
 0001:000070a0       ?isReleasable@PxBase@physx@@UBE_NXZ 100080a0 f i Cooking.obj
 0001:000070d0       ?isValid@PxBVHStructureDesc@physx@@QBE_NXZ 100080d0 f i Cooking.obj
 0001:00007110       ?isValid@PxConvexMeshDesc@physx@@QBE_NXZ 10008110 f i Cooking.obj
 0001:000072b0       ?isValid@PxHeightFieldDesc@physx@@QBE_NXZ 100082b0 f i Cooking.obj
 0001:00007330       ?isValid@PxSimpleTriangleMesh@physx@@QBE_NXZ 10008330 f i Cooking.obj
 0001:000073e0       ?isValid@PxTriangleMeshDesc@physx@@QBE_NXZ 100083e0 f i Cooking.obj
 0001:00007440       ?isValidVertex@HeightField@Gu@physx@@QBE_NI@Z 10008440 f i Cooking.obj
 0001:00007480       ?isZerothVertexShared@HeightField@Gu@physx@@QBE_NI@Z 10008480 f i Cooking.obj
 0001:000074c0       ?littleEndian@shdfnd@physx@@YADXZ 100084c0 f i Cooking.obj
 0001:000074e0       ?markSerializedMem@Cm@physx@@YAXPAXI@Z 100084e0 f i Cooking.obj
 0001:00007510       ?memCopy@intrinsics@physx@@YAPAXPAXPBXI@Z 10008510 f i Cooking.obj
 0001:00007530       ?onRefCountZero@RefCountable@Cm@physx@@UAEXXZ 10008530 f i Cooking.obj
 0001:00007570       ?outputSegment@RenderOutput@Cm@physx@@QAEXABVPxVec3@3@0@Z 10008570 f i Cooking.obj
 0001:000075c0       ?preExportDataReset@ConvexMesh@Gu@physx@@QAEXXZ 100085c0 f i Cooking.obj
 0001:000075e0       ?preExportDataReset@HeightField@Gu@physx@@QAEXXZ 100085e0 f i Cooking.obj
 0001:00007600       ?preExportDataReset@RefCountable@Cm@physx@@QAEXXZ 10008600 f i Cooking.obj
 0001:00007620       ?recreate@?$Array@UPxDebugLine@physx@@VNamedAllocator@shdfnd@2@@shdfnd@physx@@IAEXI@Z 10008620 f i Cooking.obj
 0001:000076f0       ?requiresObjects@ConvexMesh@Gu@physx@@UAEXAAVPxProcessPxBaseCallback@3@@Z 100086f0 f i Cooking.obj
 0001:00007700       ?reserve@?$Array@UPxDebugLine@physx@@VNamedAllocator@shdfnd@2@@shdfnd@physx@@QAEXI@Z 10008700 f i Cooking.obj
 0001:00007730       ?reserveSegments@RenderOutput@Cm@physx@@QAEPAUPxDebugLine@3@I@Z 10008730 f i Cooking.obj
 0001:00007760       ?setBigConvexData@ConvexMesh@Gu@physx@@QAEXPAVBigConvexData@3@@Z 10008760 f i Cooking.obj
 0001:00007780       ?setBigConvexData@ConvexMeshBuilder@physx@@QAEXPAVBigConvexData@2@@Z 10008780 f i Cooking.obj
 0001:000077a0       ?setBit@?$PxBitAndDataT@I$0IAAAAAAA@@physx@@QAEXXZ 100087a0 f i Cooking.obj
 0001:000077c0       ?setInertia@ConvexMesh@Gu@physx@@QAEXABVPxMat33@3@@Z 100087c0 f i Cooking.obj
 0001:000077e0       ?setMass@ConvexMesh@Gu@physx@@QAEXM@Z 100087e0 f i Cooking.obj
 0001:00007800       ?setNb@ConvexMesh@Gu@physx@@QAEXI@Z 10008800 f i Cooking.obj
 0001:00007830       ?size@?$Array@UPxDebugLine@physx@@VNamedAllocator@shdfnd@2@@shdfnd@physx@@QBEIXZ 10008830 f i Cooking.obj
 0001:00007850       ?tessFlag@PxHeightFieldSample@physx@@QBEEXZ 10008850 f i Cooking.obj
 0001:00007890       ??0ReducedVertexCloud@physx@@QAE@PBVPxVec3@1@I@Z 10008890 f   CookingUtils.obj
 0001:000078d0       ??1ReducedVertexCloud@physx@@QAE@XZ 100088d0 f   CookingUtils.obj
 0001:000078f0       ?Clean@ReducedVertexCloud@physx@@QAEAAV12@XZ 100088f0 f   CookingUtils.obj
 0001:00007950       ?Reduce@ReducedVertexCloud@physx@@QAE_NPAUREDUCEDCLOUD@2@@Z 10008950 f   CookingUtils.obj
 0001:00007c70       ??$?_UM@@YAPAXIV?$ReflectionAllocator@M@shdfnd@physx@@PBDH@Z 10008c70 f i CookingUtils.obj
 0001:00007c90       ??0?$ReflectionAllocator@M@shdfnd@physx@@QAE@PBD@Z 10008c90 f i CookingUtils.obj
 0001:00007ca0       ?allocate@?$ReflectionAllocator@M@shdfnd@physx@@QAEPAXIPBDH@Z 10008ca0 f i CookingUtils.obj
 0001:00007cf0       ?getName@?$ReflectionAllocator@M@shdfnd@physx@@CAPBDXZ 10008cf0 f i CookingUtils.obj
 0001:00007d30       ??0EdgeList@Gu@physx@@QAE@XZ 10008d30 f   EdgeList.obj
 0001:00007d70       ??1EdgeList@Gu@physx@@QAE@XZ 10008d70 f   EdgeList.obj
 0001:00007e10       ?load@EdgeList@Gu@physx@@QAE_NAAVPxInputStream@3@@Z 10008e10 f   EdgeList.obj
 0001:00007fd0       ??0EdgeListBuilder@Gu@physx@@QAE@XZ 10008fd0 f   EdgeList.obj
 0001:00007ff0       ??1EdgeListBuilder@Gu@physx@@QAE@XZ 10008ff0 f   EdgeList.obj
 0001:00008010       ?init@EdgeListBuilder@Gu@physx@@QAE_NABUEDGELISTCREATE@23@@Z 10009010 f   EdgeList.obj
 0001:00008190       ?createFacesToEdges@EdgeListBuilder@Gu@physx@@AAE_NIPBIPBG@Z 10009190 f   EdgeList.obj
 0001:00008670       ?createEdgesToFaces@EdgeListBuilder@Gu@physx@@AAE_NIPBIPBG@Z 10009670 f   EdgeList.obj
 0001:00008a70       ?computeActiveEdges@EdgeListBuilder@Gu@physx@@AAE_NIPBIPBGPBVPxVec3@3@M@Z 10009a70 f   EdgeList.obj
 0001:00009d00       ??$?_UUEdgeData@Gu@physx@@@@YAPAXIV?$ReflectionAllocator@UEdgeData@Gu@physx@@@shdfnd@physx@@PBDH@Z 1000ad00 f i EdgeList.obj
 0001:00009d20       ??$?_UUEdgeTriangleData@Gu@physx@@@@YAPAXIV?$ReflectionAllocator@UEdgeTriangleData@Gu@physx@@@shdfnd@physx@@PBDH@Z 1000ad20 f i EdgeList.obj
 0001:00009d40       ??0?$ReflectionAllocator@UEdgeData@Gu@physx@@@shdfnd@physx@@QAE@PBD@Z 1000ad40 f i EdgeList.obj
 0001:00009d50       ??0?$ReflectionAllocator@UEdgeTriangleData@Gu@physx@@@shdfnd@physx@@QAE@PBD@Z 1000ad50 f i EdgeList.obj
 0001:00009d60       ??0PxPlane@physx@@QAE@ABVPxVec3@1@00@Z 1000ad60 f i EdgeList.obj
 0001:00009de0       ??0PxTriangle@physx@@QAE@ABVPxVec3@1@00@Z 1000ade0 f i EdgeList.obj
 0001:00009e40       ??1PxTriangle@physx@@QAE@XZ 1000ae40 f i EdgeList.obj
 0001:00009e50       ??DPxVec3@physx@@QBE?AV01@M@Z 1000ae50 f i EdgeList.obj
 0001:00009ea0       ??GPxVec3@physx@@QBE?AV01@ABV01@@Z 1000aea0 f i EdgeList.obj
 0001:00009f00       ??_0PxVec3@physx@@QAEAAV01@M@Z 1000af00 f i EdgeList.obj
 0001:00009f60       ?PxAtan2@physx@@YAMMM@Z    1000af60 f i EdgeList.obj
 0001:00009f90       ?PxRecipSqrt@physx@@YAMM@Z 1000af90 f i EdgeList.obj
 0001:00009fb0       ?PxSqrt@physx@@YAMM@Z      1000afb0 f i EdgeList.obj
 0001:00009fd0       ?allocate@?$ReflectionAllocator@UEdgeData@Gu@physx@@@shdfnd@physx@@QAEPAXIPBDH@Z 1000afd0 f i EdgeList.obj
 0001:0000a020       ?allocate@?$ReflectionAllocator@UEdgeTriangleData@Gu@physx@@@shdfnd@physx@@QAEPAXIPBDH@Z 1000b020 f i EdgeList.obj
 0001:0000a070       ?angle@shdfnd@physx@@YAMABVPxVec3@2@0@Z 1000b070 f i EdgeList.obj
 0001:0000a0d0       ?cross@PxVec3@physx@@QBE?AV12@ABV12@@Z 1000b0d0 f i EdgeList.obj
 0001:0000a170       ?distance@PxPlane@physx@@QBEMABVPxVec3@2@@Z 1000b170 f i EdgeList.obj
 0001:0000a1b0       ?dot@PxVec3@physx@@QBEMABV12@@Z 1000b1b0 f i EdgeList.obj
 0001:0000a200       ?getEdgeToTriangles@EdgeList@Gu@physx@@QBEPBUEdgeDescData@23@XZ 1000b200 f i EdgeList.obj
 0001:0000a220       ?getEdges@EdgeList@Gu@physx@@QBEPBUEdgeData@23@XZ 1000b220 f i EdgeList.obj
 0001:0000a240       ?getFacesByEdges@EdgeList@Gu@physx@@QBEPBIXZ 1000b240 f i EdgeList.obj
 0001:0000a260       ?getName@?$ReflectionAllocator@UEdgeData@Gu@physx@@@shdfnd@physx@@CAPBDXZ 1000b260 f i EdgeList.obj
 0001:0000a2a0       ?getName@?$ReflectionAllocator@UEdgeTriangleData@Gu@physx@@@shdfnd@physx@@CAPBDXZ 1000b2a0 f i EdgeList.obj
 0001:0000a2e0       ?getNbEdges@EdgeList@Gu@physx@@QBEIXZ 1000b2e0 f i EdgeList.obj
 0001:0000a2f0       ?getNormalized@PxVec3@physx@@QBE?AV12@XZ 1000b2f0 f i EdgeList.obj
 0001:0000a380       ?magnitude@PxVec3@physx@@QBEMXZ 1000b380 f i EdgeList.obj
 0001:0000a3a0       ?magnitudeSquared@PxVec3@physx@@QBEMXZ 1000b3a0 f i EdgeList.obj
 0001:0000a3f0       ?normal@PxTriangle@physx@@QBEXAAVPxVec3@2@@Z 1000b3f0 f i EdgeList.obj
 0001:0000a460       ?normalize@PxVec3@physx@@QAEMXZ 1000b460 f i EdgeList.obj
 0001:0000a4a0       ?recipSqrt@intrinsics@physx@@YAMM@Z 1000b4a0 f i EdgeList.obj
 0001:0000a4e0       ?sqrt@intrinsics@physx@@YAMM@Z 1000b4e0 f i EdgeList.obj
 0001:0000a500       _atan2f                    1000b500 f i EdgeList.obj
 0001:0000a530       _fabsf                     1000b530 f i EdgeList.obj
 0001:0000a560       _sqrtf                     1000b560 f i EdgeList.obj
 0001:0000a590       ??0MeshCleaner@physx@@QAE@IPBVPxVec3@1@IPBIM@Z 1000b590 f   MeshCleaner.obj
 0001:0000adc0       ??1MeshCleaner@physx@@QAE@XZ 1000bdc0 f   MeshCleaner.obj
 0001:0000aff0       ??9Indices@@QBE_NABU0@@Z   1000bff0 f i MeshCleaner.obj
 0001:0000b070       ??9PxVec3@physx@@QBE_NABV01@@Z 1000c070 f i MeshCleaner.obj
 0001:0000b0d0       ?PxFloor@physx@@YAMM@Z     1000c0d0 f i MeshCleaner.obj
 0001:0000b0f0       ?nextPowerOfTwo@shdfnd@physx@@YAII@Z 1000c0f0 f i MeshCleaner.obj
 0001:0000b140       _floorf                    1000c140 f i MeshCleaner.obj
 0001:0000b170       ?createQuantizer@physx@@YAPAVQuantizer@1@XZ 1000c170 f   Quantizer.obj
 0001:0000b1d0       ?kmeans_cluster3d@@YAIPBVPxVec3@physx@@IIPAV12@PAIMM@Z 1000c1d0 f   Quantizer.obj
 0001:0000b210       ??$?2V?$ReflectionAllocator@VQuantizerImpl@@@shdfnd@physx@@@UserAllocated@shdfnd@physx@@SAPAXIV?$ReflectionAllocator@VQuantizerImpl@@@12@PBDH@Z 1000c210 f i Quantizer.obj
 0001:0000b230       ??$PX_UNUSED@W4PxZERO@physx@@@@YAXABW4PxZERO@physx@@@Z 1000c230 f i Quantizer.obj
 0001:0000b240       ??$PxMax@M@physx@@YAMMM@Z  1000c240 f i Quantizer.obj
 0001:0000b270       ??$PxMin@M@physx@@YAMMM@Z  1000c270 f i Quantizer.obj
 0001:0000b2a0       ??$kmeans_cluster@VPxVec3@physx@@M@@YAIPBVPxVec3@physx@@IIPAV01@PAIMM@Z 1000c2a0 f i Quantizer.obj
 0001:0000b760       ??0?$Array@VPxVec3@physx@@VNamedAllocator@shdfnd@2@@shdfnd@physx@@QAE@ABVNamedAllocator@12@@Z 1000c760 f i Quantizer.obj
 0001:0000b7a0       ??0?$ReflectionAllocator@VQuantizerImpl@@@shdfnd@physx@@QAE@PBD@Z 1000c7a0 f i Quantizer.obj
 0001:0000b7b0       ??0PxBounds3@physx@@QAE@XZ 1000c7b0 f i Quantizer.obj
 0001:0000b7e0       ??0PxVec3@physx@@QAE@W4PxZERO@1@@Z 1000c7e0 f i Quantizer.obj
 0001:0000b820       ??0Quantizer@physx@@QAE@XZ 1000c820 f i Quantizer.obj
 0001:0000b840       ??0QuantizerImpl@@QAE@XZ   1000c840 f i Quantizer.obj
 0001:0000b920       ??1?$Array@VPxVec3@physx@@VNamedAllocator@shdfnd@2@@shdfnd@physx@@QAE@XZ 1000c920 f i Quantizer.obj
 0001:0000b980       ??1Quantizer@physx@@MAE@XZ 1000c980 f i Quantizer.obj
 0001:0000b9a0       ??1QuantizerImpl@@EAE@XZ   1000c9a0 f i Quantizer.obj
 0001:0000b9e0       ??A?$Array@VPxVec3@physx@@VNamedAllocator@shdfnd@2@@shdfnd@physx@@QAEAAVPxVec3@2@I@Z 1000c9e0 f i Quantizer.obj
 0001:0000ba40       ??APxVec3@physx@@QAEAAMI@Z 1000ca40 f i Quantizer.obj
 0001:0000ba80       ??HPxVec3@physx@@QBE?AV01@ABV01@@Z 1000ca80 f i Quantizer.obj
 0001:0000bae0       ??XPxVec3@physx@@QAEAAV01@M@Z 1000cae0 f i Quantizer.obj
 0001:0000bb30       ??YPxVec3@physx@@QAEAAV01@ABV01@@Z 1000cb30 f i Quantizer.obj
 0001:0000bb90       ??_EQuantizer@physx@@MAEPAXI@Z 1000cb90 f i Quantizer.obj
 0001:0000bb90       ??_GQuantizer@physx@@MAEPAXI@Z 1000cb90 f i Quantizer.obj
 0001:0000bbc0       ??_EQuantizerImpl@@EAEPAXI@Z 1000cbc0 f i Quantizer.obj
 0001:0000bbc0       ??_GQuantizerImpl@@EAEPAXI@Z 1000cbc0 f i Quantizer.obj
 0001:0000bc10       ?PxAbs@physx@@YAMM@Z       1000cc10 f i Quantizer.obj
 0001:0000bc30       ?PxIsFinite@physx@@YA_NM@Z 1000cc30 f i Quantizer.obj
 0001:0000bc50       ?abs@intrinsics@physx@@YAMM@Z 1000cc50 f i Quantizer.obj
 0001:0000bc70       ?allocate@?$Array@VPxVec3@physx@@VNamedAllocator@shdfnd@2@@shdfnd@physx@@IAEPAVPxVec3@3@I@Z 1000cc70 f i Quantizer.obj
 0001:0000bce0       ?allocate@?$ReflectionAllocator@VQuantizerImpl@@@shdfnd@physx@@QAEPAXIPBDH@Z 1000cce0 f i Quantizer.obj
 0001:0000bd30       ?capacity@?$Array@VPxVec3@physx@@VNamedAllocator@shdfnd@2@@shdfnd@physx@@QBEIXZ 1000cd30 f i Quantizer.obj
 0001:0000bd50       ?capacityIncrement@?$Array@VPxVec3@physx@@VNamedAllocator@shdfnd@2@@shdfnd@physx@@IBEIXZ 1000cd50 f i Quantizer.obj
 0001:0000bd90       ?clear@?$Array@VPxVec3@physx@@VNamedAllocator@shdfnd@2@@shdfnd@physx@@QAEXXZ 1000cd90 f i Quantizer.obj
 0001:0000bdc0       ?copy@?$Array@VPxVec3@physx@@VNamedAllocator@shdfnd@2@@shdfnd@physx@@KAXPAVPxVec3@3@0PBV43@@Z 1000cdc0 f i Quantizer.obj
 0001:0000be10       ?deallocate@?$Array@VPxVec3@physx@@VNamedAllocator@shdfnd@2@@shdfnd@physx@@IAEXPAX@Z 1000ce10 f i Quantizer.obj
 0001:0000be30       ?destroy@?$Array@VPxVec3@physx@@VNamedAllocator@shdfnd@2@@shdfnd@physx@@KAXPAVPxVec3@3@0@Z 1000ce30 f i Quantizer.obj
 0001:0000be50       ?getCenter@PxBounds3@physx@@QBE?AVPxVec3@2@XZ 1000ce50 f i Quantizer.obj
 0001:0000bec0       ?getDenormalizeCenter@QuantizerImpl@@UBEABVPxVec3@physx@@XZ 1000cec0 f i Quantizer.obj
 0001:0000bee0       ?getDenormalizeScale@QuantizerImpl@@UBEABVPxVec3@physx@@XZ 1000cee0 f i Quantizer.obj
 0001:0000bf00       ?getDimensions@PxBounds3@physx@@QBE?AVPxVec3@2@XZ 1000cf00 f i Quantizer.obj
 0001:0000bf50       ?getName@?$ReflectionAllocator@VQuantizerImpl@@@shdfnd@physx@@CAPBDXZ 1000cf50 f i Quantizer.obj
 0001:0000bf90       ?growAndPushBack@?$Array@VPxVec3@physx@@VNamedAllocator@shdfnd@2@@shdfnd@physx@@IAEAAVPxVec3@3@ABV43@@Z 1000cf90 f i Quantizer.obj
 0001:0000c0b0       ?include@PxBounds3@physx@@QAEXABVPxVec3@2@@Z 1000d0b0 f i Quantizer.obj
 0001:0000c120       ?isFinite@PxBounds3@physx@@QBE_NXZ 1000d120 f i Quantizer.obj
 0001:0000c170       ?isFinite@PxVec3@physx@@QBE_NXZ 1000d170 f i Quantizer.obj
 0001:0000c1f0       ?isFinite@intrinsics@physx@@YA_NM@Z 1000d1f0 f i Quantizer.obj
 0001:0000c230       ?isInUserMemory@?$Array@VPxVec3@physx@@VNamedAllocator@shdfnd@2@@shdfnd@physx@@QBEIXZ 1000d230 f i Quantizer.obj
 0001:0000c250       ?isValid@PxBounds3@physx@@QBE_NXZ 1000d250 f i Quantizer.obj
 0001:0000c340       ?kmeansQuantize3D@QuantizerImpl@@UAEPBVPxVec3@physx@@IPBV23@I_NIAAI@Z 1000d340 f i Quantizer.obj
 0001:0000c530       ?maximum@PxVec3@physx@@QBE?AV12@ABV12@@Z 1000d530 f i Quantizer.obj
 0001:0000c5c0       ?minimum@PxVec3@physx@@QBE?AV12@ABV12@@Z 1000d5c0 f i Quantizer.obj
 0001:0000c650       ?multiply@PxVec3@physx@@QBE?AV12@ABV12@@Z 1000d650 f i Quantizer.obj
 0001:0000c6b0       ?normalizeInput@QuantizerImpl@@AAEXIPBVPxVec3@physx@@I@Z 1000d6b0 f i Quantizer.obj
 0001:0000c8a0       ?pushBack@?$Array@VPxVec3@physx@@VNamedAllocator@shdfnd@2@@shdfnd@physx@@QAEAAVPxVec3@3@ABV43@@Z 1000d8a0 f i Quantizer.obj
 0001:0000c920       ?release@QuantizerImpl@@UAEXXZ 1000d920 f i Quantizer.obj
 0001:0000c960       ?selectMax@intrinsics@physx@@YAMMM@Z 1000d960 f i Quantizer.obj
 0001:0000c990       ?selectMin@intrinsics@physx@@YAMMM@Z 1000d990 f i Quantizer.obj
 0001:0000c9c0       ?setEmpty@PxBounds3@physx@@QAEXXZ 1000d9c0 f i Quantizer.obj
 0001:0000ca10       ??0BVHStructureBuilder@physx@@QAE@XZ 1000da10 f   BVHStructureBuilder.obj
 0001:0000ca50       ??1BVHStructureBuilder@physx@@QAE@XZ 1000da50 f   BVHStructureBuilder.obj
 0001:0000cad0       ?loadFromDesc@BVHStructureBuilder@physx@@QAE_NABVPxBVHStructureDesc@2@@Z 1000dad0 f   BVHStructureBuilder.obj
 0001:0000cd00       ?save@BVHStructureBuilder@physx@@QBE_NAAVPxOutputStream@2@_N@Z 1000dd00 f   BVHStructureBuilder.obj
 0001:0000ce90       ?moveData@BVHStructureBuilder@physx@@QAEXAAUBVHStructureData@Gu@2@@Z 1000de90 f   BVHStructureBuilder.obj
 0001:0000cf10       ?flatten@@YAXABVNodeAllocator@Gu@physx@@PAUBVHNode@23@@Z 1000df10 f   BVHStructureBuilder.obj
 0001:0000d160       ??$?4VNamedAllocator@shdfnd@physx@@@?$Array@USlab@NodeAllocator@Gu@physx@@VNamedAllocator@shdfnd@4@@shdfnd@physx@@QAEAAV012@ABV012@@Z 1000e160 f i BVHStructureBuilder.obj
 0001:0000d1d0       ??$PX_UNUSED@_N@@YAXAB_N@Z 1000e1d0 f i BVHStructureBuilder.obj
 0001:0000d1e0       ??$copy@VNamedAllocator@shdfnd@physx@@@?$Array@USlab@NodeAllocator@Gu@physx@@VNamedAllocator@shdfnd@4@@shdfnd@physx@@IAEXABV012@@Z 1000e1e0 f i BVHStructureBuilder.obj
 0001:0000d270       ??0?$Array@USlab@NodeAllocator@Gu@physx@@VNamedAllocator@shdfnd@4@@shdfnd@physx@@QAE@ABV012@ABVNamedAllocator@12@@Z 1000e270 f i BVHStructureBuilder.obj
 0001:0000d2a0       ??0AABBTreeBuildNode@Gu@physx@@QAE@ABV012@@Z 1000e2a0 f i BVHStructureBuilder.obj
 0001:0000d2e0       ??0AABBTreeBuildNode@Gu@physx@@QAE@XZ 1000e2e0 f i BVHStructureBuilder.obj
 0001:0000d300       ??0AABBTreeBuildParams@Gu@physx@@QAE@IIPBVPxBounds3@2@@Z 1000e300 f i BVHStructureBuilder.obj
 0001:0000d340       ??0BuildStats@Gu@physx@@QAE@XZ 1000e340 f i BVHStructureBuilder.obj
 0001:0000d370       ??0NodeAllocator@Gu@physx@@QAE@ABV012@@Z 1000e370 f i BVHStructureBuilder.obj
 0001:0000d3d0       ??0PxBounds3@physx@@QAE@ABV01@@Z 1000e3d0 f i BVHStructureBuilder.obj
 0001:0000d400       ??0PxVec4@physx@@QAE@XZ    1000e400 f i BVHStructureBuilder.obj
 0001:0000d410       ??1AABBTreeBuildNode@Gu@physx@@QAE@XZ 1000e410 f i BVHStructureBuilder.obj
 0001:0000d420       ??1AABBTreeBuildParams@Gu@physx@@QAE@XZ 1000e420 f i BVHStructureBuilder.obj
 0001:0000d440       ??4?$Array@USlab@NodeAllocator@Gu@physx@@VNamedAllocator@shdfnd@4@@shdfnd@physx@@QAEAAV012@ABV012@@Z 1000e440 f i BVHStructureBuilder.obj
 0001:0000d460       ??4AABBTreeBuildNode@Gu@physx@@QAEAAV012@ABV012@@Z 1000e460 f i BVHStructureBuilder.obj
 0001:0000d4a0       ??4AABBTreeBuildParams@Gu@physx@@QAEAAV012@ABV012@@Z 1000e4a0 f i BVHStructureBuilder.obj
 0001:0000d4d0       ??4BuildStats@Gu@physx@@QAEAAU012@$$QAU012@@Z 1000e4d0 f i BVHStructureBuilder.obj
 0001:0000d500       ??4BuildStats@Gu@physx@@QAEAAU012@ABU012@@Z 1000e500 f i BVHStructureBuilder.obj
 0001:0000d520       ??4NodeAllocator@Gu@physx@@QAEAAV012@ABV012@@Z 1000e520 f i BVHStructureBuilder.obj
 0001:0000d570       ??4PxBounds3@physx@@QAEAAV01@ABV01@@Z 1000e570 f i BVHStructureBuilder.obj
 0001:0000d5a0       ??A?$Array@USlab@NodeAllocator@Gu@physx@@VNamedAllocator@shdfnd@4@@shdfnd@physx@@QBEABUSlab@NodeAllocator@Gu@2@I@Z 1000e5a0 f i BVHStructureBuilder.obj
 0001:0000d600       ??_FAABBTreeBuildParams@Gu@physx@@QAEXXZ 1000e600 f i BVHStructureBuilder.obj
 0001:0000d620       ?V4Add@aos@shdfnd@physx@@YA?AT__m128@@T4@0@Z 1000e620 f i BVHStructureBuilder.obj
 0001:0000d660       ?V4LoadU@aos@shdfnd@physx@@YA?AT__m128@@QBM@Z 1000e660 f i BVHStructureBuilder.obj
 0001:0000d690       ?V4Scale@aos@shdfnd@physx@@YA?AT__m128@@T4@0@Z 1000e690 f i BVHStructureBuilder.obj
 0001:0000d6d0       ?V4StoreA@aos@shdfnd@physx@@YAXT__m128@@PAM@Z 1000e6d0 f i BVHStructureBuilder.obj
 0001:0000d750       ?V4StoreU@aos@shdfnd@physx@@YAXT__m128@@PAM@Z 1000e750 f i BVHStructureBuilder.obj
 0001:0000d780       ?V4Sub@aos@shdfnd@physx@@YA?AT__m128@@T4@0@Z 1000e780 f i BVHStructureBuilder.obj
 0001:0000d7c0       ?__global_array_delete@@YAXPAX@Z 1000e7c0 f i BVHStructureBuilder.obj
 0001:0000d7e0       ?__global_array_delete@@YAXPAXI@Z 1000e7e0 f i BVHStructureBuilder.obj
 0001:0000d800       ?__global_delete@@YAXPAX@Z 1000e800 f i BVHStructureBuilder.obj
 0001:0000d820       ?__global_delete@@YAXPAXI@Z 1000e820 f i BVHStructureBuilder.obj
 0001:0000d840       ?allocate@?$Array@USlab@NodeAllocator@Gu@physx@@VNamedAllocator@shdfnd@4@@shdfnd@physx@@IAEPAUSlab@NodeAllocator@Gu@3@I@Z 1000e840 f i BVHStructureBuilder.obj
 0001:0000d8b0       ?begin@?$Array@USlab@NodeAllocator@Gu@physx@@VNamedAllocator@shdfnd@4@@shdfnd@physx@@QBEPBUSlab@NodeAllocator@Gu@3@XZ 1000e8b0 f i BVHStructureBuilder.obj
 0001:0000d8c0       ?capacity@?$Array@USlab@NodeAllocator@Gu@physx@@VNamedAllocator@shdfnd@4@@shdfnd@physx@@QBEIXZ 1000e8c0 f i BVHStructureBuilder.obj
 0001:0000d8e0       ?clear@?$Array@USlab@NodeAllocator@Gu@physx@@VNamedAllocator@shdfnd@4@@shdfnd@physx@@QAEXXZ 1000e8e0 f i BVHStructureBuilder.obj
 0001:0000d910       ?copy@?$Array@USlab@NodeAllocator@Gu@physx@@VNamedAllocator@shdfnd@4@@shdfnd@physx@@KAXPAUSlab@NodeAllocator@Gu@3@0PBU4563@@Z 1000e910 f i BVHStructureBuilder.obj
 0001:0000d970       ?deallocate@?$Array@USlab@NodeAllocator@Gu@physx@@VNamedAllocator@shdfnd@4@@shdfnd@physx@@IAEXPAX@Z 1000e970 f i BVHStructureBuilder.obj
 0001:0000d990       ?destroy@?$Array@USlab@NodeAllocator@Gu@physx@@VNamedAllocator@shdfnd@4@@shdfnd@physx@@KAXPAUSlab@NodeAllocator@Gu@3@0@Z 1000e990 f i BVHStructureBuilder.obj
 0001:0000d9b0       ?empty@?$Array@USlab@NodeAllocator@Gu@physx@@VNamedAllocator@shdfnd@4@@shdfnd@physx@@QBE_NXZ 1000e9b0 f i BVHStructureBuilder.obj
 0001:0000d9e0       ?getAABB@AABBTreeBuildNode@Gu@physx@@QBEABVPxBounds3@3@XZ 1000e9e0 f i BVHStructureBuilder.obj
 0001:0000d9f0       ?getCount@BuildStats@Gu@physx@@QBEIXZ 1000e9f0 f i BVHStructureBuilder.obj
 0001:0000da00       ?getNbPrimitives@AABBTreeBuildNode@Gu@physx@@QBEIXZ 1000ea00 f i BVHStructureBuilder.obj
 0001:0000da20       ?getNbRuntimePrimitives@AABBTreeBuildNode@Gu@physx@@QBEIXZ 1000ea20 f i BVHStructureBuilder.obj
 0001:0000da40       ?getNeg@AABBTreeBuildNode@Gu@physx@@QBEPBV123@XZ 1000ea40 f i BVHStructureBuilder.obj
 0001:0000da80       ?getPos@AABBTreeBuildNode@Gu@physx@@QBEPBV123@XZ 1000ea80 f i BVHStructureBuilder.obj
 0001:0000daa0       ?getPrimitives@AABBTreeBuildNode@Gu@physx@@QAEPAIPAI@Z 1000eaa0 f i BVHStructureBuilder.obj
 0001:0000dac0       ?getPrimitives@AABBTreeBuildNode@Gu@physx@@QBEPBIPBI@Z 1000eac0 f i BVHStructureBuilder.obj
 0001:0000dae0       ?grow@?$Array@USlab@NodeAllocator@Gu@physx@@VNamedAllocator@shdfnd@4@@shdfnd@physx@@IAEXI@Z 1000eae0 f i BVHStructureBuilder.obj
 0001:0000db40       ?increaseCount@BuildStats@Gu@physx@@QAEXI@Z 1000eb40 f i BVHStructureBuilder.obj
 0001:0000db60       ?inflateBounds@@YAXAAVPxBounds3@physx@@ABV12@@Z 1000eb60 f i BVHStructureBuilder.obj
 0001:0000dc90       ?isAligned16@aos@shdfnd@physx@@YA_NPAX@Z 1000ec90 f i BVHStructureBuilder.obj
 0001:0000dcc0       ?isInUserMemory@?$Array@USlab@NodeAllocator@Gu@physx@@VNamedAllocator@shdfnd@4@@shdfnd@physx@@QBEIXZ 1000ecc0 f i BVHStructureBuilder.obj
 0001:0000dce0       ?isLeaf@AABBTreeBuildNode@Gu@physx@@QBE_NXZ 1000ece0 f i BVHStructureBuilder.obj
 0001:0000dd10       ?recreate@?$Array@USlab@NodeAllocator@Gu@physx@@VNamedAllocator@shdfnd@4@@shdfnd@physx@@IAEXI@Z 1000ed10 f i BVHStructureBuilder.obj
 0001:0000dde0       ?reserve@?$Array@USlab@NodeAllocator@Gu@physx@@VNamedAllocator@shdfnd@4@@shdfnd@physx@@QAEXI@Z 1000ede0 f i BVHStructureBuilder.obj
 0001:0000de10       ?reset@AABBTreeBuildParams@Gu@physx@@QAEXXZ 1000ee10 f i BVHStructureBuilder.obj
 0001:0000de60       ?reset@BuildStats@Gu@physx@@QAEXXZ 1000ee60 f i BVHStructureBuilder.obj
 0001:0000de80       ?setCount@BuildStats@Gu@physx@@QAEXI@Z 1000ee80 f i BVHStructureBuilder.obj
 0001:0000dea0       ?setNbRunTimePrimitives@AABBTreeBuildNode@Gu@physx@@QAEXI@Z 1000eea0 f i BVHStructureBuilder.obj
 0001:0000dec0       ?size@?$Array@USlab@NodeAllocator@Gu@physx@@VNamedAllocator@shdfnd@4@@shdfnd@physx@@QBEIXZ 1000eec0 f i BVHStructureBuilder.obj
 0001:0000dee0       ?saveHeightField@physx@@YA_NABVHeightField@Gu@1@AAVPxOutputStream@1@_N@Z 1000eee0 f   HeightFieldCooking.obj
 0001:0000e1c0       ??APxVec3@physx@@QBEABMI@Z 1000f1c0 f i HeightFieldCooking.obj
 0001:0000e200       ??B?$PxFlags@W4Enum@PxHeightFieldFlag@physx@@G@physx@@QBEGXZ 1000f200 f i HeightFieldCooking.obj
 0001:0000e220       ?getData@HeightField@Gu@physx@@QBEABUHeightFieldData@23@XZ 1000f220 f i HeightFieldCooking.obj
 0001:0000e240       ?getMax@CenterExtents@Gu@physx@@QBEMI@Z 1000f240 f i HeightFieldCooking.obj
 0001:0000e280       ?getMin@CenterExtents@Gu@physx@@QBEMI@Z 1000f280 f i HeightFieldCooking.obj
 0001:0000e2c0       ?buildFromTriangles@RTreeCooker@physx@@SAXAAURTree@Gu@2@PBVPxVec3@2@IPBGPBIIAAV?$Array@IVNamedAllocator@shdfnd@physx@@@shdfnd@2@PAURemapCallback@12@MW4Enum@PxMeshCookingHint@2@@Z 1000f2c0 f   RTreeCooking.obj
 0001:0000f240       ??$PX_UNUSED@I@@YAXABI@Z   10010240 f i RTreeCooking.obj
 0001:0000f250       ??$PX_UNUSED@M@@YAXABM@Z   10010250 f i RTreeCooking.obj
 0001:0000f260       ??$PX_UNUSED@PAURTreeNodeNQ@physx@@@@YAXABQAURTreeNodeNQ@physx@@@Z 10010260 f i RTreeCooking.obj
 0001:0000f270       ??$PX_UNUSED@URTreeNodeNQ@physx@@@@YAXABURTreeNodeNQ@physx@@@Z 10010270 f i RTreeCooking.obj
 0001:0000f280       ??$PxMax@H@physx@@YAHHH@Z  10010280 f i RTreeCooking.obj
 0001:0000f2b0       ??$PxMin@I@physx@@YAIII@Z  100102b0 f i RTreeCooking.obj
 0001:0000f2e0       ??$median3@I$$CBU?$Less@I@shdfnd@physx@@@internal@shdfnd@physx@@YAXPAIHHABU?$Less@I@12@@Z 100102e0 f i RTreeCooking.obj
 0001:0000f3d0       ??$median3@I$$CBUSortBoundsPredicate@physx@@@internal@shdfnd@physx@@YAXPAIHHABUSortBoundsPredicate@2@@Z 100103d0 f i RTreeCooking.obj
 0001:0000f4c0       ??$partition@I$$CBU?$Less@I@shdfnd@physx@@@internal@shdfnd@physx@@YAHPAIHHABU?$Less@I@12@@Z 100104c0 f i RTreeCooking.obj
 0001:0000f620       ??$partition@I$$CBUSortBoundsPredicate@physx@@@internal@shdfnd@physx@@YAHPAIHHABUSortBoundsPredicate@2@@Z 10010620 f i RTreeCooking.obj
 0001:0000f780       ??$partition@UBoundsLTE@physx@@@quickSelect@physx@@YAIPIAIIIIABUBoundsLTE@1@@Z 10010780 f i RTreeCooking.obj
 0001:0000f990       ??$quickSelectFirstK@UBoundsLTE@physx@@@quickSelect@physx@@YAXPIAIIIIABUBoundsLTE@1@@Z 10010990 f i RTreeCooking.obj
 0001:0000fa80       ??$smallSort@I$$CBU?$Less@I@shdfnd@physx@@@internal@shdfnd@physx@@YAXPAIHHABU?$Less@I@12@@Z 10010a80 f i RTreeCooking.obj
 0001:0000fb20       ??$smallSort@I$$CBUSortBoundsPredicate@physx@@@internal@shdfnd@physx@@YAXPAIHHABUSortBoundsPredicate@2@@Z 10010b20 f i RTreeCooking.obj
 0001:0000fbc0       ??$sort@I@shdfnd@physx@@YAXPAII@Z 10010bc0 f i RTreeCooking.obj
 0001:0000fc00       ??$sort@IU?$Less@I@shdfnd@physx@@VNamedAllocator@23@@shdfnd@physx@@YAXPAIIABU?$Less@I@01@ABVNamedAllocator@01@I@Z 10010c00 f i RTreeCooking.obj
 0001:0000fe30       ??$sort@IUSortBoundsPredicate@physx@@@shdfnd@physx@@YAXPAIIABUSortBoundsPredicate@1@@Z 10010e30 f i RTreeCooking.obj
 0001:0000fe70       ??$sort@IUSortBoundsPredicate@physx@@VNamedAllocator@shdfnd@2@@shdfnd@physx@@YAXPAIIABUSortBoundsPredicate@1@ABVNamedAllocator@01@I@Z 10010e70 f i RTreeCooking.obj
 0001:000100a0       ??0?$AlignedAllocator@$0IA@VNonTrackingAllocator@shdfnd@physx@@@shdfnd@physx@@QAE@ABVNonTrackingAllocator@12@@Z 100110a0 f i RTreeCooking.obj
 0001:000100b0       ??0?$Array@IVNamedAllocator@shdfnd@physx@@@shdfnd@physx@@QAE@IABIABVNamedAllocator@12@@Z 100110b0 f i RTreeCooking.obj
 0001:00010100       ??0?$Array@UInterval@physx@@V?$InlineAllocator@$0CAAA@VNamedAllocator@shdfnd@physx@@@shdfnd@2@@shdfnd@physx@@QAE@ABV?$InlineAllocator@$0CAAA@VNamedAllocator@shdfnd@physx@@@12@@Z 10011100 f i RTreeCooking.obj
 0001:00010150       ??0?$Array@UPxBounds3V@physx@@VNamedAllocator@shdfnd@2@@shdfnd@physx@@QAE@ABVNamedAllocator@12@@Z 10011150 f i RTreeCooking.obj
 0001:00010190       ??0?$Array@URTreeNodeNQ@physx@@VNamedAllocator@shdfnd@2@@shdfnd@physx@@QAE@ABVNamedAllocator@12@@Z 10011190 f i RTreeCooking.obj
 0001:000101d0       ??0?$Array@URTreeNodeQ@Gu@physx@@VNamedAllocator@shdfnd@3@@shdfnd@physx@@QAE@ABVNamedAllocator@12@@Z 100111d0 f i RTreeCooking.obj
 0001:00010210       ??0?$InlineAllocator@$0CAAA@VNamedAllocator@shdfnd@physx@@@shdfnd@physx@@QAE@ABV012@@Z 10011210 f i RTreeCooking.obj
 0001:00010240       ??0?$InlineAllocator@$0CAAA@VNamedAllocator@shdfnd@physx@@@shdfnd@physx@@QAE@ABVNamedAllocator@12@@Z 10011240 f i RTreeCooking.obj
 0001:00010270       ??0?$InlineArray@UInterval@physx@@$0EAA@VNamedAllocator@shdfnd@2@@shdfnd@physx@@QAE@ABVNamedAllocator@12@@Z 10011270 f i RTreeCooking.obj
 0001:000102e0       ??0?$ScopedPointer@HVTempAllocator@shdfnd@physx@@@shdfnd@physx@@QAE@XZ 100112e0 f i RTreeCooking.obj
 0001:00010300       ??0?$Stack@VNamedAllocator@shdfnd@physx@@@internal@shdfnd@physx@@QAE@PAHIABVNamedAllocator@23@@Z 10011300 f i RTreeCooking.obj
 0001:00010340       ??0BoundsLTE@physx@@QAE@IPBVPxVec3@1@@Z 10011340 f i RTreeCooking.obj
 0001:00010370       ??0Interval@physx@@QAE@II@Z 10011370 f i RTreeCooking.obj
 0001:000103a0       ??0PxBounds3@physx@@QAE@ABVPxVec3@1@0@Z 100113a0 f i RTreeCooking.obj
 0001:000103d0       ??0PxBounds3V@physx@@QAE@AAT__m128@@0@Z 100113d0 f i RTreeCooking.obj
 0001:00010400       ??0PxBounds3V@physx@@QAE@UU@01@@Z 10011400 f i RTreeCooking.obj
 0001:00010410       ??0PxVec4@physx@@QAE@ABVPxVec3@1@M@Z 10011410 f i RTreeCooking.obj
 0001:00010450       ??0PxVec4@physx@@QAE@M@Z   10011450 f i RTreeCooking.obj
 0001:000104a0       ??0RTreeNodeNQ@physx@@QAE@ABU01@@Z 100114a0 f i RTreeCooking.obj
 0001:000104e0       ??0RTreeNodeNQ@physx@@QAE@XZ 100114e0 f i RTreeCooking.obj
 0001:00010510       ??0SortBoundsPredicate@physx@@QAE@IPBUPxBounds3V@1@@Z 10011510 f i RTreeCooking.obj
 0001:00010540       ??0SubSortQuick@physx@@QAE@PAIPBUPxBounds3V@1@IM@Z 10011540 f i RTreeCooking.obj
 0001:00010660       ??0SubSortSAH@physx@@QAE@PAIPBUPxBounds3V@1@IPBI22222M@Z 10011660 f i RTreeCooking.obj
 0001:000107e0       ??0TempAllocator@shdfnd@physx@@QAE@PBD@Z 100117e0 f i RTreeCooking.obj
 0001:000107f0       ??1?$Array@IVNamedAllocator@shdfnd@physx@@@shdfnd@physx@@QAE@XZ 100117f0 f i RTreeCooking.obj
 0001:00010850       ??1?$Array@UInterval@physx@@V?$InlineAllocator@$0CAAA@VNamedAllocator@shdfnd@physx@@@shdfnd@2@@shdfnd@physx@@QAE@XZ 10011850 f i RTreeCooking.obj
 0001:000108c0       ??1?$Array@UPxBounds3V@physx@@VNamedAllocator@shdfnd@2@@shdfnd@physx@@QAE@XZ 100118c0 f i RTreeCooking.obj
 0001:00010920       ??1?$Array@URTreeNodeNQ@physx@@VNamedAllocator@shdfnd@2@@shdfnd@physx@@QAE@XZ 10011920 f i RTreeCooking.obj
 0001:00010980       ??1?$Array@URTreeNodeQ@Gu@physx@@VNamedAllocator@shdfnd@3@@shdfnd@physx@@QAE@XZ 10011980 f i RTreeCooking.obj
 0001:000109e0       ??1?$InlineAllocator@$0CAAA@VNamedAllocator@shdfnd@physx@@@shdfnd@physx@@QAE@XZ 100119e0 f i RTreeCooking.obj
 0001:00010a00       ??1?$InlineArray@UInterval@physx@@$0EAA@VNamedAllocator@shdfnd@2@@shdfnd@physx@@QAE@XZ 10011a00 f i RTreeCooking.obj
 0001:00010a20       ??1?$ScopedPointer@HVTempAllocator@shdfnd@physx@@@shdfnd@physx@@QAE@XZ 10011a20 f i RTreeCooking.obj
 0001:00010a50       ??1?$Stack@VNamedAllocator@shdfnd@physx@@@internal@shdfnd@physx@@QAE@XZ 10011a50 f i RTreeCooking.obj
 0001:00010a80       ??1SubSortQuick@physx@@QAE@XZ 10011a80 f i RTreeCooking.obj
 0001:00010aa0       ??1SubSortSAH@physx@@QAE@XZ 10011aa0 f i RTreeCooking.obj
 0001:00010b40       ??4PxVec4@physx@@QAEAAV01@ABV01@@Z 10011b40 f i RTreeCooking.obj
 0001:00010b80       ??A?$Array@IVNamedAllocator@shdfnd@physx@@@shdfnd@physx@@QAEAAII@Z 10011b80 f i RTreeCooking.obj
 0001:00010be0       ??A?$Array@UInterval@physx@@V?$InlineAllocator@$0CAAA@VNamedAllocator@shdfnd@physx@@@shdfnd@2@@shdfnd@physx@@QAEAAUInterval@2@I@Z 10011be0 f i RTreeCooking.obj
 0001:00010c40       ??A?$Array@URTreeNodeNQ@physx@@VNamedAllocator@shdfnd@2@@shdfnd@physx@@QAEAAURTreeNodeNQ@2@I@Z 10011c40 f i RTreeCooking.obj
 0001:00010ca0       ??A?$Array@URTreeNodeQ@Gu@physx@@VNamedAllocator@shdfnd@3@@shdfnd@physx@@QAEAAURTreeNodeQ@Gu@2@I@Z 10011ca0 f i RTreeCooking.obj
 0001:00010d00       ??B?$ScopedPointer@HVTempAllocator@shdfnd@physx@@@shdfnd@physx@@QBEPAHXZ 10011d00 f i RTreeCooking.obj
 0001:00010d10       ??GPxVec4@physx@@QBE?AV01@ABV01@@Z 10011d10 f i RTreeCooking.obj
 0001:00010d80       ??KPxVec4@physx@@QBE?AV01@M@Z 10011d80 f i RTreeCooking.obj
 0001:00010e00       ??R?$Less@I@shdfnd@physx@@QBE_NABI0@Z 10011e00 f i RTreeCooking.obj
 0001:00010e30       ??RBoundsLTE@physx@@QBE_NABI0@Z 10011e30 f i RTreeCooking.obj
 0001:00010ea0       ??RSortBoundsPredicate@physx@@QBE_NABI0@Z 10011ea0 f i RTreeCooking.obj
 0001:00010f90       ?FMax@aos@shdfnd@physx@@YA?AT__m128@@XZ 10011f90 f i RTreeCooking.obj
 0001:00010fd0       ?FNegMax@aos@shdfnd@physx@@YA?AT__m128@@XZ 10011fd0 f i RTreeCooking.obj
 0001:00011010       ?FStore@aos@shdfnd@physx@@YAXT__m128@@PIAM@Z 10012010 f i RTreeCooking.obj
 0001:00011090       ?PxAbs@physx@@YAHH@Z       10012090 f i RTreeCooking.obj
 0001:000110b0       ?V3Add@aos@shdfnd@physx@@YA?AT__m128@@T4@0@Z 100120b0 f i RTreeCooking.obj
 0001:00011170       ?V3Dot@aos@shdfnd@physx@@YA?AT__m128@@T4@0@Z 10012170 f i RTreeCooking.obj
 0001:000112a0       ?V3LoadU@aos@shdfnd@physx@@YA?AT__m128@@ABVPxVec3@3@@Z 100122a0 f i RTreeCooking.obj
 0001:000112f0       ?V3Max@aos@shdfnd@physx@@YA?AT__m128@@T4@0@Z 100122f0 f i RTreeCooking.obj
 0001:000113b0       ?V3Min@aos@shdfnd@physx@@YA?AT__m128@@T4@0@Z 100123b0 f i RTreeCooking.obj
 0001:00011470       ?V3PermZXY@aos@shdfnd@physx@@YA?AT__m128@@T4@@Z 10012470 f i RTreeCooking.obj
 0001:000114f0       ?V3ReadXYZ@aos@shdfnd@physx@@YAABVPxVec3@3@ABT__m128@@@Z 100124f0 f i RTreeCooking.obj
 0001:00011500       ?V3Splat@aos@shdfnd@physx@@YA?AT__m128@@T4@@Z 10012500 f i RTreeCooking.obj
 0001:000115b0       ?V3StoreA@aos@shdfnd@physx@@YAXT__m128@@AAVPxVec3@3@@Z 100125b0 f i RTreeCooking.obj
 0001:00011670       ?V3StoreU@aos@shdfnd@physx@@YAXT__m128@@AAVPxVec3@3@@Z 10012670 f i RTreeCooking.obj
 0001:000116f0       ?V3Sub@aos@shdfnd@physx@@YA?AT__m128@@T4@0@Z 100126f0 f i RTreeCooking.obj
 0001:000117b0       ?V3Zero@aos@shdfnd@physx@@YA?AT__m128@@XZ 100127b0 f i RTreeCooking.obj
 0001:000117e0       ?V4ClearW@aos@shdfnd@physx@@YA?AT__m128@@T4@@Z 100127e0 f i RTreeCooking.obj
 0001:00011820       ?V4ReadW@aos@shdfnd@physx@@YAMABT__m128@@@Z 10012820 f i RTreeCooking.obj
 0001:00011830       ?V4ReadX@aos@shdfnd@physx@@YAMABT__m128@@@Z 10012830 f i RTreeCooking.obj
 0001:00011840       ?V4ReadY@aos@shdfnd@physx@@YAMABT__m128@@@Z 10012840 f i RTreeCooking.obj
 0001:00011850       ?V4ReadZ@aos@shdfnd@physx@@YAMABT__m128@@@Z 10012850 f i RTreeCooking.obj
 0001:00011860       ?Vec3V_From_FloatV@aos@shdfnd@physx@@YA?AT__m128@@T4@@Z 10012860 f i RTreeCooking.obj
 0001:000118b0       ?Vec3V_From_Vec4V@aos@shdfnd@physx@@YA?AT__m128@@T4@@Z 100128b0 f i RTreeCooking.obj
 0001:000118f0       ?Vec4V_From_FloatV@aos@shdfnd@physx@@YA?AT__m128@@T4@@Z 100128f0 f i RTreeCooking.obj
 0001:00011920       ?allocate@?$AlignedAllocator@$0IA@VNonTrackingAllocator@shdfnd@physx@@@shdfnd@physx@@QAEPAXIPBDH@Z 10012920 f i RTreeCooking.obj
 0001:00011980       ?allocate@?$Array@IVNamedAllocator@shdfnd@physx@@@shdfnd@physx@@IAEPAII@Z 10012980 f i RTreeCooking.obj
 0001:000119f0       ?allocate@?$Array@UInterval@physx@@V?$InlineAllocator@$0CAAA@VNamedAllocator@shdfnd@physx@@@shdfnd@2@@shdfnd@physx@@IAEPAUInterval@3@I@Z 100129f0 f i RTreeCooking.obj
 0001:00011a60       ?allocate@?$Array@UPxBounds3V@physx@@VNamedAllocator@shdfnd@2@@shdfnd@physx@@IAEPAUPxBounds3V@3@I@Z 10012a60 f i RTreeCooking.obj
 0001:00011ad0       ?allocate@?$Array@URTreeNodeNQ@physx@@VNamedAllocator@shdfnd@2@@shdfnd@physx@@IAEPAURTreeNodeNQ@3@I@Z 10012ad0 f i RTreeCooking.obj
 0001:00011b40       ?allocate@?$Array@URTreeNodeQ@Gu@physx@@VNamedAllocator@shdfnd@3@@shdfnd@physx@@IAEPAURTreeNodeQ@Gu@3@I@Z 10012b40 f i RTreeCooking.obj
 0001:00011bb0       ?allocate@?$InlineAllocator@$0CAAA@VNamedAllocator@shdfnd@physx@@@shdfnd@physx@@QAEPAXIPBDH@Z 10012bb0 f i RTreeCooking.obj
 0001:00011c00       ?allocate@NonTrackingAllocator@shdfnd@physx@@QAEPAXIPBDH@Z 10012c00 f i RTreeCooking.obj
 0001:00011c50       ?begin@?$Array@IVNamedAllocator@shdfnd@physx@@@shdfnd@physx@@QAEPAIXZ 10012c50 f i RTreeCooking.obj
 0001:00011c60       ?begin@?$Array@UPxBounds3V@physx@@VNamedAllocator@shdfnd@2@@shdfnd@physx@@QAEPAUPxBounds3V@3@XZ 10012c60 f i RTreeCooking.obj
 0001:00011c70       ?begin@?$Array@VPxVec3@physx@@VNamedAllocator@shdfnd@2@@shdfnd@physx@@QAEPAVPxVec3@3@XZ 10012c70 f i RTreeCooking.obj
 0001:00011c80       ?capacity@?$Array@IVNamedAllocator@shdfnd@physx@@@shdfnd@physx@@QBEIXZ 10012c80 f i RTreeCooking.obj
 0001:00011ca0       ?capacity@?$Array@UInterval@physx@@V?$InlineAllocator@$0CAAA@VNamedAllocator@shdfnd@physx@@@shdfnd@2@@shdfnd@physx@@QBEIXZ 10012ca0 f i RTreeCooking.obj
 0001:00011cc0       ?capacity@?$Array@UPxBounds3V@physx@@VNamedAllocator@shdfnd@2@@shdfnd@physx@@QBEIXZ 10012cc0 f i RTreeCooking.obj
 0001:00011ce0       ?capacity@?$Array@URTreeNodeNQ@physx@@VNamedAllocator@shdfnd@2@@shdfnd@physx@@QBEIXZ 10012ce0 f i RTreeCooking.obj
 0001:00011d00       ?capacity@?$Array@URTreeNodeQ@Gu@physx@@VNamedAllocator@shdfnd@3@@shdfnd@physx@@QBEIXZ 10012d00 f i RTreeCooking.obj
 0001:00011d20       ?capacityIncrement@?$Array@IVNamedAllocator@shdfnd@physx@@@shdfnd@physx@@IBEIXZ 10012d20 f i RTreeCooking.obj
 0001:00011d60       ?capacityIncrement@?$Array@UInterval@physx@@V?$InlineAllocator@$0CAAA@VNamedAllocator@shdfnd@physx@@@shdfnd@2@@shdfnd@physx@@IBEIXZ 10012d60 f i RTreeCooking.obj
 0001:00011da0       ?capacityIncrement@?$Array@UPxBounds3V@physx@@VNamedAllocator@shdfnd@2@@shdfnd@physx@@IBEIXZ 10012da0 f i RTreeCooking.obj
 0001:00011de0       ?capacityIncrement@?$Array@URTreeNodeNQ@physx@@VNamedAllocator@shdfnd@2@@shdfnd@physx@@IBEIXZ 10012de0 f i RTreeCooking.obj
 0001:00011e20       ?capacityIncrement@?$Array@URTreeNodeQ@Gu@physx@@VNamedAllocator@shdfnd@3@@shdfnd@physx@@IBEIXZ 10012e20 f i RTreeCooking.obj
 0001:00011e60       ?computeSA@SubSortSAH@physx@@QAEMPBIABUInterval@2@@Z 10012e60 f i RTreeCooking.obj
 0001:00011f90       ?copy@?$Array@IVNamedAllocator@shdfnd@physx@@@shdfnd@physx@@KAXPAI0PBI@Z 10012f90 f i RTreeCooking.obj
 0001:00011fe0       ?copy@?$Array@UInterval@physx@@V?$InlineAllocator@$0CAAA@VNamedAllocator@shdfnd@physx@@@shdfnd@2@@shdfnd@physx@@KAXPAUInterval@3@0PBU43@@Z 10012fe0 f i RTreeCooking.obj
 0001:00012040       ?copy@?$Array@UPxBounds3V@physx@@VNamedAllocator@shdfnd@2@@shdfnd@physx@@KAXPAUPxBounds3V@3@0PBU43@@Z 10013040 f i RTreeCooking.obj
 0001:000120a0       ?copy@?$Array@URTreeNodeNQ@physx@@VNamedAllocator@shdfnd@2@@shdfnd@physx@@KAXPAURTreeNodeNQ@3@0PBU43@@Z 100130a0 f i RTreeCooking.obj
 0001:000120f0       ?copy@?$Array@URTreeNodeQ@Gu@physx@@VNamedAllocator@shdfnd@3@@shdfnd@physx@@KAXPAURTreeNodeQ@Gu@3@0PBU453@@Z 100130f0 f i RTreeCooking.obj
 0001:00012150       ?create@?$Array@IVNamedAllocator@shdfnd@physx@@@shdfnd@physx@@KAXPAI0ABI@Z 10013150 f i RTreeCooking.obj
 0001:00012190       ?deallocate@?$Array@IVNamedAllocator@shdfnd@physx@@@shdfnd@physx@@IAEXPAX@Z 10013190 f i RTreeCooking.obj
 0001:000121b0       ?deallocate@?$Array@UInterval@physx@@V?$InlineAllocator@$0CAAA@VNamedAllocator@shdfnd@physx@@@shdfnd@2@@shdfnd@physx@@IAEXPAX@Z 100131b0 f i RTreeCooking.obj
 0001:000121d0       ?deallocate@?$Array@UPxBounds3V@physx@@VNamedAllocator@shdfnd@2@@shdfnd@physx@@IAEXPAX@Z 100131d0 f i RTreeCooking.obj
 0001:000121f0       ?deallocate@?$Array@URTreeNodeNQ@physx@@VNamedAllocator@shdfnd@2@@shdfnd@physx@@IAEXPAX@Z 100131f0 f i RTreeCooking.obj
 0001:00012210       ?deallocate@?$Array@URTreeNodeQ@Gu@physx@@VNamedAllocator@shdfnd@3@@shdfnd@physx@@IAEXPAX@Z 10013210 f i RTreeCooking.obj
 0001:00012230       ?deallocate@?$InlineAllocator@$0CAAA@VNamedAllocator@shdfnd@physx@@@shdfnd@physx@@QAEXPAX@Z 10013230 f i RTreeCooking.obj
 0001:00012260       ?destroy@?$Array@IVNamedAllocator@shdfnd@physx@@@shdfnd@physx@@KAXPAI0@Z 10013260 f i RTreeCooking.obj
 0001:00012280       ?destroy@?$Array@UInterval@physx@@V?$InlineAllocator@$0CAAA@VNamedAllocator@shdfnd@physx@@@shdfnd@2@@shdfnd@physx@@KAXPAUInterval@3@0@Z 10013280 f i RTreeCooking.obj
 0001:000122a0       ?destroy@?$Array@UPxBounds3V@physx@@VNamedAllocator@shdfnd@2@@shdfnd@physx@@KAXPAUPxBounds3V@3@0@Z 100132a0 f i RTreeCooking.obj
 0001:000122c0       ?destroy@?$Array@URTreeNodeNQ@physx@@VNamedAllocator@shdfnd@2@@shdfnd@physx@@KAXPAURTreeNodeNQ@3@0@Z 100132c0 f i RTreeCooking.obj
 0001:000122e0       ?destroy@?$Array@URTreeNodeQ@Gu@physx@@VNamedAllocator@shdfnd@3@@shdfnd@physx@@KAXPAURTreeNodeQ@Gu@3@0@Z 100132e0 f i RTreeCooking.obj
 0001:00012300       ?empty@?$Stack@VNamedAllocator@shdfnd@physx@@@internal@shdfnd@physx@@QAE_NXZ 10013300 f i RTreeCooking.obj
 0001:00012330       ?empty@PxBounds3@physx@@SA?AV12@XZ 10013330 f i RTreeCooking.obj
 0001:00012380       ?getExtents@PxBounds3V@physx@@QBE?AT__m128@@XZ 10013380 f i RTreeCooking.obj
 0001:000123d0       ?getMaxVec3@PxBounds3V@physx@@QBE?BVPxVec3@2@XZ 100133d0 f i RTreeCooking.obj
 0001:00012410       ?getMinVec3@PxBounds3V@physx@@QBE?BVPxVec3@2@XZ 10013410 f i RTreeCooking.obj
 0001:00012450       ?grow@?$Array@IVNamedAllocator@shdfnd@physx@@@shdfnd@physx@@IAEXI@Z 10013450 f i RTreeCooking.obj
 0001:000124b0       ?grow@?$Array@UPxBounds3V@physx@@VNamedAllocator@shdfnd@2@@shdfnd@physx@@IAEXI@Z 100134b0 f i RTreeCooking.obj
 0001:00012510       ?grow@?$Array@URTreeNodeNQ@physx@@VNamedAllocator@shdfnd@2@@shdfnd@physx@@IAEXI@Z 10013510 f i RTreeCooking.obj
 0001:00012570       ?grow@?$Array@URTreeNodeQ@Gu@physx@@VNamedAllocator@shdfnd@3@@shdfnd@physx@@IAEXI@Z 10013570 f i RTreeCooking.obj
 0001:000125d0       ?grow@?$Array@VPxVec3@physx@@VNamedAllocator@shdfnd@2@@shdfnd@physx@@IAEXI@Z 100135d0 f i RTreeCooking.obj
 0001:00012630       ?grow@?$Stack@VNamedAllocator@shdfnd@physx@@@internal@shdfnd@physx@@QAEXXZ 10013630 f i RTreeCooking.obj
 0001:000126c0       ?growAndPushBack@?$Array@IVNamedAllocator@shdfnd@physx@@@shdfnd@physx@@IAEAAIABI@Z 100136c0 f i RTreeCooking.obj
 0001:000127f0       ?growAndPushBack@?$Array@UInterval@physx@@V?$InlineAllocator@$0CAAA@VNamedAllocator@shdfnd@physx@@@shdfnd@2@@shdfnd@physx@@IAEAAUInterval@3@ABU43@@Z 100137f0 f i RTreeCooking.obj
 0001:00012950       ?growAndPushBack@?$Array@UPxBounds3V@physx@@VNamedAllocator@shdfnd@2@@shdfnd@physx@@IAEAAUPxBounds3V@3@ABU43@@Z 10013950 f i RTreeCooking.obj
 0001:00012a80       ?growAndPushBack@?$Array@URTreeNodeNQ@physx@@VNamedAllocator@shdfnd@2@@shdfnd@physx@@IAEAAURTreeNodeNQ@3@ABU43@@Z 10013a80 f i RTreeCooking.obj
 0001:00012bb0       ?growAndPushBack@?$Array@URTreeNodeQ@Gu@physx@@VNamedAllocator@shdfnd@3@@shdfnd@physx@@IAEAAURTreeNodeQ@Gu@3@ABU453@@Z 10013bb0 f i RTreeCooking.obj
 0001:00012cd0       ?include@PxBounds3V@physx@@QAEXABU12@@Z 10013cd0 f i RTreeCooking.obj
 0001:00012d40       ?isInUserMemory@?$Array@IVNamedAllocator@shdfnd@physx@@@shdfnd@physx@@QBEIXZ 10013d40 f i RTreeCooking.obj
 0001:00012d60       ?isInUserMemory@?$Array@UInterval@physx@@V?$InlineAllocator@$0CAAA@VNamedAllocator@shdfnd@physx@@@shdfnd@2@@shdfnd@physx@@QBEIXZ 10013d60 f i RTreeCooking.obj
 0001:00012d80       ?isInUserMemory@?$Array@UPxBounds3V@physx@@VNamedAllocator@shdfnd@2@@shdfnd@physx@@QBEIXZ 10013d80 f i RTreeCooking.obj
 0001:00012da0       ?isInUserMemory@?$Array@URTreeNodeNQ@physx@@VNamedAllocator@shdfnd@2@@shdfnd@physx@@QBEIXZ 10013da0 f i RTreeCooking.obj
 0001:00012dc0       ?isInUserMemory@?$Array@URTreeNodeQ@Gu@physx@@VNamedAllocator@shdfnd@3@@shdfnd@physx@@QBEIXZ 10013dc0 f i RTreeCooking.obj
 0001:00012de0       ?isInside@PxBounds3@physx@@QBE_NABV12@@Z 10013de0 f i RTreeCooking.obj
 0001:00012eb0       ?isLeaf@RTreeNodeQ@Gu@physx@@QBEIXZ 10013eb0 f i RTreeCooking.obj
 0001:00012ee0       ?isValidFloatV@aos@shdfnd@physx@@YA_NT__m128@@@Z 10013ee0 f i RTreeCooking.obj
 0001:00013060       ?isValidVec3V@aos@shdfnd@physx@@YA_NT__m128@@@Z 10014060 f i RTreeCooking.obj
 0001:000130d0       ?pop@?$Stack@VNamedAllocator@shdfnd@physx@@@internal@shdfnd@physx@@QAEXAAH0@Z 100140d0 f i RTreeCooking.obj
 0001:00013170       ?popBack@?$Array@IVNamedAllocator@shdfnd@physx@@@shdfnd@physx@@QAEIXZ 10014170 f i RTreeCooking.obj
 0001:000131f0       ?push@?$Stack@VNamedAllocator@shdfnd@physx@@@internal@shdfnd@physx@@QAEXHH@Z 100141f0 f i RTreeCooking.obj
 0001:00013260       ?pushBack@?$Array@IVNamedAllocator@shdfnd@physx@@@shdfnd@physx@@QAEAAIABI@Z 10014260 f i RTreeCooking.obj
 0001:000132e0       ?pushBack@?$Array@UInterval@physx@@V?$InlineAllocator@$0CAAA@VNamedAllocator@shdfnd@physx@@@shdfnd@2@@shdfnd@physx@@QAEAAUInterval@3@ABU43@@Z 100142e0 f i RTreeCooking.obj
 0001:00013380       ?pushBack@?$Array@UPxBounds3V@physx@@VNamedAllocator@shdfnd@2@@shdfnd@physx@@QAEAAUPxBounds3V@3@ABU43@@Z 10014380 f i RTreeCooking.obj
 0001:00013400       ?pushBack@?$Array@URTreeNodeNQ@physx@@VNamedAllocator@shdfnd@2@@shdfnd@physx@@QAEAAURTreeNodeNQ@3@ABU43@@Z 10014400 f i RTreeCooking.obj
 0001:00013480       ?pushBack@?$Array@URTreeNodeQ@Gu@physx@@VNamedAllocator@shdfnd@3@@shdfnd@physx@@QAEAAURTreeNodeQ@Gu@3@ABU453@@Z 10014480 f i RTreeCooking.obj
 0001:00013500       ?recreate@?$Array@IVNamedAllocator@shdfnd@physx@@@shdfnd@physx@@IAEXI@Z 10014500 f i RTreeCooking.obj
 0001:000135d0       ?recreate@?$Array@UPxBounds3V@physx@@VNamedAllocator@shdfnd@2@@shdfnd@physx@@IAEXI@Z 100145d0 f i RTreeCooking.obj
 0001:000136a0       ?recreate@?$Array@URTreeNodeNQ@physx@@VNamedAllocator@shdfnd@2@@shdfnd@physx@@IAEXI@Z 100146a0 f i RTreeCooking.obj
 0001:00013770       ?recreate@?$Array@URTreeNodeQ@Gu@physx@@VNamedAllocator@shdfnd@3@@shdfnd@physx@@IAEXI@Z 10014770 f i RTreeCooking.obj
 0001:00013840       ?recreate@?$Array@VPxVec3@physx@@VNamedAllocator@shdfnd@2@@shdfnd@physx@@IAEXI@Z 10014840 f i RTreeCooking.obj
 0001:00013910       ?replaceWithLast@?$Array@UInterval@physx@@V?$InlineAllocator@$0CAAA@VNamedAllocator@shdfnd@physx@@@shdfnd@2@@shdfnd@physx@@QAEXI@Z 10014910 f i RTreeCooking.obj
 0001:000139b0       ?reserve@?$Array@IVNamedAllocator@shdfnd@physx@@@shdfnd@physx@@QAEXI@Z 100149b0 f i RTreeCooking.obj
 0001:000139e0       ?reserve@?$Array@UPxBounds3V@physx@@VNamedAllocator@shdfnd@2@@shdfnd@physx@@QAEXI@Z 100149e0 f i RTreeCooking.obj
 0001:00013a10       ?reserve@?$Array@URTreeNodeNQ@physx@@VNamedAllocator@shdfnd@2@@shdfnd@physx@@QAEXI@Z 10014a10 f i RTreeCooking.obj
 0001:00013a40       ?reserve@?$Array@URTreeNodeQ@Gu@physx@@VNamedAllocator@shdfnd@3@@shdfnd@physx@@QAEXI@Z 10014a40 f i RTreeCooking.obj
 0001:00013a70       ?reserve@?$Array@VPxVec3@physx@@VNamedAllocator@shdfnd@2@@shdfnd@physx@@QAEXI@Z 10014a70 f i RTreeCooking.obj
 0001:00013aa0       ?resize@?$Array@IVNamedAllocator@shdfnd@physx@@@shdfnd@physx@@QAEXIABI@Z 10014aa0 f i RTreeCooking.obj
 0001:00013b10       ?resizeUninitialized@?$Array@URTreeNodeNQ@physx@@VNamedAllocator@shdfnd@2@@shdfnd@physx@@QAEXI@Z 10014b10 f i RTreeCooking.obj
 0001:00013b40       ?setLeaf@RTreeNodeQ@Gu@physx@@QAEX_N@Z 10014b40 f i RTreeCooking.obj
 0001:00013b80       ?size@?$Array@IVNamedAllocator@shdfnd@physx@@@shdfnd@physx@@QBEIXZ 10014b80 f i RTreeCooking.obj
 0001:00013ba0       ?size@?$Array@UInterval@physx@@V?$InlineAllocator@$0CAAA@VNamedAllocator@shdfnd@physx@@@shdfnd@2@@shdfnd@physx@@QBEIXZ 10014ba0 f i RTreeCooking.obj
 0001:00013bc0       ?size@?$Array@URTreeNodeNQ@physx@@VNamedAllocator@shdfnd@2@@shdfnd@physx@@QBEIXZ 10014bc0 f i RTreeCooking.obj
 0001:00013be0       ?size@?$Array@URTreeNodeQ@Gu@physx@@VNamedAllocator@shdfnd@3@@shdfnd@physx@@QBEIXZ 10014be0 f i RTreeCooking.obj
 0001:00013c00       ?size@?$Array@VPxVec3@physx@@VNamedAllocator@shdfnd@2@@shdfnd@physx@@QBEIXZ 10014c00 f i RTreeCooking.obj
 0001:00013c20       ?sort4@SubSortQuick@physx@@QAEXPIAIIAAV?$Array@URTreeNodeNQ@physx@@VNamedAllocator@shdfnd@2@@shdfnd@2@AAIAAUPxBounds3V@2@I@Z 10014c20 f i RTreeCooking.obj
 0001:000142e0       ?sort4@SubSortSAH@physx@@QAEXPAIIAAV?$Array@URTreeNodeNQ@physx@@VNamedAllocator@shdfnd@2@@shdfnd@2@AAIIPAURTreeNodeNQ@2@@Z 100152e0 f i RTreeCooking.obj
 0001:00014dc0       ?split@SubSortSAH@physx@@QAEIPAII@Z 10015dc0 f i RTreeCooking.obj
 0001:000157b0       ?computeLocalBounds@MeshBulider@physx@@IAEXAAVMeshDataBase@Gu@2@@Z 100167b0 f   MeshBuilder.obj
 0001:000158b0       _powf                      100168b0 f i MeshBuilder.obj
 0001:000158e0       ??0TriangleMeshBuilder@physx@@QAE@AAVTriangleMeshData@Gu@1@ABUPxCookingParams@1@@Z 100168e0 f   TriangleMeshBuilder.obj
 0001:00015920       ??1TriangleMeshBuilder@physx@@UAE@XZ 10016920 f   TriangleMeshBuilder.obj
 0001:00015940       ?cleanMesh@TriangleMeshBuilder@physx@@QAE_N_NPAW4Enum@PxTriangleMeshCookingResult@2@@Z 10016940 f   TriangleMeshBuilder.obj
 0001:00015ed0       ?remapTopology@TriangleMeshBuilder@physx@@QAEXPBI@Z 10016ed0 f   TriangleMeshBuilder.obj
 0001:00016170       ?createSharedEdgeData@TriangleMeshBuilder@physx@@QAEX_N0@Z 10017170 f   TriangleMeshBuilder.obj
 0001:00016750       ?recordTriangleIndices@TriangleMeshBuilder@physx@@QAEXXZ 10017750 f   TriangleMeshBuilder.obj
 0001:000168a0       ?createGRBMidPhaseAndData@TriangleMeshBuilder@physx@@QAEXI@Z 100178a0 f   TriangleMeshBuilder.obj
 0001:00016af0       ?createGRBData@TriangleMeshBuilder@physx@@QAEXXZ 10017af0 f   TriangleMeshBuilder.obj
 0001:00016c00       ?loadFromDesc@TriangleMeshBuilder@physx@@QAE_NABVPxTriangleMeshDesc@2@PAW4Enum@PxTriangleMeshCookingResult@2@_N@Z 10017c00 f   TriangleMeshBuilder.obj
 0001:00016e00       ?save@TriangleMeshBuilder@physx@@QBE_NAAVPxOutputStream@2@_NABUPxCookingParams@2@@Z 10017e00 f   TriangleMeshBuilder.obj
 0001:00017470       ?checkMeshIndicesSize@TriangleMeshBuilder@physx@@QAEXXZ 10018470 f   TriangleMeshBuilder.obj
 0001:00017600       ?importMesh@TriangleMeshBuilder@physx@@IAE_NABVPxTriangleMeshDesc@2@ABUPxCookingParams@2@PAW4Enum@PxTriangleMeshCookingResult@2@_N@Z 10018600 f   TriangleMeshBuilder.obj
 0001:00017a70       ?releaseEdgeList@TriangleMeshBuilder@physx@@IAEXXZ 10018a70 f   TriangleMeshBuilder.obj
 0001:00017ac0       ?createEdgeList@TriangleMeshBuilder@physx@@IAEXXZ 10018ac0 f   TriangleMeshBuilder.obj
 0001:00017bd0       ??0RTreeTriangleMeshBuilder@physx@@QAE@ABUPxCookingParams@1@@Z 10018bd0 f   TriangleMeshBuilder.obj
 0001:00017c10       ??1RTreeTriangleMeshBuilder@physx@@UAE@XZ 10018c10 f   TriangleMeshBuilder.obj
 0001:00017c40       ?createMidPhaseStructure@RTreeTriangleMeshBuilder@physx@@UAEXXZ 10018c40 f   TriangleMeshBuilder.obj
[...]
 0003:00000639       ?_ignore@?CD@??importMesh@TriangleMeshBuilder@physx@@IAE_NABVPxTriangleMeshDesc@3@ABUPxCookingParams@3@PAW4Enum@PxTriangleMeshCookingResult@3@_N@Z@4_NA 10047639     TriangleMeshBuilder.obj
 0003:0000063a       ?_ignore@?5??checkMeshIndicesSize@TriangleMeshBuilder@physx@@QAEXXZ@4_NA 1004763a     TriangleMeshBuilder.obj
 0003:0000063b       ?_ignore@?2??saveMidPhaseStructure@BV4TriangleMeshBuilder@physx@@UBEXAAVPxOutputStream@3@_N@Z@4_NA 1004763b     TriangleMeshBuilder.obj
 0003:0000063c       ?_ignore@?2??createMidPhaseStructure@BV32TriangleMeshBuilder@physx@@SAXABUPxCookingParams@3@AAVTriangleMeshData@Gu@3@AAVBV32Tree@63@@Z@4_NA 1004763c     TriangleMeshBuilder.obj
 0003:0000063d       ?_ignore@?2??saveMidPhaseStructure@BV32TriangleMeshBuilder@physx@@SAXPAVBV32Tree@Gu@3@AAVPxOutputStream@3@_N@Z@4_NA 1004763d     TriangleMeshBuilder.obj
 0003:00000643       ?_ignore@?2??createMidPhaseStructure@RTreeTriangleMeshBuilder@physx@@UAEXXZ@4_NA 10047643     TriangleMeshBuilder.obj
 0003:00000660       ?maxV3Error@_VecMathTests@aos@shdfnd@physx@@3T__m128@@B 10047660     BigConvexDataBuilder.obj
 0003:00000670       ?minFError@_VecMathTests@aos@shdfnd@physx@@3T__m128@@B 10047670     BigConvexDataBuilder.obj
 0003:00000680       ?maxV4Error@_VecMathTests@aos@shdfnd@physx@@3T__m128@@B 10047680     BigConvexDataBuilder.obj
 0003:00000690       ?minV4Error@_VecMathTests@aos@shdfnd@physx@@3T__m128@@B 10047690     BigConvexDataBuilder.obj
 0003:000006a0       ?minV3Error@_VecMathTests@aos@shdfnd@physx@@3T__m128@@B 100476a0     BigConvexDataBuilder.obj
 0003:000006b0       ?maxFError@_VecMathTests@aos@shdfnd@physx@@3T__m128@@B 100476b0     BigConvexDataBuilder.obj
 0003:000006c0       ?_ignore@?6??computeValencies@BigConvexDataBuilder@physx@@QAE_NABVConvexHullBuilder@3@@Z@4_NA 100476c0     BigConvexDataBuilder.obj
 0003:000006c1       ?_ignore@?7??computeValencies@BigConvexDataBuilder@physx@@QAE_NABVConvexHullBuilder@3@@Z@4_NA 100476c1     BigConvexDataBuilder.obj
 0003:000006c2       ?_ignore@?N@??precompute@BigConvexDataBuilder@physx@@QAE_NI@Z@4_NA 100476c2     BigConvexDataBuilder.obj
 0003:000006c3       ?_ignore@?O@??precompute@BigConvexDataBuilder@physx@@QAE_NI@Z@4_NA 100476c3     BigConvexDataBuilder.obj
 0003:000006d0       ?maxV3Error@_VecMathTests@aos@shdfnd@physx@@3T__m128@@B 100476d0     ConvexHullBuilder.obj
 0003:000006e0       ?minFError@_VecMathTests@aos@shdfnd@physx@@3T__m128@@B 100476e0     ConvexHullBuilder.obj
 0003:000006f0       ?maxV4Error@_VecMathTests@aos@shdfnd@physx@@3T__m128@@B 100476f0     ConvexHullBuilder.obj
 0003:00000700       ?minV4Error@_VecMathTests@aos@shdfnd@physx@@3T__m128@@B 10047700     ConvexHullBuilder.obj
 0003:00000710       ?minV3Error@_VecMathTests@aos@shdfnd@physx@@3T__m128@@B 10047710     ConvexHullBuilder.obj
 0003:00000720       ?maxFError@_VecMathTests@aos@shdfnd@physx@@3T__m128@@B 10047720     ConvexHullBuilder.obj
 0003:00000730       ?_ignore@?2??init@ConvexHullBuilder@physx@@QAE_NIPBVPxVec3@3@PBIIIPBUPxHullPolygon@3@_NPAVConvexHullLib@3@@Z@4_NA 10047730     ConvexHullBuilder.obj
 0003:00000731       ?_ignore@?3??init@ConvexHullBuilder@physx@@QAE_NIPBVPxVec3@3@PBIIIPBUPxHullPolygon@3@_NPAVConvexHullLib@3@@Z@4_NA 10047731     ConvexHullBuilder.obj
 0003:00000732       ?_ignore@?4??init@ConvexHullBuilder@physx@@QAE_NIPBVPxVec3@3@PBIIIPBUPxHullPolygon@3@_NPAVConvexHullLib@3@@Z@4_NA 10047732     ConvexHullBuilder.obj
 0003:00000733       ?_ignore@?5??init@ConvexHullBuilder@physx@@QAE_NIPBVPxVec3@3@PBIIIPBUPxHullPolygon@3@_NPAVConvexHullLib@3@@Z@4_NA 10047733     ConvexHullBuilder.obj
 0003:00000734       ?_ignore@?6??init@ConvexHullBuilder@physx@@QAE_NIPBVPxVec3@3@PBIIIPBUPxHullPolygon@3@_NPAVConvexHullLib@3@@Z@4_NA 10047734     ConvexHullBuilder.obj
 0003:00000735       ?_ignore@?P@??init@ConvexHullBuilder@physx@@QAE_NIPBVPxVec3@3@PBIIIPBUPxHullPolygon@3@_NPAVConvexHullLib@3@@Z@4_NA 10047735     ConvexHullBuilder.obj
 0003:00000736       ?_ignore@?4??save@ConvexHullBuilder@physx@@QBE_NAAVPxOutputStream@3@_N@Z@4_NA 10047736     ConvexHullBuilder.obj
 0003:00000737       ?_ignore@?2??copy@ConvexHullBuilder@physx@@QAE_NAAUConvexHullData@Gu@3@AAI@Z@4_NA 10047737     ConvexHullBuilder.obj
 0003:00000738       ?_ignore@?4??copy@ConvexHullBuilder@physx@@QAE_NAAUConvexHullData@Gu@3@AAI@Z@4_NA 10047738     ConvexHullBuilder.obj
 0003:00000739       ?_ignore@?5??copy@ConvexHullBuilder@physx@@QAE_NAAUConvexHullData@Gu@3@AAI@Z@4_NA 10047739     ConvexHullBuilder.obj
 0003:0000073a       ?_ignore@?6??copy@ConvexHullBuilder@physx@@QAE_NAAUConvexHullData@Gu@3@AAI@Z@4_NA 1004773a     ConvexHullBuilder.obj
 0003:0000073b       ?_ignore@?7??copy@ConvexHullBuilder@physx@@QAE_NAAUConvexHullData@Gu@3@AAI@Z@4_NA 1004773b     ConvexHullBuilder.obj
 0003:0000073c       ?_ignore@?8??copy@ConvexHullBuilder@physx@@QAE_NAAUConvexHullData@Gu@3@AAI@Z@4_NA 1004773c     ConvexHullBuilder.obj
 0003:0000073d       ?_ignore@?9??copy@ConvexHullBuilder@physx@@QAE_NAAUConvexHullData@Gu@3@AAI@Z@4_NA 1004773d     ConvexHullBuilder.obj
 0003:0000073e       ?_ignore@?L@??copy@ConvexHullBuilder@physx@@QAE_NAAUConvexHullData@Gu@3@AAI@Z@4_NA 1004773e     ConvexHullBuilder.obj
 0003:0000073f       ?_ignore@?M@??copy@ConvexHullBuilder@physx@@QAE_NAAUConvexHullData@Gu@3@AAI@Z@4_NA 1004773f     ConvexHullBuilder.obj
 0003:00000740       ?_ignore@?N@??createEdgeList@ConvexHullBuilder@physx@@QAE_N_NI@Z@4_NA 10047740     ConvexHullBuilder.obj
 0003:00000741       ?_ignore@?O@??createEdgeList@ConvexHullBuilder@physx@@QAE_N_NI@Z@4_NA 10047741     ConvexHullBuilder.obj
 0003:00000742       ?_ignore@?2??shiftConvexMeshDesc@ConvexHullLib@physx@@IAEXAAVPxConvexMeshDesc@3@@Z@4_NA 10047742     ConvexHullLib.obj
 0003:00000743       ?_ignore@?BF@??swapLargestFace@ConvexHullLib@physx@@IAEXAAVPxConvexMeshDesc@3@@Z@4_NA 10047743     ConvexHullLib.obj
 0003:00000750       ?maxV3Error@_VecMathTests@aos@shdfnd@physx@@3T__m128@@B 10047750     ConvexHullUtils.obj
 0003:00000760       ?minFError@_VecMathTests@aos@shdfnd@physx@@3T__m128@@B 10047760     ConvexHullUtils.obj
 0003:00000770       ?maxV4Error@_VecMathTests@aos@shdfnd@physx@@3T__m128@@B 10047770     ConvexHullUtils.obj
 0003:00000780       ?MAXDOT_MINANG@local@@3MB  10047780     ConvexHullUtils.obj
 0003:00000790       ?minV4Error@_VecMathTests@aos@shdfnd@physx@@3T__m128@@B 10047790     ConvexHullUtils.obj
 0003:000007a0       ?minV3Error@_VecMathTests@aos@shdfnd@physx@@3T__m128@@B 100477a0     ConvexHullUtils.obj
 0003:000007b0       ?maxFError@_VecMathTests@aos@shdfnd@physx@@3T__m128@@B 100477b0     ConvexHullUtils.obj
 0003:000007d1       ?_ignore@?2??computeOBBSIMD@local@@YAXIPBT__m128@@AAT3@ABT3@1@Z@4_NA 100477d1     ConvexHullUtils.obj
 0003:000007d2       ?_ignore@?L@??assertIntact@ConvexHull@physx@@QBE_NM@Z@4_NA 100477d2     ConvexHullUtils.obj
 0003:000007d3       ?_ignore@?O@??assertIntact@ConvexHull@physx@@QBE_NM@Z@4_NA 100477d3     ConvexHullUtils.obj
 0003:000007d4       ?_ignore@?P@??assertIntact@ConvexHull@physx@@QBE_NM@Z@4_NA 100477d4     ConvexHullUtils.obj
 0003:000007d5       ?_ignore@?BA@??assertIntact@ConvexHull@physx@@QBE_NM@Z@4_NA 100477d5     ConvexHullUtils.obj
 0003:000007d6       ?_ignore@?BF@??assertIntact@ConvexHull@physx@@QBE_NM@Z@4_NA 100477d6     ConvexHullUtils.obj
 0003:000007d7       ?_ignore@?2??convexHullCrop@physx@@YAPAVConvexHull@2@ABV32@ABVPxPlane@2@M@Z@4_NA 100477d7     ConvexHullUtils.obj
 0003:000007d8       ?_ignore@?BF@??convexHullCrop@physx@@YAPAVConvexHull@2@ABV32@ABVPxPlane@2@M@Z@4_NA 100477d8     ConvexHullUtils.obj
 0003:000007d9       ?_ignore@?BJ@??convexHullCrop@physx@@YAPAVConvexHull@2@ABV32@ABVPxPlane@2@M@Z@4_NA 100477d9     ConvexHullUtils.obj
 0003:000007da       ?_ignore@?CG@??convexHullCrop@physx@@YAPAVConvexHull@2@ABV32@ABVPxPlane@2@M@Z@4_NA 100477da     ConvexHullUtils.obj
 0003:000007db       ?_ignore@?DC@??convexHullCrop@physx@@YAPAVConvexHull@2@ABV32@ABVPxPlane@2@M@Z@4_NA 100477db     ConvexHullUtils.obj
 0003:000007dc       ?_ignore@?EC@??convexHullCrop@physx@@YAPAVConvexHull@2@ABV32@ABVPxPlane@2@M@Z@4_NA 100477dc     ConvexHullUtils.obj
 0003:000007dd       ?_ignore@?ED@??convexHullCrop@physx@@YAPAVConvexHull@2@ABV32@ABVPxPlane@2@M@Z@4_NA 100477dd     ConvexHullUtils.obj
 0003:000007de       ?_ignore@?EL@??convexHullCrop@physx@@YAPAVConvexHull@2@ABV32@ABVPxPlane@2@M@Z@4_NA 100477de     ConvexHullUtils.obj
 0003:000007df       ?_ignore@?FC@??convexHullCrop@physx@@YAPAVConvexHull@2@ABV32@ABVPxPlane@2@M@Z@4_NA 100477df     ConvexHullUtils.obj
 0003:000007e0       ?_ignore@?FD@??convexHullCrop@physx@@YAPAVConvexHull@2@ABV32@ABVPxPlane@2@M@Z@4_NA 100477e0     ConvexHullUtils.obj
 0003:000007e1       ?_ignore@?FE@??convexHullCrop@physx@@YAPAVConvexHull@2@ABV32@ABVPxPlane@2@M@Z@4_NA 100477e1     ConvexHullUtils.obj
 0003:000007e2       ?_ignore@?GO@??convexHullCrop@physx@@YAPAVConvexHull@2@ABV32@ABVPxPlane@2@M@Z@4_NA 100477e2     ConvexHullUtils.obj
 0003:000007f0       ?maxV3Error@_VecMathTests@aos@shdfnd@physx@@3T__m128@@B 100477f0     ConvexMeshBuilder.obj
 0003:00000800       ?minFError@_VecMathTests@aos@shdfnd@physx@@3T__m128@@B 10047800     ConvexMeshBuilder.obj
 0003:00000810       ?maxV4Error@_VecMathTests@aos@shdfnd@physx@@3T__m128@@B 10047810     ConvexMeshBuilder.obj
 0003:00000820       ?minV4Error@_VecMathTests@aos@shdfnd@physx@@3T__m128@@B 10047820     ConvexMeshBuilder.obj
 0003:00000830       ?minV3Error@_VecMathTests@aos@shdfnd@physx@@3T__m128@@B 10047830     ConvexMeshBuilder.obj
 0003:00000840       ?maxFError@_VecMathTests@aos@shdfnd@physx@@3T__m128@@B 10047840     ConvexMeshBuilder.obj
 0003:00000850       ?_ignore@?O@??computeHullPolygons@ConvexMeshBuilder@physx@@QAE_NABIPBVPxVec3@3@0PBIAAVPxAllocatorCallback@3@AAIAAPAV43@4AAPAI4AAPAUPxHullPolygon@3@@Z@4_NA 10047850     ConvexMeshBuilder.obj
 0003:00000851       ?_ignore@?L@??findLineStrip@@YA_NAAV?$Array@IVNamedAllocator@shdfnd@physx@@@shdfnd@physx@@ABV?$Array@VPair@@VNamedAllocator@shdfnd@physx@@@34@@Z@4_NA 10047851     ConvexPolygonsBuilder.obj
 0003:00000852       ?_ignore@?BC@??findLineStrip@@YA_NAAV?$Array@IVNamedAllocator@shdfnd@physx@@@shdfnd@physx@@ABV?$Array@VPair@@VNamedAllocator@shdfnd@physx@@@34@@Z@4_NA 10047852     ConvexPolygonsBuilder.obj
 0003:00000853       ?_ignore@?6??checkRedundantVertices@@YAXAAIAAV?$Array@IVNamedAllocator@shdfnd@physx@@@shdfnd@physx@@ABVConvexPolygonsBuilder@4@11@Z@4_NA 10047853     ConvexPolygonsBuilder.obj
 0003:00000854       ?_ignore@?2??extractHullPolygons@@YA_NAAIAAV?$Array@IVNamedAllocator@shdfnd@physx@@@shdfnd@physx@@ABVConvexPolygonsBuilder@4@PAV234@1@Z@4_NA 10047854     ConvexPolygonsBuilder.obj
 0003:00000855       ?_ignore@?CB@??extractHullPolygons@@YA_NAAIAAV?$Array@IVNamedAllocator@shdfnd@physx@@@shdfnd@physx@@ABVConvexPolygonsBuilder@4@PAV234@1@Z@4_NA 10047855     ConvexPolygonsBuilder.obj
 0003:00000856       ?_ignore@?2??computeHullPolygons@ConvexPolygonsBuilder@physx@@QAE_NABIPBVPxVec3@3@0PBI@Z@4_NA 10047856     ConvexPolygonsBuilder.obj
 0003:00000857       ?_ignore@?3??computeHullPolygons@ConvexPolygonsBuilder@physx@@QAE_NABIPBVPxVec3@3@0PBI@Z@4_NA 10047857     ConvexPolygonsBuilder.obj
 0003:00000858       ?_ignore@?6??computeHullPolygons@ConvexPolygonsBuilder@physx@@QAE_NABIPBVPxVec3@3@0PBI@Z@4_NA 10047858     ConvexPolygonsBuilder.obj
 0003:00000859       ?_ignore@?7??computeHullPolygons@ConvexPolygonsBuilder@physx@@QAE_NABIPBVPxVec3@3@0PBI@Z@4_NA 10047859     ConvexPolygonsBuilder.obj
 0003:0000085a       ?_ignore@?8??computeHullPolygons@ConvexPolygonsBuilder@physx@@QAE_NABIPBVPxVec3@3@0PBI@Z@4_NA 1004785a     ConvexPolygonsBuilder.obj
 0003:0000085b       ?_ignore@?9??computeHullPolygons@ConvexPolygonsBuilder@physx@@QAE_NABIPBVPxVec3@3@0PBI@Z@4_NA 1004785b     ConvexPolygonsBuilder.obj
 0003:0000085c       ?_ignore@?BA@??createPolygonData@ConvexPolygonsBuilder@physx@@AAE_NXZ@4_NA 1004785c     ConvexPolygonsBuilder.obj
 0003:0000085d       ?_ignore@?BF@??createPolygonData@ConvexPolygonsBuilder@physx@@AAE_NXZ@4_NA 1004785d     ConvexPolygonsBuilder.obj
 0003:0000085e       ?_ignore@?BI@??createPolygonData@ConvexPolygonsBuilder@physx@@AAE_NXZ@4_NA 1004785e     ConvexPolygonsBuilder.obj
 0003:0000085f       ?_ignore@?BP@??createPolygonData@ConvexPolygonsBuilder@physx@@AAE_NXZ@4_NA 1004785f     ConvexPolygonsBuilder.obj
 0003:00000860       ?_ignore@?CK@??createPolygonData@ConvexPolygonsBuilder@physx@@AAE_NXZ@4_NA 10047860     ConvexPolygonsBuilder.obj
 0003:00000861       ?_ignore@?DI@??createPolygonData@ConvexPolygonsBuilder@physx@@AAE_NXZ@4_NA 10047861     ConvexPolygonsBuilder.obj
 0003:00000862       ?_ignore@?BC@??createTrianglesFromPolygons@ConvexPolygonsBuilder@physx@@AAE_NXZ@4_NA 10047862     ConvexPolygonsBuilder.obj
 0003:00000868       ?MAXDOT_MINANG@local@@3MB  10047868     QuickHullConvexHullLib.obj
 0003:0000086f       ?_ignore@?2??getOppositeFaceDistance@QuickHullHalfEdge@local@@QBEMXZ@4_NA 1004786f     QuickHullConvexHullLib.obj
 0003:00000870       ?_ignore@?3??getOppositeFaceDistance@QuickHullHalfEdge@local@@QBEMXZ@4_NA 10047870     QuickHullConvexHullLib.obj
 0003:00000871       ?_ignore@?BI@??mergeAdjacentFace@QuickHullFace@local@@QAE_NPAUQuickHullHalfEdge@3@AAV?$Array@PAUQuickHullFace@local@@VNamedAllocator@shdfnd@physx@@@shdfnd@physx@@@Z@4_NA 10047871     QuickHullConvexHullLib.obj
 0003:00000872       ?_ignore@?4??checkFaceConsistency@QuickHullFace@local@@QAE_NXZ@4_NA 10047872     QuickHullConvexHullLib.obj
 0003:00000873       ?_ignore@?7??checkFaceConsistency@QuickHullFace@local@@QAE_NXZ@4_NA 10047873     QuickHullConvexHullLib.obj
 0003:00000874       ?_ignore@?8??checkFaceConsistency@QuickHullFace@local@@QAE_NXZ@4_NA 10047874     QuickHullConvexHullLib.obj
 0003:00000875       ?_ignore@?9??checkFaceConsistency@QuickHullFace@local@@QAE_NXZ@4_NA 10047875     QuickHullConvexHullLib.obj
 0003:00000876       ?_ignore@?L@??checkFaceConsistency@QuickHullFace@local@@QAE_NXZ@4_NA 10047876     QuickHullConvexHullLib.obj
 0003:00000877       ?_ignore@?M@??checkFaceConsistency@QuickHullFace@local@@QAE_NXZ@4_NA 10047877     QuickHullConvexHullLib.obj
 0003:00000878       ?_ignore@?2??preallocate@QuickHull@local@@QAEXI@Z@4_NA 10047878     QuickHullConvexHullLib.obj
 0003:00000879       ?_ignore@?2??parseInputVertices@QuickHull@local@@QAEXPBVPxVec3@physx@@I@Z@4_NA 10047879     QuickHullConvexHullLib.obj
 0003:0000087a       ?_ignore@?3??parseInputVertices@QuickHull@local@@QAEXPBVPxVec3@physx@@I@Z@4_NA 1004787a     QuickHullConvexHullLib.obj
 0003:0000087b       ?_ignore@?2??addSimplex@QuickHull@local@@IAEXPAUQuickHullVertex@3@_N@Z@4_NA 1004787b     QuickHullConvexHullLib.obj
 0003:0000087c       ?_ignore@?5??addPointToFace@QuickHull@local@@IAEXAAUQuickHullFace@3@PAUQuickHullVertex@3@M@Z@4_NA 1004787c     QuickHullConvexHullLib.obj
 0003:0000087d       ?_ignore@?2??removeEyePointFromFace@QuickHull@local@@IAEXAAUQuickHullFace@3@PBUQuickHullVertex@3@@Z@4_NA 1004787d     QuickHullConvexHullLib.obj
 0003:0000087e       ?_ignore@?7??postMergeHull@QuickHull@local@@IAEXXZ@4_NA 1004787e     QuickHullConvexHullLib.obj
 0003:0000087f       ?_ignore@?BE@??buildHull@QuickHull@local@@QAE?AW4Enum@QuickHullResult@3@XZ@4_NA 1004787f     QuickHullConvexHullLib.obj
 0003:00000880       ?_ignore@?N@??addPointToHull@QuickHull@local@@IAE_NPBUQuickHullVertex@3@AAUQuickHullFace@3@AA_N@Z@4_NA 10047880     QuickHullConvexHullLib.obj
 0003:00000881       ?_ignore@?CI@??doAdjacentMerge@QuickHull@local@@IAE_NAAUQuickHullFace@3@_NAA_N@Z@4_NA 10047881     QuickHullConvexHullLib.obj
 0003:00000882       ?_ignore@?BA@??doPostAdjacentMerge@QuickHull@local@@IAE_NAAUQuickHullFace@3@M@Z@4_NA 10047882     QuickHullConvexHullLib.obj
 0003:00000883       ?_ignore@?BA@??canMergeFaces@QuickHull@local@@IAE_NABUQuickHullHalfEdge@3@@Z@4_NA 10047883     QuickHullConvexHullLib.obj
 0003:00000884       ?_ignore@?CE@??createConvexHull@QuickHullConvexHullLib@physx@@UAE?AW4Enum@PxConvexMeshCookingResult@3@XZ@4_NA 10047884     QuickHullConvexHullLib.obj
 0003:00000885       ?_ignore@?BI@??expandHull@QuickHullConvexHullLib@physx@@IAE?AW4Enum@PxConvexMeshCookingResult@3@XZ@4_NA 10047885     QuickHullConvexHullLib.obj
 0003:00000886       ?_ignore@?BJ@??expandHullOBB@QuickHullConvexHullLib@physx@@IAE?AW4Enum@PxConvexMeshCookingResult@3@XZ@4_NA 10047886     QuickHullConvexHullLib.obj
 0003:00000887       ?_ignore@?4??createEdgeList@QuickHullConvexHullLib@physx@@UAE_NIPBEPAPAEPAPAG2@Z@4_NA 10047887     QuickHullConvexHullLib.obj
 0003:00000888       ?_ignore@?5??createEdgeList@QuickHullConvexHullLib@physx@@UAE_NIPBEPAPAEPAPAG2@Z@4_NA 10047888     QuickHullConvexHullLib.obj
 0003:00000889       ?_ignore@?6??createEdgeList@QuickHullConvexHullLib@physx@@UAE_NIPBEPAPAEPAPAG2@Z@4_NA 10047889     QuickHullConvexHullLib.obj
 0003:0000088a       ?_ignore@?7??createEdgeList@QuickHullConvexHullLib@physx@@UAE_NIPBEPAPAEPAPAG2@Z@4_NA 1004788a     QuickHullConvexHullLib.obj
 0003:0000088b       ?_ignore@?L@??createEdgeList@QuickHullConvexHullLib@physx@@UAE_NIPBEPAPAEPAPAG2@Z@4_NA 1004788b     QuickHullConvexHullLib.obj
 0003:0000088c       ?_ignore@?CD@??fillConvexMeshDescFromQuickHull@QuickHullConvexHullLib@physx@@IAEXAAVPxConvexMeshDesc@3@@Z@4_NA 1004788c     QuickHullConvexHullLib.obj
 0003:0000088d       ?_ignore@?2??fillConvexMeshDescFromCroppedHull@QuickHullConvexHullLib@physx@@IAEXAAVPxConvexMeshDesc@3@@Z@4_NA 1004788d     QuickHullConvexHullLib.obj
 0003:0000088e       ?_ignore@?9??fillConvexMeshDescFromCroppedHull@QuickHullConvexHullLib@physx@@IAEXAAVPxConvexMeshDesc@3@@Z@4_NA 1004788e     QuickHullConvexHullLib.obj
 0003:000008b0       ?maxV3Error@_VecMathTests@aos@shdfnd@physx@@3T__m128@@B 100478b0     VolumeIntegration.obj
 0003:000008c0       ?minFError@_VecMathTests@aos@shdfnd@physx@@3T__m128@@B 100478c0     VolumeIntegration.obj
 0003:000008d0       ?maxV4Error@_VecMathTests@aos@shdfnd@physx@@3T__m128@@B 100478d0     VolumeIntegration.obj
 0003:000008e0       ?minV4Error@_VecMathTests@aos@shdfnd@physx@@3T__m128@@B 100478e0     VolumeIntegration.obj
 0003:000008f0       ?minV3Error@_VecMathTests@aos@shdfnd@physx@@3T__m128@@B 100478f0     VolumeIntegration.obj
 0003:00000900       ?maxFError@_VecMathTests@aos@shdfnd@physx@@3T__m128@@B 10047900     VolumeIntegration.obj
 0003:00000913       ?_ignore@?4??computeVolumeIntegralsSIMD@VolumeIntegratorEberly@?A0x1ac2bfb0@physx@@QAE_NAAUPxIntegrals@4@ABVPxVec3@4@@Z@4_NA 10047913     VolumeIntegration.obj
 0003:00000914       ?gCookingDelayLoadHook@@3PBVPxDelayLoadHook@physx@@B 10047914     WindowsCookingDelayLoadHook.obj
 0003:0000093c       ?init@?1??_RTC_InitBase@@9@4_NA 1004793c     MSVCRTD:init.obj
 0003:00000948       ?__proc_attached@@3HA      10047948     MSVCRTD:dll_dllmain.obj
 0003:0000094c       ?_RTC_ErrorReportFunc@@3P6AHHPBDH00ZZA 1004794c     MSVCRTD:userapi.obj
 0003:00000950       ?_RTC_ErrorReportFuncW@@3P6AHHPB_WH00ZZA 10047950     MSVCRTD:userapi.obj
 0003:00000970       ?is_initialized_as_dll@@3_NA 10047970     MSVCRTD:utility.obj
 0003:00000971       ?module_local_atexit_table_initialized@@3_NA 10047971     MSVCRTD:utility.obj
 0003:00000974       ?module_local_atexit_table@@3U_onexit_table_t@@A 10047974     MSVCRTD:utility.obj
 0003:00000980       ?module_local_at_quick_exit_table@@3U_onexit_table_t@@A 10047980     MSVCRTD:utility.obj
 0003:00000998       ?mspdb@@3PAUHINSTANCE__@@A 10047998     MSVCRTD:pdblkup.obj
 0003:0000099c       ?alreadyTried@?1??GetPdbDll@@YAPAUHINSTANCE__@@XZ@4_NA 1004799c     MSVCRTD:pdblkup.obj
 0003:0000099d       ?PDBOK@?1??_RTC_GetSrcLine@@YAHPAEPA_WKPAH1K@Z@4_NA 1004799d     MSVCRTD:pdblkup.obj
 0003:000009a0       _GS_ExceptionRecord        100479a0     MSVCRTD:gs_report.obj
 0003:000009f0       _GS_ContextRecord          100479f0     MSVCRTD:gs_report.obj
 0004:000000a0       $R000000                   100480a0     PhysXCooking.res
 0004:000003d0       $R000330                   100483d0     PhysXCooking.res
